$ node scripts/generate-api.mjs --check && tsc --noEmit && node --test tests/*.test.mjs
✔ session bootstrap requires server identity and a nonempty CSRF token (3.765094ms)
✔ engagement responses require every explicit scope and a current audit role (1.386489ms)
✔ a shaped response cannot silently change any selected scope identifier (62.117641ms)
✔ scope IDs and Unicode label bounds match stored and HTTP contracts (2.354358ms)
✔ bounded pages preserve identical local IDs across scopes and request all cursor parts (2.596111ms)
✔ already expired logout is success while refusal and outage remain errors (0.733603ms)
✔ session identity cannot introduce an invalid actor binding or unbounded header (0.269332ms)
✔ JSON response bodies are bounded even without a truthful Content-Length (4.068623ms)
✔ session mismatch withdraws projections and preserves uncertain work without making it dismissible conflict (26.550287ms)
✔ outbox persists immutable meaning per actor and complete scope, never credentials (2.85164ms)
✔ ordinary uncertain work leaves bounded independent Pause/Stop recovery capacity (1.428801ms)
✔ storage failure prevents even starting admission and preserves editable caller input (7.696053ms)
✔ lost committed acknowledgement survives reload and retry sends original meaning with fresh access (4.096084ms)
✔ reconciliation requires original author plus exact key, content and target, never a similar echo (4.505596ms)
✔ retry refuses changed actor and revoked membership before any transmission (3.023743ms)
✔ old snapshot and old acknowledgement cannot repopulate withdrawn projections or remove uncertain recovery (1.633975ms)
✔ 409 preserves exact original bytes with an explicit refused state (3.557001ms)
✔ Pause admission remains independent of a blocked read and another pending write (2.308996ms)
✔ new access generation ignores a late failure from an older read (0.828711ms)
✔ reserved first-send and same-key retry never wait on ordinary access reads (2.239225ms)
✔ reserved retry with replaced cookie refuses without adopting another actor (2.432128ms)
✔ only a definite refusal can be dismissed; uncertain requests keep their exact recovery key (1.292689ms)
✔ same-scope checking preserves hidden nodes while failures withdraw all projection content (0.871146ms)
✔ later Task pages refresh after invalidation and never accumulate an unbounded buffer (2.125113ms)
✔ ordinary retry refreshes access even when an App session is still in memory (1.711039ms)
✔ concurrent storage reservations preserve immutable records and the scoped quota (1.048404ms)
✔ global recovery capacity and storage scanning are bounded without reading another actor content (7.498198ms)
✔ an obsolete history failure cannot erase a newer explicitly resynchronised view (1.7764ms)
✔ a continued Task stays on its later page so an old composer cycle remains visibly stale (1.232835ms)
✔ successful reconnect clears the transient read failure after restoring server content (1.541301ms)
✔ successful snapshots and outage recovery preserve unresolved command refusals (4.75603ms)
✔ a successful projection cannot clear an unresolved recovery-storage send failure (1.175322ms)
✔ a later Task page cannot begin before its snapshot or remain stale behind the installed watermark (4.982006ms)
✔ R1 a persisted handoff survives access revalidation without sending under its obsolete generation (1.993205ms)
✔ R1 late persistence after withdrawal remains saved without exposing or transmitting it (0.931201ms)
✔ R2 a replaced or aborted inspection cannot withdraw a newer verified conversation on failure (3.35624ms)
✔ R2 a newer accepted projection fences old inspection success and failure (2.43631ms)
✔ R3 exact durable echo wins over a later lost reply without inventing unsaved uncertainty (2.867702ms)
✔ R3 fresh authority refusal still withdraws after an exact durable echo (3.633725ms)
✔ R4 dismissing a refusal clears only that operation notice and it stays cleared after later reads (7.258285ms)
✔ R4 dismissing a refusal cannot erase an unrelated storage failure notice (1.994655ms)
✔ R5 other-tab creation and dismissal refresh only the matching bounded outbox without replay (1.548795ms)
✔ R5 irrelevant bindings never inspect payloads and relevant bursts coalesce behind an access fence (2.384286ms)
✔ R3 a different author or different meaning is never receipt evidence for an in-flight request (2.354798ms)
✔ R8 current activity advances independently while the displayed history page stays fixed (1.59078ms)
✔ R4 a successful retry storage read clears its own prior failure including a verified absent key (2.224451ms)
✔ R4 successful refusal dismissal clears only its own storage warning including verified absence (3.129634ms)
✔ async outbox retry reads cannot transmit after access changes while persistence is loading (2.816428ms)
✔ async status persistence is fenced immediately before any command POST (1.827726ms)
✔ out-of-order async reconciliation cannot restore an outbox row removed by a newer transaction (1.522605ms)
✔ late async reconciliation failures cannot overwrite a newer access generation (1.602215ms)
✔ an asynchronous status-write failure prevents transmission and retains the exact reserved request (1.812299ms)
✔ a late asynchronous refusal-removal failure cannot restore notices after withdrawal (1.711255ms)
✔ status-only storage updates cannot resurrect an already removed operation (0.589297ms)
✔ own legacy preview recovery blocks reads and new sends with an explicit fixed notice (0.964675ms)
✔ unknown persistence errors never expose untrusted storage text (1.131428ms)
✔ a known receipt survives asynchronous removal failure and recovery retries cleanup without admission (3.182192ms)
✔ an exact durable echo survives failed reconciliation and a late POST failure without retransmission (3.773972ms)
✔ controller disposal closes recovery storage while temporary access checks leave it open (1.778054ms)
✔ replacement disposes the old controller without allowing its late acknowledgement to erase recovery (1.291172ms)
✔ create reconciliation compares exact supplied context including absent versus explicitly empty context (5.079681ms)
✔ guide reconciliation compares exact supplied context including absent versus explicitly empty context (3.758907ms)
✔ Guide recovery retries the full frozen context after reload without inferring current defaults (2.368071ms)
✔ every workspace read binds the current session and preserves mismatch status distinctly from command conflicts (46.020038ms)
✔ decimal cursors retain precision and bounded canonical integer representation (0.31415ms)
✔ snapshot validates audience, composite scope, author and command binding before exposure (5.944799ms)
✔ latest activity is bounded and remains independent of the displayed message and Task pages (4.033597ms)
✔ guidance and continuation retain source target and original receipt distinctions (0.505237ms)
✔ history is complete bounded descending pagination with ascending immutable page rows (5.829743ms)
✔ delivery validates contiguous bounded feed without advancing over omitted rows (3.928597ms)
✔ content uses exact Rust whitespace, Unicode byte and control bounds (1.637345ms)
✔ every command routes to its authoritative admission lane with exact body and fresh CSRF (5.930612ms)
✔ future cursors, explicit gaps, and impossible Applied facts cannot become current state (0.48358ms)
✔ PostgreSQL TCP endpoint preserves IPv6 and port precedence (2.037543ms)
✔ invalid effective ports fail with a fixed secret-safe diagnostic (0.971698ms)
✔ resolved IPv6 and PGPORT endpoints connect to real loopback sockets (34.117379ms)
✔ default resolver reads PGPORT from the environment (1.059477ms)
✔ browser DatabaseProxy routes IPv6 and PGPORT, disconnects and recovers (25.37377ms)
✔ shared Rust/browser Unicode metadata parity preserves filename and recovery exactly (28.145283ms)
✔ shared Rust/browser Unicode metadata parity preserves system and recovery exactly (23.559641ms)
✔ shared Rust/browser Unicode metadata parity preserves account and recovery exactly (21.420199ms)
✔ shared Rust/browser Unicode metadata parity preserves source_version and recovery exactly (21.287033ms)
✔ shared Rust/browser Unicode metadata parity preserves selection and recovery exactly (22.969677ms)
✔ shared Rust/browser Unicode metadata parity preserves coverage and recovery exactly (20.039871ms)
✔ new evidence input trims Unicode White_Space while preserving FEFF and internal values (0.558302ms)
✔ evidence parser binds scope, immutable identity and non-null version without propagating private fields (2.771347ms)
✔ reservation retry sends unchanged attributed payload and enforces the expected session (42.10712ms)
✔ completed metadata is refused after account or same-actor session replacement (3.207665ms)
✔ authenticated download verifies bounded actual bytes and content identity before disclosure (20.158343ms)
✔ completed download bytes remain fenced across same-actor session replacement (1.982562ms)
✔ browser recovery retains exact reservation only for the same session and composite scope (5.758809ms)
✔ download filename strips path and header controls (0.594173ms)
✔ maximum valid escaped assertions retain their exact immutable recovery envelope (3.451328ms)
✔ durable reservation quota is distinguished from conflict and transient I/O capacity (2.823591ms)
✔ bounded evidence pages validate ordering, exact final cursor and explicit storage configuration (4.7512ms)
✔ plain-text preview refuses more than 100 lines or 64 KiB before rendering (1.662348ms)
✔ the real API contract distinguishes live, ready, and unavailable (1.888274ms)
✔ bad HTTP status, schema, service, or payload can never become ready (1.614457ms)
✔ admin projection accepts Admin-only membership independently from assigned audit access (5.293063ms)
✔ membership projections refuse foreign orgs, unbounded or duplicate lists and malformed authority (2.721917ms)
✔ each bounded membership page validates its final cursor, including compound engagement scope (1.087321ms)
✔ membership reads bind the expected session and omit cleared pagination values (56.662328ms)
✔ each Save and exact retry verifies current session, retains its exact body and verifies receipt audience (5.292344ms)
✔ obsolete-session retry sends no POST and a changed post-response session cannot expose a receipt (4.461923ms)
✔ membership Save allowlists the last_admin header before its bounded conflict body (32.567462ms)
✔ the last_admin header settles before stalled or delayed bodies despite cancellation never settling (2.875695ms)
✔ a successful Save still decodes its receipt when an error-code header is present (1.675506ms)
✔ a stalled or partial conflict body cannot hold Save open, even when cancellation stalls (755.681544ms)
✔ oversized conflict bodies cancel without waiting for cleanup, including dishonest lengths (4.278184ms)
✔ a complete conflict body decodes once and releases its reader without cancelling the stream (0.744027ms)
✔ private invitations use random bounded fragment secrets and scrub even malformed input from history (1.771433ms)
✔ invitation issue and acceptance put secrets only in an explicit POST body (2.961913ms)
✔ authenticated invitation preview validates fixed access, bounds assignments and sends its secret only in a body (2.086816ms)
✔ membership expiry renewal uses explicit bounded UTC values and shows effective status (0.729132ms)
✔ legacy assignments remain bounded with an explicit incomplete projection and independently checked pages (2.634478ms)
✔ methodology projections preserve exact attributed criteria/templates and large revisions, excluding unknown fields (8.901299ms)
✔ Task basis retains legitimate history and notices beyond the configuration input limits (22.070812ms)
✔ methodology refuses malformed dates, revisions, scopes, controls and unbounded definitions (1.012464ms)
✔ Unicode label, source, criteria and template parsing matches Rust White_Space without trimming FEFF (1.023942ms)
✔ exact Save retries retain frozen key, body, schedule and actor with pre/post session checks (45.031714ms)
✔ replaced session fences initial Save and post-response receipt disclosure (2.304917ms)
✔ current metadata and Task reads bind exact session and scope before publication (3.191648ms)
✔ optional Create and Guide context survive exact command recovery while controls refuse context (0.873387ms)
✔ uncertain in-memory Save custody survives a same-session remount and clears for a changed audience (0.639721ms)
✔ conversation echo preserves submitted context without inventing resolved defaults (1.043008ms)
✔ methodology limitations use human requirement labels while unknown codes have a safe inspection path (0.660266ms)
✔ a first 429 refusal releases the draft while a throttled uncertain retry keeps exact request custody (0.225362ms)
✔ Undo, historical Edit and revision recovery follow exact successor links across overlapping independent packages (1.74675ms)
✔ optional label and field behavior preserve untouched null, supplied values and explicit empty arrays (0.373681ms)
✔ mixed adopted and neutral basis keeps exact neutral field and template source attribution without changing status (0.721184ms)
✔ proxy failure never logs callback query or cookie credentials (327.037086ms)
ℹ tests 131
ℹ suites 0
ℹ pass 131
ℹ fail 0
ℹ cancelled 0
ℹ skipped 0
ℹ todo 0
ℹ duration_ms 1675.307985
