$ node scripts/generate-api.mjs --check && tsc --noEmit && node --test tests/*.test.mjs
✔ session bootstrap requires server identity and a nonempty CSRF token (2.064061ms)
✔ engagement responses require every explicit scope and a current audit role (1.571553ms)
✔ a shaped response cannot silently change any selected scope identifier (57.557411ms)
✔ scope IDs and Unicode label bounds match stored and HTTP contracts (2.428805ms)
✔ bounded pages preserve identical local IDs across scopes and request all cursor parts (3.290599ms)
✔ already expired logout is success while refusal and outage remain errors (1.575913ms)
✔ session identity cannot introduce an invalid actor binding or unbounded header (0.433423ms)
✔ JSON response bodies are bounded even without a truthful Content-Length (5.995419ms)
✔ session mismatch withdraws projections and preserves uncertain work without making it dismissible conflict (28.460821ms)
✔ outbox persists immutable meaning per actor and complete scope, never credentials (3.168529ms)
✔ ordinary uncertain work leaves bounded independent Pause/Stop recovery capacity (1.979091ms)
✔ storage failure prevents even starting admission and preserves editable caller input (4.349228ms)
✔ lost committed acknowledgement survives reload and retry sends original meaning with fresh access (6.877018ms)
✔ reconciliation requires original author plus exact key, content and target, never a similar echo (5.200621ms)
✔ retry refuses changed actor and revoked membership before any transmission (3.335705ms)
✔ old snapshot and old acknowledgement cannot repopulate withdrawn projections or remove uncertain recovery (3.143429ms)
✔ 409 preserves exact original bytes with an explicit refused state (5.390052ms)
✔ Pause admission remains independent of a blocked read and another pending write (3.009052ms)
✔ new access generation ignores a late failure from an older read (1.017987ms)
✔ reserved first-send and same-key retry never wait on ordinary access reads (1.682325ms)
✔ reserved retry with replaced cookie refuses without adopting another actor (1.544562ms)
✔ only a definite refusal can be dismissed; uncertain requests keep their exact recovery key (1.850998ms)
✔ same-scope checking preserves hidden nodes while failures withdraw all projection content (0.802124ms)
✔ later Task pages refresh after invalidation and never accumulate an unbounded buffer (3.073672ms)
✔ ordinary retry refreshes access even when an App session is still in memory (2.033558ms)
✔ concurrent storage reservations preserve immutable records and the scoped quota (1.06409ms)
✔ global recovery capacity and storage scanning are bounded without reading another actor content (5.686447ms)
✔ an obsolete history failure cannot erase a newer explicitly resynchronised view (2.277729ms)
✔ a continued Task stays on its later page so an old composer cycle remains visibly stale (1.524161ms)
✔ successful reconnect clears the transient read failure after restoring server content (1.069993ms)
✔ successful snapshots and outage recovery preserve unresolved command refusals (4.57995ms)
✔ a successful projection cannot clear an unresolved recovery-storage send failure (1.09562ms)
✔ a later Task page cannot begin before its snapshot or remain stale behind the installed watermark (2.434652ms)
✔ R1 a persisted handoff survives access revalidation without sending under its obsolete generation (1.419992ms)
✔ R1 late persistence after withdrawal remains saved without exposing or transmitting it (1.199498ms)
✔ R2 a replaced or aborted inspection cannot withdraw a newer verified conversation on failure (3.261159ms)
✔ R2 a newer accepted projection fences old inspection success and failure (2.906809ms)
✔ R3 exact durable echo wins over a later lost reply without inventing unsaved uncertainty (3.171637ms)
✔ R3 fresh authority refusal still withdraws after an exact durable echo (9.242599ms)
✔ R4 dismissing a refusal clears only that operation notice and it stays cleared after later reads (8.15867ms)
✔ R4 dismissing a refusal cannot erase an unrelated storage failure notice (2.196578ms)
✔ R5 other-tab creation and dismissal refresh only the matching bounded outbox without replay (1.297814ms)
✔ R5 irrelevant bindings never inspect payloads and relevant bursts coalesce behind an access fence (1.121691ms)
✔ R3 a different author or different meaning is never receipt evidence for an in-flight request (2.79911ms)
✔ R8 current activity advances independently while the displayed history page stays fixed (1.308178ms)
✔ R4 a successful retry storage read clears its own prior failure including a verified absent key (1.942283ms)
✔ R4 successful refusal dismissal clears only its own storage warning including verified absence (2.172188ms)
✔ async outbox retry reads cannot transmit after access changes while persistence is loading (1.095605ms)
✔ async status persistence is fenced immediately before any command POST (2.171969ms)
✔ out-of-order async reconciliation cannot restore an outbox row removed by a newer transaction (2.044096ms)
✔ late async reconciliation failures cannot overwrite a newer access generation (1.052227ms)
✔ an asynchronous status-write failure prevents transmission and retains the exact reserved request (1.687585ms)
✔ a late asynchronous refusal-removal failure cannot restore notices after withdrawal (1.744929ms)
✔ status-only storage updates cannot resurrect an already removed operation (0.425731ms)
✔ own legacy preview recovery blocks reads and new sends with an explicit fixed notice (1.834523ms)
✔ unknown persistence errors never expose untrusted storage text (1.247411ms)
✔ a known receipt survives asynchronous removal failure and recovery retries cleanup without admission (3.190451ms)
✔ an exact durable echo survives failed reconciliation and a late POST failure without retransmission (3.757649ms)
✔ controller disposal closes recovery storage while temporary access checks leave it open (1.468161ms)
✔ replacement disposes the old controller without allowing its late acknowledgement to erase recovery (1.772089ms)
✔ create reconciliation compares exact supplied context including absent versus explicitly empty context (8.270029ms)
✔ guide reconciliation compares exact supplied context including absent versus explicitly empty context (3.998064ms)
✔ Guide recovery retries the full frozen context after reload without inferring current defaults (1.856927ms)
✔ every workspace read binds the current session and preserves mismatch status distinctly from command conflicts (62.043819ms)
✔ decimal cursors retain precision and bounded canonical integer representation (0.623665ms)
✔ snapshot validates audience, composite scope, author and command binding before exposure (3.915419ms)
✔ latest activity is bounded and remains independent of the displayed message and Task pages (2.826519ms)
✔ guidance and continuation retain source target and original receipt distinctions (1.297066ms)
✔ history is complete bounded descending pagination with ascending immutable page rows (5.85337ms)
✔ delivery validates contiguous bounded feed without advancing over omitted rows (0.779547ms)
✔ content uses exact Rust whitespace, Unicode byte and control bounds (0.446064ms)
✔ every command routes to its authoritative admission lane with exact body and fresh CSRF (13.536192ms)
✔ future cursors, explicit gaps, and impossible Applied facts cannot become current state (0.749299ms)
✔ PostgreSQL TCP endpoint preserves IPv6 and port precedence (3.002073ms)
✔ invalid effective ports fail with a fixed secret-safe diagnostic (1.013698ms)
✔ resolved IPv6 and PGPORT endpoints connect to real loopback sockets (32.475948ms)
✔ default resolver reads PGPORT from the environment (1.237385ms)
✔ browser DatabaseProxy routes IPv6 and PGPORT, disconnects and recovers (36.034145ms)
✔ shared Rust/browser Unicode metadata parity preserves filename and recovery exactly (33.675126ms)
✔ shared Rust/browser Unicode metadata parity preserves system and recovery exactly (27.696905ms)
✔ shared Rust/browser Unicode metadata parity preserves account and recovery exactly (34.03838ms)
✔ shared Rust/browser Unicode metadata parity preserves source_version and recovery exactly (29.190085ms)
✔ shared Rust/browser Unicode metadata parity preserves selection and recovery exactly (30.589373ms)
✔ shared Rust/browser Unicode metadata parity preserves coverage and recovery exactly (31.858385ms)
✔ new evidence input trims Unicode White_Space while preserving FEFF and internal values (0.963864ms)
✔ evidence parser binds scope, immutable identity and non-null version without propagating private fields (0.849934ms)
✔ reservation retry sends unchanged attributed payload and enforces the expected session (45.973787ms)
✔ completed metadata is refused after account or same-actor session replacement (5.302944ms)
✔ authenticated download verifies bounded actual bytes and content identity before disclosure (8.337108ms)
✔ completed download bytes remain fenced across same-actor session replacement (2.099318ms)
✔ browser recovery retains exact reservation only for the same session and composite scope (7.367894ms)
✔ download filename strips path and header controls (0.856699ms)
✔ maximum valid escaped assertions retain their exact immutable recovery envelope (3.419616ms)
✔ durable reservation quota is distinguished from conflict and transient I/O capacity (4.95512ms)
✔ bounded evidence pages validate ordering, exact final cursor and explicit storage configuration (17.106303ms)
✔ plain-text preview refuses more than 100 lines or 64 KiB before rendering (2.796765ms)
✔ the real API contract distinguishes live, ready, and unavailable (1.545647ms)
✔ bad HTTP status, schema, service, or payload can never become ready (1.258222ms)
✔ admin projection accepts Admin-only membership independently from assigned audit access (3.933546ms)
✔ membership projections refuse foreign orgs, unbounded or duplicate lists and malformed authority (3.34479ms)
✔ each bounded membership page validates its final cursor, including compound engagement scope (1.244948ms)
✔ membership reads bind the expected session and omit cleared pagination values (53.028743ms)
✔ each Save and exact retry verifies current session, retains its exact body and verifies receipt audience (3.72208ms)
✔ obsolete-session retry sends no POST and a changed post-response session cannot expose a receipt (3.380089ms)
✔ membership Save allowlists the last_admin header before its bounded conflict body (27.317922ms)
✔ the last_admin header settles before stalled or delayed bodies despite cancellation never settling (4.614499ms)
✔ a successful Save still decodes its receipt when an error-code header is present (1.035406ms)
✔ a stalled or partial conflict body cannot hold Save open, even when cancellation stalls (754.538428ms)
✔ oversized conflict bodies cancel without waiting for cleanup, including dishonest lengths (2.125493ms)
✔ a complete conflict body decodes once and releases its reader without cancelling the stream (0.894678ms)
✔ private invitations use random bounded fragment secrets and scrub even malformed input from history (1.626975ms)
✔ invitation issue and acceptance put secrets only in an explicit POST body (1.651906ms)
✔ authenticated invitation preview validates fixed access, bounds assignments and sends its secret only in a body (1.012687ms)
✔ membership expiry renewal uses explicit bounded UTC values and shows effective status (0.727775ms)
✔ legacy assignments remain bounded with an explicit incomplete projection and independently checked pages (1.751171ms)
✔ methodology projections preserve exact attributed criteria/templates and large revisions, excluding unknown fields (8.57503ms)
✔ Task basis retains legitimate history and notices beyond the configuration input limits (18.171769ms)
✔ methodology refuses malformed dates, revisions, scopes, controls and unbounded definitions (2.674998ms)
✔ Unicode label, source, criteria and template parsing matches Rust White_Space without trimming FEFF (1.18461ms)
✔ exact Save retries retain frozen key, body, schedule and actor with pre/post session checks (38.926203ms)
✔ replaced session fences initial Save and post-response receipt disclosure (1.359298ms)
✔ current metadata and Task reads bind exact session and scope before publication (45.534294ms)
✔ optional Create and Guide context survive exact command recovery while controls refuse context (0.857997ms)
✔ uncertain in-memory Save custody survives a same-session remount and clears for a changed audience (0.952098ms)
✔ conversation echo preserves submitted context without inventing resolved defaults (0.997025ms)
✔ methodology limitations use human requirement labels while unknown codes have a safe inspection path (0.429731ms)
✔ a first 429 refusal releases the draft while a throttled uncertain retry keeps exact request custody (0.255779ms)
✔ Undo, historical Edit and revision recovery follow exact successor links across overlapping independent packages (0.644187ms)
✔ optional label and field behavior preserve untouched null, supplied values and explicit empty arrays (2.412042ms)
✔ mixed adopted and neutral basis keeps exact neutral field and template source attribution without changing status (0.42119ms)
✔ proxy failure never logs callback query or cookie credentials (203.237021ms)
ℹ tests 131
ℹ suites 0
ℹ pass 131
ℹ fail 0
ℹ cancelled 0
ℹ skipped 0
ℹ todo 0
ℹ duration_ms 1579.626145
