$ node scripts/generate-api.mjs --check && tsc --noEmit && node --test tests/*.test.mjs
✔ session bootstrap requires server identity and a nonempty CSRF token (1.457624ms)
✔ engagement responses require every explicit scope and a current audit role (0.968973ms)
✔ a shaped response cannot silently change any selected scope identifier (41.264141ms)
✔ scope IDs and Unicode label bounds match stored and HTTP contracts (0.902564ms)
✔ bounded pages preserve identical local IDs across scopes and request all cursor parts (1.977961ms)
✔ already expired logout is success while refusal and outage remain errors (1.069384ms)
✔ session identity cannot introduce an invalid actor binding or unbounded header (0.311183ms)
✔ JSON response bodies are bounded even without a truthful Content-Length (3.462394ms)
✔ session mismatch withdraws projections and preserves uncertain work without making it dismissible conflict (18.029239ms)
✔ outbox persists immutable meaning per actor and complete scope, never credentials (2.587601ms)
✔ ordinary uncertain work leaves bounded independent Pause/Stop recovery capacity (1.440568ms)
✔ storage failure prevents even starting admission and preserves editable caller input (14.56324ms)
✔ lost committed acknowledgement survives reload and retry sends original meaning with fresh access (9.061209ms)
✔ reconciliation requires original author plus exact key, content and target, never a similar echo (5.015358ms)
✔ retry refuses changed actor and revoked membership before any transmission (3.46895ms)
✔ old snapshot and old acknowledgement cannot repopulate withdrawn projections or remove uncertain recovery (3.017911ms)
✔ 409 preserves exact original bytes with an explicit refused state (4.747663ms)
✔ Pause admission remains independent of a blocked read and another pending write (3.138797ms)
✔ new access generation ignores a late failure from an older read (1.935432ms)
✔ reserved first-send and same-key retry never wait on ordinary access reads (2.285386ms)
✔ reserved retry with replaced cookie refuses without adopting another actor (1.795118ms)
✔ only a definite refusal can be dismissed; uncertain requests keep their exact recovery key (2.039437ms)
✔ same-scope checking preserves hidden nodes while failures withdraw all projection content (1.148501ms)
✔ later Task pages refresh after invalidation and never accumulate an unbounded buffer (1.785737ms)
✔ ordinary retry refreshes access even when an App session is still in memory (2.111657ms)
✔ concurrent storage reservations preserve immutable records and the scoped quota (1.948411ms)
✔ global recovery capacity and storage scanning are bounded without reading another actor content (6.468836ms)
✔ an obsolete history failure cannot erase a newer explicitly resynchronised view (2.812453ms)
✔ a continued Task stays on its later page so an old composer cycle remains visibly stale (1.475891ms)
✔ successful reconnect clears the transient read failure after restoring server content (1.470177ms)
✔ successful snapshots and outage recovery preserve unresolved command refusals (2.746105ms)
✔ a successful projection cannot clear an unresolved recovery-storage send failure (1.074517ms)
✔ a later Task page cannot begin before its snapshot or remain stale behind the installed watermark (3.294426ms)
✔ R1 a persisted handoff survives access revalidation without sending under its obsolete generation (1.930579ms)
✔ R1 late persistence after withdrawal remains saved without exposing or transmitting it (1.052181ms)
✔ R2 a replaced or aborted inspection cannot withdraw a newer verified conversation on failure (5.408196ms)
✔ R2 a newer accepted projection fences old inspection success and failure (11.885668ms)
✔ R3 exact durable echo wins over a later lost reply without inventing unsaved uncertainty (2.611303ms)
✔ R3 fresh authority refusal still withdraws after an exact durable echo (1.723394ms)
✔ R4 dismissing a refusal clears only that operation notice and it stays cleared after later reads (5.314975ms)
✔ R4 dismissing a refusal cannot erase an unrelated storage failure notice (3.31171ms)
✔ R5 other-tab creation and dismissal refresh only the matching bounded outbox without replay (2.591435ms)
✔ R5 irrelevant bindings never inspect payloads and relevant bursts coalesce behind an access fence (1.235618ms)
✔ R3 a different author or different meaning is never receipt evidence for an in-flight request (2.479555ms)
✔ R8 current activity advances independently while the displayed history page stays fixed (1.604687ms)
✔ R4 a successful retry storage read clears its own prior failure including a verified absent key (1.673246ms)
✔ R4 successful refusal dismissal clears only its own storage warning including verified absence (2.350747ms)
✔ async outbox retry reads cannot transmit after access changes while persistence is loading (3.001184ms)
✔ async status persistence is fenced immediately before any command POST (1.506813ms)
✔ out-of-order async reconciliation cannot restore an outbox row removed by a newer transaction (3.122855ms)
✔ late async reconciliation failures cannot overwrite a newer access generation (1.245633ms)
✔ an asynchronous status-write failure prevents transmission and retains the exact reserved request (1.344482ms)
✔ a late asynchronous refusal-removal failure cannot restore notices after withdrawal (3.053111ms)
✔ status-only storage updates cannot resurrect an already removed operation (0.473291ms)
✔ own legacy preview recovery blocks reads and new sends with an explicit fixed notice (3.706668ms)
✔ unknown persistence errors never expose untrusted storage text (1.045811ms)
✔ a known receipt survives asynchronous removal failure and recovery retries cleanup without admission (2.314178ms)
✔ an exact durable echo survives failed reconciliation and a late POST failure without retransmission (1.928891ms)
✔ controller disposal closes recovery storage while temporary access checks leave it open (2.044695ms)
✔ replacement disposes the old controller without allowing its late acknowledgement to erase recovery (1.671505ms)
✔ create reconciliation compares exact supplied context including absent versus explicitly empty context (6.736768ms)
✔ guide reconciliation compares exact supplied context including absent versus explicitly empty context (2.98817ms)
✔ Guide recovery retries the full frozen context after reload without inferring current defaults (1.75461ms)
✔ every workspace read binds the current session and preserves mismatch status distinctly from command conflicts (82.241573ms)
✔ decimal cursors retain precision and bounded canonical integer representation (0.705875ms)
✔ snapshot validates audience, composite scope, author and command binding before exposure (3.703558ms)
✔ latest activity is bounded and remains independent of the displayed message and Task pages (4.691002ms)
✔ guidance and continuation retain source target and original receipt distinctions (0.673904ms)
✔ history is complete bounded descending pagination with ascending immutable page rows (8.600733ms)
✔ delivery validates contiguous bounded feed without advancing over omitted rows (1.753648ms)
✔ content uses exact Rust whitespace, Unicode byte and control bounds (0.534237ms)
✔ every command routes to its authoritative admission lane with exact body and fresh CSRF (10.03614ms)
✔ future cursors, explicit gaps, and impossible Applied facts cannot become current state (1.778696ms)
✔ PostgreSQL TCP endpoint preserves IPv6 and port precedence (2.730297ms)
✔ invalid effective ports fail with a fixed secret-safe diagnostic (1.016846ms)
✔ resolved IPv6 and PGPORT endpoints connect to real loopback sockets (32.844936ms)
✔ default resolver reads PGPORT from the environment (0.690307ms)
✔ browser DatabaseProxy routes IPv6 and PGPORT, disconnects and recovers (27.861684ms)
✔ shared Rust/browser Unicode metadata parity preserves filename and recovery exactly (37.378386ms)
✔ shared Rust/browser Unicode metadata parity preserves system and recovery exactly (38.684195ms)
✔ shared Rust/browser Unicode metadata parity preserves account and recovery exactly (39.215812ms)
✔ shared Rust/browser Unicode metadata parity preserves source_version and recovery exactly (31.347842ms)
✔ shared Rust/browser Unicode metadata parity preserves selection and recovery exactly (31.853457ms)
✔ shared Rust/browser Unicode metadata parity preserves coverage and recovery exactly (32.230635ms)
✔ new evidence input trims Unicode White_Space while preserving FEFF and internal values (0.700684ms)
✔ evidence parser binds scope, immutable identity and non-null version without propagating private fields (0.766683ms)
✔ reservation retry sends unchanged attributed payload and enforces the expected session (54.194939ms)
✔ completed metadata is refused after account or same-actor session replacement (3.831803ms)
✔ authenticated download verifies bounded actual bytes and content identity before disclosure (10.751962ms)
✔ completed download bytes remain fenced across same-actor session replacement (1.985109ms)
✔ browser recovery retains exact reservation only for the same session and composite scope (2.032733ms)
✔ download filename strips path and header controls (3.116697ms)
✔ maximum valid escaped assertions retain their exact immutable recovery envelope (2.733102ms)
✔ durable reservation quota is distinguished from conflict and transient I/O capacity (2.994702ms)
✔ bounded evidence pages validate ordering, exact final cursor and explicit storage configuration (8.474965ms)
✔ plain-text preview refuses more than 100 lines or 64 KiB before rendering (3.215526ms)
✔ the real API contract distinguishes live, ready, and unavailable (1.337677ms)
✔ bad HTTP status, schema, service, or payload can never become ready (0.614836ms)
✔ knowledge preserves exact BOM/CRLF/emoji, source byte location, author and large revision (5.890311ms)
✔ scope and certainty parsing keep personal, firm, client and engagement distinct (0.721757ms)
✔ bounded pages enforce exact Task, stable ASCII order and honest page cursor (4.647448ms)
✔ periods stay explicitly unknown and reject incomplete or invalid date ranges (1.37249ms)
✔ scan-limited partial pages advance only from a disclosed ordered record and never invent an empty cursor (9.256015ms)
✔ only the allowlisted typed owner preference is disclosed privately (1.041906ms)
✔ receipt parsing retains current status instead of reviving a corrected record (1.079992ms)
✔ private knowledge drafts survive exact-owner remount in memory and clear on replacement and scope denial (1.489067ms)
✔ custody refuses prospective overflow without evicting uncertain commands or silently replacing drafts (21.014558ms)
✔ knowledge reads use exact-session scope and reject delayed replacement before disclosing content (60.966513ms)
✔ exact lookup binds both record and revision independently of pagination (3.788048ms)
✔ buffered knowledge revalidates exact query, source statuses and Task basis before disclosure (2.847383ms)
✔ mutation sends one captured exact command with actor/CSRF/session fencing and checks session after receipt (4.304059ms)
✔ knowledge and preference ports preserve the ordinary 4 MiB response cap (33.387858ms)
✔ actual API omission response fixture passes the unchanged strict page and source parsers (1.952459ms)
✔ scope navigation drops only unsent drafts and preserves exact pending custody until true denial or replacement (0.869368ms)
✔ preference outcomes retain only attributable receipt and destinations under exact owner custody (3.819536ms)
✔ only public source I/O requests receive the bounded 120 second deadline (0.134394ms)
✔ support references serialize only canonical scope identity from a wider Engagement projection (0.194948ms)
✔ admin projection accepts Admin-only membership independently from assigned audit access (4.188457ms)
✔ membership projections refuse foreign orgs, unbounded or duplicate lists and malformed authority (2.386475ms)
✔ each bounded membership page validates its final cursor, including compound engagement scope (1.050517ms)
✔ membership reads bind the expected session and omit cleared pagination values (36.340967ms)
✔ each Save and exact retry verifies current session, retains its exact body and verifies receipt audience (3.285286ms)
✔ obsolete-session retry sends no POST and a changed post-response session cannot expose a receipt (1.981182ms)
✔ membership Save allowlists the last_admin header before its bounded conflict body (13.190756ms)
✔ the last_admin header settles before stalled or delayed bodies despite cancellation never settling (3.351425ms)
✔ a successful Save still decodes its receipt when an error-code header is present (0.990796ms)
✔ a stalled or partial conflict body cannot hold Save open, even when cancellation stalls (760.640696ms)
✔ oversized conflict bodies cancel without waiting for cleanup, including dishonest lengths (5.59429ms)
✔ a complete conflict body decodes once and releases its reader without cancelling the stream (1.519116ms)
✔ private invitations use random bounded fragment secrets and scrub even malformed input from history (3.503261ms)
✔ invitation issue and acceptance put secrets only in an explicit POST body (1.81813ms)
✔ authenticated invitation preview validates fixed access, bounds assignments and sends its secret only in a body (1.11848ms)
✔ membership expiry renewal uses explicit bounded UTC values and shows effective status (0.945168ms)
✔ legacy assignments remain bounded with an explicit incomplete projection and independently checked pages (1.695839ms)
✔ memory custody preserves exact unsent edit/lineage/activation and isolates clone mutations and organisation (5.044122ms)
✔ recall custody retains exact reason and expected version/revision/key through transient remount (0.706939ms)
✔ replacement by actor or exact session clears every former audience without resurrection (1.314963ms)
✔ current organisation denial/cancel/success clears its draft and pending receipt, leaving other audiences (0.784704ms)
✔ audience capacity refuses new custody without evicting any draft or uncertain command (4.86772ms)
✔ serialized byte capacity rejects before mutation and still permits exact pending recovery and release (631.558007ms)
✔ methodology projections preserve exact attributed criteria/templates and large revisions, excluding unknown fields (5.854791ms)
✔ Task basis retains legitimate history and notices beyond the configuration input limits (15.686538ms)
✔ methodology refuses malformed dates, revisions, scopes, controls and unbounded definitions (0.876168ms)
✔ Unicode label, source, criteria and template parsing matches Rust White_Space without trimming FEFF (0.717701ms)
✔ exact Save retries retain frozen key, body, schedule and actor with pre/post session checks (43.493994ms)
✔ replaced session fences initial Save and post-response receipt disclosure (2.485433ms)
✔ current metadata and Task reads bind exact session and scope before publication (17.401923ms)
✔ optional Create and Guide context survive exact command recovery while controls refuse context (1.151854ms)
✔ uncertain in-memory Save custody survives a same-session remount and clears for a changed audience (1.204457ms)
✔ conversation echo preserves submitted context without inventing resolved defaults (0.887628ms)
✔ methodology limitations use human requirement labels while unknown codes have a safe inspection path (0.971731ms)
✔ a first 429 refusal releases the draft while a throttled uncertain retry keeps exact request custody (0.315878ms)
✔ Undo, historical Edit and revision recovery follow exact successor links across overlapping independent packages (0.991692ms)
✔ optional label and field behavior preserve untouched null, supplied values and explicit empty arrays (0.590277ms)
✔ mixed adopted and neutral basis keeps exact neutral field and template source attribution without changing status (0.419873ms)
✔ proxy failure never logs callback query or cookie credentials (281.145185ms)
✔ skill manifests preserve exact provenance, Unicode, inert resource bytes and canonical large revisions (4.148321ms)
✔ skill manifest input bounds match server finite vocabulary, canonical sets and UTF-8 capacity (9.594215ms)
✔ catalog resource digests bind exact resource identities and scope without replacing saved content (1.432933ms)
✔ discovery binds exact Task, method, catalog and immutable skill identity across candidates and history (2.985052ms)
✔ historical selection retains actual selector separately from accepted authority and effective method epoch (2.345526ms)
✔ unavailable and forbidden declared needs retain explanatory metadata without implying operation authority (0.680977ms)
✔ exact selection replay freezes complete scope and original basis, returns history with current blocked eligibility (49.422381ms)
✔ selection receipts refuse substituted selector, version, reason, Task and expected basis (7.342356ms)
✔ catalog mutations preserve exact retries and validate status receipt audience (2.165782ms)
✔ replaced sessions prevent a first write and fence a completed write before receipt disclosure (1.628918ms)
✔ catalog, discovery and independent eligibility reads verify session after scoped server responses (2.724402ms)
✔ uncertain skill custody is memory-only and isolated to exact actor session organisation and Task (0.792584ms)
✔ definite conflicts allow review while uncertain retries keep their original key through throttling (0.241452ms)
✔ set ordering is canonicalized only at submission without editing the draft or immutable resource bytes (3.335462ms)
✔ skills accept bounded 8 MiB metadata responses while ordinary reads stay at 4 MiB (111.564716ms)
✔ incoherent eligible observations cannot enable selection or silently drop a declared need (0.597153ms)
✔ maximal conservative catalog/discovery wire envelopes fit the skills-only 8 MiB read bound (185.567939ms)
ℹ Conservative discovery wire envelope: 7467743 bytes; catalog: 3685956 bytes; skill limit: 8388608 bytes. 128 candidates + 128 selections, 16 needs/inspection and 16 resource digests/version; 2 MiB command + 1 MiB receipt padding plus wrappers.
ℹ Conservative assignments page envelope: 144773 bytes.
ℹ Conservative history page envelope: 419101 bytes.
ℹ Conservative impact page envelope: 66288 bytes.
✔ definite scope and Admin refusals erase only the matching private retry custody (0.736162ms)
✔ server-owned eligibility explanation bound counts UTF-8 bytes while user reasons retain Unicode scalar limits (6.877575ms)
✔ unsent skill drafts preserve exact text and original basis only for their actor session organisation and Task (0.754709ms)
✔ bounded draft custody refuses new entries and bytes without evicting drafts or exact pending recovery (47.571606ms)
✔ authoring errors identify exact fields and limits while supplementary characters and raw source text remain intact (6.818621ms)
✔ redacted bound explanations preserve accepted/current kind and depth without leaking rule values (0.593836ms)
✔ independent assignment and status pages validate bounds, cursor ordering, scope and persisted provenance (0.715215ms)
✔ impact pages bind current audit and optional exact version while preserving original selection references (2.171403ms)
ℹ tests 181
ℹ suites 0
ℹ pass 181
ℹ fail 0
ℹ cancelled 0
ℹ skipped 0
ℹ todo 0
ℹ duration_ms 2161.888073
