$ pnpm --filter @zobba/web test:browser --workers=1 --retries=0 --reporter=list,json
$ playwright test --workers=1 --retries=0 --reporter=list,json

Running 145 tests using 1 worker

(node:1076499) Warning: The 'NO_COLOR' env is ignored due to the 'FORCE_COLOR' env being set.
(Use `node --trace-warnings ...` to show where the warning was created)
  ✓    1 tests/browser/account-binding.spec.ts:60:1 › a completed old session response cannot re-expose another account draft in the same engagement (5.3s)
  ✓    2 tests/browser/account-binding.spec.ts:126:1 › same-account session rotation retains the hidden draft, mounted editor and focus after verification (3.6s)
  ✓    3 tests/browser/account-binding.spec.ts:154:1 › every protected GET refuses an obsolete session without expiring the replacement cookie (3.1s)
  ✓    4 tests/browser/account-binding.spec.ts:174:1 › a delayed real unauthorized response cannot delete the newer manager session (3.2s)
  ✓    5 tests/browser/account-binding.spec.ts:193:1 › repeated real session mismatches stop after one retry and withdraw the private workspace (2.1s)
  ✓    6 tests/browser/account-binding.spec.ts:216:1 › live conversation polling withdraws the old actor before recovering a replacement session (8.8s)
  ✓    7 tests/browser/account-binding.spec.ts:253:1 › conversation mismatches after successful engagement reads share one bounded recovery budget (3.6s)
  ✓    8 tests/browser/account-binding.spec.ts:353:1 › read preconditions cannot change ordinary command, reserved control or logout CSRF contracts (2.2s)
  ✓    9 tests/browser/account-binding.spec.ts:369:1 › an engagement mismatch and a later conversation mismatch consume the same recovery allowance (2.9s)
  ✓   10 tests/browser/auth-database-endpoint.spec.ts:18:1 › portless PGPORT routes actual migration, admin SQL and authenticated recovery through an owned relay (6.3s)
  ✓   11 tests/browser/auth.spec.ts:60:1 › HTTPS OIDC login opens only assigned scope, supports keyboard and narrow layouts (3.5s)
  ✓   12 tests/browser/auth.spec.ts:108:1 › CSRF and Origin refusals preserve session; invalid callback cannot log out; POST logout revokes replay (2.2s)
  ✓   13 tests/browser/auth.spec.ts:136:3 › admin-only signs in without access to client work (1.7s)
  ✓   14 tests/browser/auth.spec.ts:136:3 › unassigned signs in without access to client work (1.6s)
  ✓   15 tests/browser/auth.spec.ts:145:1 › manager with combined roles sees current audit authority (2.0s)
  ✓   16 tests/browser/auth.spec.ts:152:1 › role demotion, membership expiry and session expiry clear previously opened scope (3.2s)
  ✓   17 tests/browser/auth.spec.ts:210:1 › pending logout survives focus, periodic refresh, visibility changes and navigation (1.9s)
  ✓   18 tests/browser/auth.spec.ts:242:1 › logout outage retains intent and retry uses fresh CSRF without reopening work (2.1s)
  ✓   19 tests/browser/auth.spec.ts:261:1 › a lost successful logout response retries safely and does not reopen work (2.1s)
  ✓   20 tests/browser/auth.spec.ts:275:1 › signing out an expired session completes without a failure state (2.2s)
  ✓   21 tests/browser/auth.spec.ts:284:1 › stale CSRF is a real logout refusal and retry refreshes it before signing out (1.8s)
  ✓   22 tests/browser/auth.spec.ts:298:1 › database loss clears protected content and retry restores verified access (2.2s)
  ✓   23 tests/browser/auth.spec.ts:336:3 › actual authorization callback rejects state (1.4s)
  ✓   24 tests/browser/auth.spec.ts:336:3 › actual authorization callback rejects missing-browser-binding (1.4s)
  ✓   25 tests/browser/auth.spec.ts:336:3 › actual authorization callback rejects wrong-browser-binding (1.3s)
  ✓   26 tests/browser/auth.spec.ts:352:1 › successful callback replaces fixation value and replay cannot mint another session (1.9s)
  ✓   27 tests/browser/auth.spec.ts:371:1 › a second successful OIDC callback revokes the previous valid session (2.5s)
  ✓   28 tests/browser/auth.spec.ts:387:1 › an unrelated callback preserves the valid in-flight browser binding and sign-in (1.7s)
  ✓   29 tests/browser/auth.spec.ts:399:1 › a different organisation receives its own assignment only (1.9s)
  ✓   30 tests/browser/auth.spec.ts:408:1 › more than 100 assignments paginate by full scope with fresh back navigation and direct opening (3.9s)
  ✓   31 tests/browser/auth.spec.ts:475:1 › cold provider discovery failure bounds concurrent sign-in requests and recovers (13.0s)
  ✓   32 tests/browser/auth.spec.ts:502:1 › missing evidence storage is explicit while the foundation conversation remains usable (3.0s)
  ✓   33 tests/browser/auth.spec.ts:516:1 › failed restoration SQL still closes the owned fixture servers (1.2s)
  ✓   34 tests/browser/conversation-locks.spec.ts:180:1 › R11 an actual IndexedDB transaction serializes near-quota tabs and preserves Pause/Stop slots (8.8s)
  ✓   35 tests/browser/conversation-locks.spec.ts:283:1 › R12 repeated Enter during an actual blocked reservation creates one key, POST and durable command (3.5s)
  ✓   36 tests/browser/conversation-locks.spec.ts:350:1 › R1 a reservation surviving same-scope revalidation hands off once without losing an independently edited draft (8.1s)
  ✓   37 tests/browser/conversation-locks.spec.ts:417:1 › R11 global IndexedDB counts preserve four control places without reading other bindings (2.2s)
  ✓   38 tests/browser/conversation-locks.spec.ts:437:1 › a notification failure after IndexedDB commit cannot undo the send handoff (3.0s)
  ✓   39 tests/browser/conversation-races.spec.ts:90:1 › real replacement OIDC actor and scope cannot reveal or replay the previous recovery outbox (4.1s)
  ✓   40 tests/browser/conversation-races.spec.ts:126:1 › two same-actor tabs retain both committed lost acknowledgements and recover each exact key (9.1s)
  ✓   41 tests/browser/conversation-races.spec.ts:167:1 › later bounded Task page refreshes factual state and cycle while retaining an explicitly selected old composer target (16.2s)
  ✓   42 tests/browser/conversation-races.spec.ts:208:1 › a held old-scope snapshot cannot restore protected projection or draft after explicit scope selection (3.5s)
  ✓   43 tests/browser/conversation-races.spec.ts:232:1 › logout wins over an already fetched protected snapshot and later refresh callbacks (2.7s)
  ✓   44 tests/browser/conversation-races.spec.ts:253:1 › reserved control and same-key receipt recovery do not wait on held ordinary session or scope reads (4.9s)
  ✓   45 tests/browser/conversation-races.spec.ts:290:1 › an actual stale-cycle control returns 409 and dismissing its refusal preserves the independent next draft (3.3s)
  ✓   46 tests/browser/conversation-review.spec.ts:73:1 › same-scope checks hide every protected surface and restore mounted Task controls, disclosure and focus (4.7s)
  ✓   47 tests/browser/conversation-review.spec.ts:187:1 › Follow uses current activity while reading older history without retargeting or stealing focus (12.5s)
  ✓   48 tests/browser/conversation-review.spec.ts:213:1 › an unresolved exact send scrolls once and never pulls deliberately opened history to the bottom (9.3s)
  ✓   49 tests/browser/conversation-review.spec.ts:251:1 › inner methodology disclosure survives cancelled reads and tab-away but withdraws on current failure (22.6s)
  ✓   50 tests/browser/conversation.spec.ts:59:1 › two attributed Tasks, Guide A while inspecting B, reload and real API/worker interruption retain guidance (6.6s)
  ✓   51 tests/browser/conversation.spec.ts:95:1 › lost committed acknowledgement reloads original outbox meaning, recovers one receipt and refuses changed meaning (5.8s)
  ✓   52 tests/browser/conversation.spec.ts:128:1 › actual worker Pause and Stop stay pending until observed; Resume retains cycle and Continue creates another (12.6s)
  ✓   53 tests/browser/conversation.spec.ts:165:1 › consumed crash remains unresolved after worker restart without replay or false stopped success (11.6s)
  ✓   54 tests/browser/conversation.spec.ts:182:1 › keyboard narrow views, pin and follow preserve explicit target, draft and focus across revalidation (6.3s)
  ✓   55 tests/browser/conversation.spec.ts:219:1 › storage failure cannot transmit and a later identical next draft survives an in-flight acknowledgement (3.9s)
  ✓   56 tests/browser/conversation.spec.ts:263:1 › held ordinary projection does not block named reserved control and failure withdraws inspection (9.6s)
  ✓   57 tests/browser/conversation.spec.ts:285:1 › bounded burst/history and second actor/foreign scope preserve exact attributed audience (10.6s)
  ✓   58 tests/browser/evidence-repairs.spec.ts:54:1 › R03 maximum escaped assertions survive a lost registered response and reload with the exact reservation key (5.4s)
  ✓   59 tests/browser/evidence-repairs.spec.ts:93:1 › R04 invalid UTF-8 source and filename bounds remain editable without creating or persisting a reservation (2.9s)
  ✓   60 tests/browser/evidence-repairs.spec.ts:115:1 › R05 an oversized local original gives size correction without network acquisition or a recovery draft (3.8s)
  ✓   61 tests/browser/evidence-repairs.spec.ts:128:1 › R06 durable reservation saturation explains finishing existing custody and has no transient Retry-After (6.8s)
  ✓   62 tests/browser/evidence-repairs.spec.ts:172:1 › R08 an accepted registration remains certain when only the following evidence list refresh fails (3.0s)
  ✓   63 tests/browser/evidence-repairs.spec.ts:198:1 › R10 same-name incomplete originals expose distinct immutable expected identity and assertions before any upload (2.6s)
  ✓   64 tests/browser/evidence-unicode.spec.ts:176:1 › mixed API-created normal and FEFF originals retain exact metadata and download bytes (5.6s)
  ✓   65 tests/browser/evidence-unicode.spec.ts:207:1 › mixed API-created pending reservations recover exact drafts after reload and register the same originals (11.0s)
  ✓   66 tests/browser/evidence-unicode.spec.ts:267:1 › new source entry trims Rust whitespace and preserves FEFF in all five assertion fields (3.1s)
  ✓   67 tests/browser/evidence.spec.ts:69:1 › verified acquisition keeps source assertions distinct and preserves Task guidance, selection and return focus (5.2s)
  ✓   68 tests/browser/evidence.spec.ts:127:1 › lost reservation acknowledgement recovers the exact key on reload and refuses a changed file (3.8s)
  ✓   69 tests/browser/evidence.spec.ts:151:1 › lost upload acknowledgement retries the same registered original across API restart without overwrite (3.1s)
  ✓   70 tests/browser/evidence.spec.ts:167:1 › narrow keyboard inspection caps plain text and keeps markup download-only (3.9s)
  ✓   71 tests/browser/evidence.spec.ts:187:3 › completed metadata is withheld after same-actor session replacement (5.2s)
  ✓   72 tests/browser/evidence.spec.ts:209:3 › completed download creates no Blob URL after same-actor session replacement (4.6s)
  ✓   73 tests/browser/evidence.spec.ts:187:3 › completed metadata is withheld after same-engagement actor replacement (4.6s)
  ✓   74 tests/browser/evidence.spec.ts:209:3 › completed download creates no Blob URL after same-engagement actor replacement (4.5s)
  ✓   75 tests/browser/evidence.spec.ts:187:3 › completed metadata is withheld after foreign-scope account replacement (5.5s)
  ✓   76 tests/browser/evidence.spec.ts:209:3 › completed download creates no Blob URL after foreign-scope account replacement (4.6s)
  ✓   77 tests/browser/evidence.spec.ts:226:1 › revocation during object upload prevents registration and foreign scope discloses no metadata (2.7s)
  ✓   78 tests/browser/evidence.spec.ts:247:1 › routine same-session access checks retain an in-flight upload, inspection, file control and focus (3.9s)
  ✓   79 tests/browser/evidence.spec.ts:271:1 › registry and recovery pages stay bounded and new registration refreshes canonical ordering and cursor (15.0s)
9:54:43 PM [vite] http proxy error: /api/upstream
upstream_unavailable
9:54:44 PM [vite] http proxy error: /api/upstream
upstream_unavailable
9:54:44 PM [vite] http proxy error: /api/upstream
upstream_unavailable
  ✓   80 tests/browser/evidence.spec.ts:347:1 › registered provenance remains inspectable when storage configuration or original bytes are unavailable (5.1s)
  ✓   81 tests/browser/evidence.spec.ts:369:1 › failed current-authority recheck hides all evidence while retaining same-session retry (3.5s)
  ✓   82 tests/browser/evidence.spec.ts:389:1 › asynchronous administration allows a blocked evidence transaction to commit through the database proxy (2.5s)
  ✓   83 tests/browser/health.spec.ts:4:1 › real database loss is unavailable, then keyboard refresh restores Ready (2.5s)
  ✓   84 tests/browser/knowledge-sources.spec.ts:53:1 › unsupported originals with no captured records can be corrected through an explicitly selected Task (7.3s)
  ✓   85 tests/browser/knowledge-sources.spec.ts:80:1 › public excerpt capture survives source I/O beyond twelve seconds and retains exact nonzero UTF-8 bytes (18.9s)
  ✓   86 tests/browser/knowledge.spec.ts:184:1 › real distinct Expand openings learn privately, apply later, and Undo consumes old observations (5.1s)
  ✓   87 tests/browser/knowledge.spec.ts:207:1 › exact typed release is useful to another assigned reader without private preference events (4.8s)
  ✓   88 tests/browser/knowledge.spec.ts:227:1 › verified acquisition and Guide automatically project distinct attributable knowledge with exact source navigation (4.4s)
  ✓   89 tests/browser/knowledge.spec.ts:263:1 › assertion correction, exclusion and forget retain original attributable history (5.5s)
  ✓   90 tests/browser/knowledge.spec.ts:278:1 › actual session outage remount preserves exact unsent draft only after its own current read (3.5s)
  ✓   91 tests/browser/knowledge.spec.ts:297:1 › lost mutation reply and temporary retry capacity preserve one exact command through recovery (3.8s)
  ✓   92 tests/browser/knowledge.spec.ts:325:1 › held successful knowledge response cannot restore a corrected assertion after fresh verification (3.4s)
  ✓   93 tests/browser/knowledge.spec.ts:340:1 › source correction declares exact immutable replacement and invalidates derived context (6.0s)
  ✓   94 tests/browser/knowledge.spec.ts:370:1 › named same-client reuse serves the destination and independently checks reader and accountable Task owner (7.4s)
  ✓   95 tests/browser/knowledge.spec.ts:426:1 › assertion support can be added and replaced through current originals and exact knowledge while old basis stays inspectable (7.9s)
  ✓   96 tests/browser/knowledge.spec.ts:468:1 › local layout stays usable while one exact observation is uncertain and recovery creates no competing events (4.8s)
  ✓   97 tests/browser/knowledge.spec.ts:483:1 › private preference offers its supported Undo and retained outcome names every released destination exactly once (9.6s)
  ✓   98 tests/browser/knowledge.spec.ts:528:58 › a real evidence source refusal withdraws enclosing knowledge while destination work and unrelated exact recovery survive (9.1s)
  ✓   99 tests/browser/knowledge.spec.ts:528:58 › a real guide source refusal withdraws enclosing knowledge while destination work and unrelated exact recovery survive (6.7s)
  ✓  100 tests/browser/knowledge.spec.ts:584:77 › confirmed scope denial clears an uncertain knowledge request without automatic retry or later resurrection (7.7s)
  ✓  101 tests/browser/knowledge.spec.ts:584:77 › confirmed same-account replacement clears an uncertain knowledge request without automatic retry or later resurrection (6.2s)
  ✓  102 tests/browser/membership.spec.ts:96:1 › Admin-only has separate keyboard-accessible membership, two current-version Saves and no audit authority (3.6s)
  ✓  103 tests/browser/membership.spec.ts:144:1 › lost invitation and acceptance acknowledgements retry exactly; acceptance receipt cannot regrant later revoked access (5.2s)
  ✓  104 tests/browser/membership.spec.ts:199:1 › private invitation can be revoked, and the signed recipient receives an honest refusal (3.4s)
  ✓  105 tests/browser/membership.spec.ts:213:1 › acceptance needs a fresh verified callback and rejects a different signed recipient (6.2s)
  ✓  106 tests/browser/membership.spec.ts:235:1 › stale Save and the last Admin are refused without automatic overwrite (2.7s)
  ✓  107 tests/browser/membership.spec.ts:254:1 › ordinary Save refuses the last non-expiring Admin and permits temporary Admins after establishing a replacement (3.8s)
  ✓  108 tests/browser/membership.spec.ts:337:1 › a combined role can narrow its own audit role while retaining only membership administration (2.7s)
  ✓  109 tests/browser/membership.spec.ts:348:1 › replacing the account withdraws membership metadata and discards unsent invitation drafts (2.7s)
  ✓  110 tests/browser/membership.spec.ts:379:1 › same-account session replacement clears drafts, private links and uncertain recovery without rebinding (17.9s)
  ✓  111 tests/browser/membership.spec.ts:412:1 › same-document invitation navigation scrubs each secret and ignores a late previous preview (3.6s)
  ✓  112 tests/browser/membership.spec.ts:446:1 › preview capacity, outage and timeout remain retryable connection states without suggesting reauthentication (11.9s)
  ✓  113 tests/browser/membership.spec.ts:469:1 › new invitation fragments preserve pending, uncertain and completed sign-out guidance (3.3s)
  ✓  114 tests/browser/membership.spec.ts:518:1 › expired membership is shown honestly and can be renewed or have its expiry explicitly cleared (2.2s)
  ✓  115 tests/browser/membership.spec.ts:533:1 › multi-page member and invitation edits retain selections and preserve existing off-page assignments (4.4s)
  ✓  116 tests/browser/membership.spec.ts:573:1 › legacy members with over 100 assignments preserve access during role edits and remove only selected scopes across pages (3.5s)
  ✓  117 tests/browser/membership.spec.ts:595:1 › an opened legacy draft remains preserve-only when expiry changes 101 assignments to 100 on refresh (9.5s)
  ✓  118 tests/browser/membership.spec.ts:625:1 › a loaded assignment that expires before Save stays expired until explicitly selected in a later draft (9.8s)
  ✓  119 tests/browser/methodology-custody.spec.ts:91:1 › unsent exact edit and recall survive actual session outage/remount; recovery never submits (3.5s)
  ✓  120 tests/browser/methodology-custody.spec.ts:149:1 › retained inner DOM and focus wait for this activation current-Admin read; cancelled success cannot authorize it (2.0s)
  ✓  121 tests/browser/methodology-custody.spec.ts:178:1 › same-account session replacement, another identity and logout discard private methodology drafts (20.1s)
  ✓  122 tests/browser/methodology-custody.spec.ts:202:1 › another current Admin membership cannot reveal retained edits before exact-org denial, and restoration cannot resurrect them (2.0s)
  ✓  123 tests/browser/methodology-review.spec.ts:95:1 › explicit Create overrides firm defaults and a real active-task Save applies at the owned worker boundary (5.9s)
  ✓  124 tests/browser/methodology-review.spec.ts:160:1 › Undo and conflict recovery keep independent overlapping lineages separate and historical Edit opens the current head (3.0s)
  ✓  125 tests/browser/methodology-review.spec.ts:195:1 › field controls distinguish clear from inherit while mandatory inherited text and references remain in force (4.9s)
  ✓  126 tests/browser/methodology-review.spec.ts:247:1 › later organisation pages and verified names survive quiet refresh, and revoked selection returns to the authorised chooser (16.9s)
  ✓  127 tests/browser/methodology.spec.ts:89:1 › Guide supplies missing Task context with exact attribution and stages a binding without replacing the original (4.2s)
  ✓  128 tests/browser/methodology.spec.ts:152:1 › Admin Save, frozen lost-receipt retry, Undo, exact Task templates, new-only notice, recall and draft withdrawal (37.9s)
  ✓  129 tests/browser/methodology.spec.ts:345:1 › a real saved incomplete methodology retains more than 100 limitations in Task inspection (4.8s)
  ✓  130 tests/browser/skills.spec.ts:257:1 › structured Admin installation preserves exact provenance and inert resources through frozen lost-receipt recovery (18.4s)
  ✓  131 tests/browser/skills.spec.ts:324:1 › selection keeps required methodology and exact history while an already-open view meets disable and recall (6.7s)
  ✓  132 tests/browser/skills.spec.ts:371:1 › lost selection delivery replays its exact historical receipt with current recalled eligibility (4.3s)
  ✓  133 tests/browser/skills.spec.ts:396:1 › unsupported declared tools remain inspectable and unselectable, and foreign catalog scope stays undisclosed (5.2s)
  ✓  134 tests/browser/skills.spec.ts:449:1 › acquired instruction-like SKILL.md and a genuine hostile ZIP remain exact evidence without installation or extraction (3.9s)
  ✓  135 tests/browser/skills.spec.ts:485:1 › same-account replacement and current Admin revocation withdraw private install drafts and uncertain requests (37.8s)
  ✓  136 tests/browser/skills.spec.ts:523:1 › late Task skill and session reads cannot disclose or replay the previous selector draft after an account switch (39.5s)
  ✓  137 tests/browser/skills.spec.ts:601:1 › actual inner skill disclosures retain open state and focus across cancelled reads, but current failures withdraw them (15.3s)
  ✓  138 tests/browser/skills.spec.ts:760:1 › repair P2: unsent install and status drafts survive an actual same-owner auth failure remount without submission (4.4s)
  ✓  139 tests/browser/skills.spec.ts:796:1 › repair P2 P11: Edit as new skill version preserves complete content, stale draft custody and original selections (6.3s)
  ✓  140 tests/browser/skills.spec.ts:851:1 › repair P2 P8: an unsent supplementary-scalar selection reason survives remount and records all 2000 characters (5.3s)
  ✓  141 tests/browser/skills.spec.ts:883:1 › repair P8 P9: authoring preserves supplementary scalars and gives actionable errors at the exact invalid fields (8.6s)
  ✓  142 tests/browser/skills.spec.ts:931:1 › repair P3: more than 513 engagements cannot hide the catalog or restrictions and assignment options remain paged (7.5s)
  ✓  143 tests/browser/skills.spec.ts:983:1 › repair P4 P5: persisted status provenance and paged history lead only current audit users to scoped affected Tasks (11.8s)
  ✓  144 tests/browser/skills.spec.ts:1097:1 › repair P2: a refused custody-capacity transition preserves the exact install editor and recovers after explicit draft cancellation (40.8s)
  ✓  145 tests/browser/skills.spec.ts:1139:1 › repair P2 P3: a retained catalog waits for its own fresh authority after parent refresh and clears only on confirmed Admin denial (4.7s)

  145 passed (16.7m)
