   Compiling zobba-infrastructure v0.1.0 (/workspace/intellifin-audit/zobba/crates/infrastructure)
   Compiling zobba-worker v0.1.0 (/workspace/intellifin-audit/zobba/crates/worker)
    Finished `test` profile [unoptimized + debuginfo] target(s) in 16.70s
     Running tests/gateway_process.rs (target/debug/deps/gateway_process-2fcfa9679d184157)

running 3 tests

thread 'tokio-rt-worker' (1193253) panicked at crates/worker/tests/support/final_validation_expiry.rs:67:17:
final validation gate must release below 2s
note: run with `RUST_BACKTRACE=1` environment variable to display a backtrace

thread 'final_validation_expiry::lease_expiry_during_final_model_validation_refuses_gateway_dispatch' (1193247) panicked at crates/worker/tests/support/final_validation_expiry.rs:534:5:
assertion `left == right` failed
  left: (false, true, true)
 right: (true, true, true)

thread 'final_validation_expiry::lease_expiry_during_final_model_validation_refuses_gateway_dispatch' (1193247) panicked at crates/worker/tests/support/final_validation_expiry.rs:45:31:
called `Result::unwrap()` on an `Err` value: PoisonError { .. }
stack backtrace:
   0:     0x559adafe6f11 - std[6c98fd8553dbae28]::backtrace_rs::backtrace::libunwind::trace
                               at /rustc/48a229ceaefd4985c50990b14116b6d856af0985/library/std/src/../../backtrace/src/backtrace/libunwind.rs:117:9
   1:     0x559adafe6f11 - std[6c98fd8553dbae28]::backtrace_rs::backtrace::trace_unsynchronized::<std[6c98fd8553dbae28]::sys::backtrace::_print_fmt::{closure#1}>
                               at /rustc/48a229ceaefd4985c50990b14116b6d856af0985/library/std/src/../../backtrace/src/backtrace/mod.rs:66:14
   2:     0x559adafe6f11 - std[6c98fd8553dbae28]::sys::backtrace::_print_fmt
                               at /rustc/48a229ceaefd4985c50990b14116b6d856af0985/library/std/src/sys/backtrace.rs:74:9
   3:     0x559adafe6f11 - <<std[6c98fd8553dbae28]::sys::backtrace::BacktraceLock>::print::DisplayBacktrace as core[c0acaeba6ab4c2e0]::fmt::Display>::fmt
                               at /rustc/48a229ceaefd4985c50990b14116b6d856af0985/library/std/src/sys/backtrace.rs:44:26
   4:     0x559adafff32a - <core[c0acaeba6ab4c2e0]::fmt::rt::Argument>::fmt
                               at /rustc/48a229ceaefd4985c50990b14116b6d856af0985/library/core/src/fmt/rt.rs:152:76
   5:     0x559adafff32a - core[c0acaeba6ab4c2e0]::fmt::write
   6:     0x559adafecc4c - std[6c98fd8553dbae28]::io::default_write_fmt::<std[6c98fd8553dbae28]::sys::stdio::unix::Stderr>
                               at /rustc/48a229ceaefd4985c50990b14116b6d856af0985/library/std/src/io/mod.rs:626:11
   7:     0x559adafecc4c - <std[6c98fd8553dbae28]::sys::stdio::unix::Stderr as std[6c98fd8553dbae28]::io::Write>::write_fmt
                               at /rustc/48a229ceaefd4985c50990b14116b6d856af0985/library/std/src/io/mod.rs:1730:13
   8:     0x559adafc1ca6 - <std[6c98fd8553dbae28]::sys::backtrace::BacktraceLock>::print
                               at /rustc/48a229ceaefd4985c50990b14116b6d856af0985/library/std/src/sys/backtrace.rs:47:9
   9:     0x559adafc1ca6 - std[6c98fd8553dbae28]::panicking::default_hook::{closure#0}
                               at /rustc/48a229ceaefd4985c50990b14116b6d856af0985/library/std/src/panicking.rs:292:27
  10:     0x559adafdd661 - std[6c98fd8553dbae28]::panicking::default_hook
                               at /rustc/48a229ceaefd4985c50990b14116b6d856af0985/library/std/src/panicking.rs:319:9
  11:     0x559adafdd98b - std[6c98fd8553dbae28]::panicking::panic_with_hook
                               at /rustc/48a229ceaefd4985c50990b14116b6d856af0985/library/std/src/panicking.rs:815:13
  12:     0x559adafc1d52 - std[6c98fd8553dbae28]::panicking::panic_handler::{closure#0}
                               at /rustc/48a229ceaefd4985c50990b14116b6d856af0985/library/std/src/panicking.rs:688:13
  13:     0x559adafb6ae9 - std[6c98fd8553dbae28]::sys::backtrace::__rust_end_short_backtrace::<std[6c98fd8553dbae28]::panicking::panic_handler::{closure#0}, !>
                               at /rustc/48a229ceaefd4985c50990b14116b6d856af0985/library/std/src/sys/backtrace.rs:182:18
  14:     0x559adafc2b3d - __rustc[100742bb89c490cb]::rust_begin_unwind
                               at /rustc/48a229ceaefd4985c50990b14116b6d856af0985/library/std/src/panicking.rs:679:5
  15:     0x559adafffb2c - core[c0acaeba6ab4c2e0]::panicking::panic_fmt
                               at /rustc/48a229ceaefd4985c50990b14116b6d856af0985/library/core/src/panicking.rs:80:14
  16:     0x559adafff8a2 - core[c0acaeba6ab4c2e0]::result::unwrap_failed
                               at /rustc/48a229ceaefd4985c50990b14116b6d856af0985/library/core/src/result.rs:1870:5
  17:     0x559ada43ac62 - <core[c0acaeba6ab4c2e0]::result::Result<std[6c98fd8553dbae28]::sync::poison::mutex::MutexGuard<bool>, std[6c98fd8553dbae28]::sync::poison::PoisonError<std[6c98fd8553dbae28]::sync::poison::mutex::MutexGuard<bool>>>>::unwrap
                               at /rustc/48a229ceaefd4985c50990b14116b6d856af0985/library/core/src/result.rs:1231:23
  18:     0x559ada43ac62 - <gateway_process[8478f03cd9f4ef6b]::final_validation_expiry::ValidationGate>::release
                               at /workspace/intellifin-audit/zobba/crates/worker/tests/support/final_validation_expiry.rs:45:31
  19:     0x559ada44513e - <gateway_process[8478f03cd9f4ef6b]::final_validation_expiry::ReleaseOnDrop as core[c0acaeba6ab4c2e0]::ops::drop::Drop>::drop
                               at /workspace/intellifin-audit/zobba/crates/worker/tests/support/final_validation_expiry.rs:78:16
  20:     0x559ada3e84ad - core[c0acaeba6ab4c2e0]::ptr::drop_glue::<gateway_process[8478f03cd9f4ef6b]::final_validation_expiry::ReleaseOnDrop>
                               at /rustc/48a229ceaefd4985c50990b14116b6d856af0985/library/core/src/ptr/mod.rs:823:1
  21:     0x559ada4303d1 - gateway_process[8478f03cd9f4ef6b]::final_validation_expiry::verify_expiry::{closure#0}
                               at /workspace/intellifin-audit/zobba/crates/worker/tests/support/final_validation_expiry.rs:610:1
  22:     0x559ada43a34f - gateway_process[8478f03cd9f4ef6b]::final_validation_expiry::lease_expiry_during_final_model_validation_refuses_gateway_dispatch::{closure#0}
                               at /workspace/intellifin-audit/zobba/crates/worker/tests/support/final_validation_expiry.rs:614:34
  23:     0x559ada47d5f4 - <core[c0acaeba6ab4c2e0]::pin::Pin<&mut dyn core[c0acaeba6ab4c2e0]::future::future::Future<Output = ()>> as core[c0acaeba6ab4c2e0]::future::future::Future>::poll
                               at /rustc/48a229ceaefd4985c50990b14116b6d856af0985/library/core/src/future/future.rs:133:9
  24:     0x559ada5af566 - <tokio[bde1eb7fdea0f16d]::runtime::park::CachedParkThread>::block_on::<core[c0acaeba6ab4c2e0]::pin::Pin<&mut dyn core[c0acaeba6ab4c2e0]::future::future::Future<Output = ()>>>::{closure#0}
                               at /workspace/zobba-build-tools/cargo/registry/src/index.crates.io-1949cf8c6b5b557f/tokio-1.53.1/src/runtime/park.rs:284:71
  25:     0x559ada5a5251 - tokio[bde1eb7fdea0f16d]::task::coop::with_budget::<core[c0acaeba6ab4c2e0]::task::poll::Poll<()>, <tokio[bde1eb7fdea0f16d]::runtime::park::CachedParkThread>::block_on<core[c0acaeba6ab4c2e0]::pin::Pin<&mut dyn core[c0acaeba6ab4c2e0]::future::future::Future<Output = ()>>>::{closure#0}>
                               at /workspace/zobba-build-tools/cargo/registry/src/index.crates.io-1949cf8c6b5b557f/tokio-1.53.1/src/task/coop/mod.rs:167:5
  26:     0x559ada5a5251 - tokio[bde1eb7fdea0f16d]::task::coop::budget::<core[c0acaeba6ab4c2e0]::task::poll::Poll<()>, <tokio[bde1eb7fdea0f16d]::runtime::park::CachedParkThread>::block_on<core[c0acaeba6ab4c2e0]::pin::Pin<&mut dyn core[c0acaeba6ab4c2e0]::future::future::Future<Output = ()>>>::{closure#0}>
                               at /workspace/zobba-build-tools/cargo/registry/src/index.crates.io-1949cf8c6b5b557f/tokio-1.53.1/src/task/coop/mod.rs:133:5
  27:     0x559ada5a5251 - <tokio[bde1eb7fdea0f16d]::runtime::park::CachedParkThread>::block_on::<core[c0acaeba6ab4c2e0]::pin::Pin<&mut dyn core[c0acaeba6ab4c2e0]::future::future::Future<Output = ()>>>
                               at /workspace/zobba-build-tools/cargo/registry/src/index.crates.io-1949cf8c6b5b557f/tokio-1.53.1/src/runtime/park.rs:284:31
  28:     0x559ada448235 - <tokio[bde1eb7fdea0f16d]::runtime::context::blocking::BlockingRegionGuard>::block_on::<core[c0acaeba6ab4c2e0]::pin::Pin<&mut dyn core[c0acaeba6ab4c2e0]::future::future::Future<Output = ()>>>
                               at /workspace/zobba-build-tools/cargo/registry/src/index.crates.io-1949cf8c6b5b557f/tokio-1.53.1/src/runtime/context/blocking.rs:66:14
  29:     0x559ada59f244 - <tokio[bde1eb7fdea0f16d]::runtime::scheduler::multi_thread::MultiThread>::block_on::<core[c0acaeba6ab4c2e0]::pin::Pin<&mut dyn core[c0acaeba6ab4c2e0]::future::future::Future<Output = ()>>>::{closure#0}
                               at /workspace/zobba-build-tools/cargo/registry/src/index.crates.io-1949cf8c6b5b557f/tokio-1.53.1/src/runtime/scheduler/multi_thread/mod.rs:92:22
  30:     0x559ada44b86d - tokio[bde1eb7fdea0f16d]::runtime::context::runtime::enter_runtime::<<tokio[bde1eb7fdea0f16d]::runtime::scheduler::multi_thread::MultiThread>::block_on<core[c0acaeba6ab4c2e0]::pin::Pin<&mut dyn core[c0acaeba6ab4c2e0]::future::future::Future<Output = ()>>>::{closure#0}, ()>
                               at /workspace/zobba-build-tools/cargo/registry/src/index.crates.io-1949cf8c6b5b557f/tokio-1.53.1/src/runtime/context/runtime.rs:65:16
  31:     0x559ada5753ed - <tokio[bde1eb7fdea0f16d]::runtime::scheduler::multi_thread::MultiThread>::block_on::<core[c0acaeba6ab4c2e0]::pin::Pin<&mut dyn core[c0acaeba6ab4c2e0]::future::future::Future<Output = ()>>>
                               at /workspace/zobba-build-tools/cargo/registry/src/index.crates.io-1949cf8c6b5b557f/tokio-1.53.1/src/runtime/scheduler/multi_thread/mod.rs:91:9
  32:     0x559ada3ecf2a - <tokio[bde1eb7fdea0f16d]::runtime::runtime::Runtime>::block_on_inner::<core[c0acaeba6ab4c2e0]::pin::Pin<&mut dyn core[c0acaeba6ab4c2e0]::future::future::Future<Output = ()>>>
                               at /workspace/zobba-build-tools/cargo/registry/src/index.crates.io-1949cf8c6b5b557f/tokio-1.53.1/src/runtime/runtime.rs:376:50
  33:     0x559ada3ed0bb - <tokio[bde1eb7fdea0f16d]::runtime::runtime::Runtime>::block_on::<core[c0acaeba6ab4c2e0]::pin::Pin<&mut dyn core[c0acaeba6ab4c2e0]::future::future::Future<Output = ()>>>
                               at /workspace/zobba-build-tools/cargo/registry/src/index.crates.io-1949cf8c6b5b557f/tokio-1.53.1/src/runtime/runtime.rs:343:18
  34:     0x559ada442c38 - gateway_process[8478f03cd9f4ef6b]::final_validation_expiry::lease_expiry_during_final_model_validation_refuses_gateway_dispatch
                               at /workspace/intellifin-audit/zobba/crates/worker/tests/support/final_validation_expiry.rs:614:39
  35:     0x559ada432e73 - gateway_process[8478f03cd9f4ef6b]::final_validation_expiry::lease_expiry_during_final_model_validation_refuses_gateway_dispatch::{closure#0}
                               at /workspace/intellifin-audit/zobba/crates/worker/tests/support/final_validation_expiry.rs:613:79
  36:     0x559ada3eaa46 - <gateway_process[8478f03cd9f4ef6b]::final_validation_expiry::lease_expiry_during_final_model_validation_refuses_gateway_dispatch::{closure#0} as core[c0acaeba6ab4c2e0]::ops::function::FnOnce<()>>::call_once
                               at /rustc/48a229ceaefd4985c50990b14116b6d856af0985/library/core/src/ops/function.rs:250:5
  37:     0x559ada666c6b - <fn() -> core[c0acaeba6ab4c2e0]::result::Result<(), alloc[12e961f32105355]::string::String> as core[c0acaeba6ab4c2e0]::ops::function::FnOnce<()>>::call_once
                               at /rustc/48a229ceaefd4985c50990b14116b6d856af0985/library/core/src/ops/function.rs:250:5
  38:     0x559ada666c6b - test[69f9176bb4e5faed]::__rust_begin_short_backtrace::<core[c0acaeba6ab4c2e0]::result::Result<(), alloc[12e961f32105355]::string::String>, fn() -> core[c0acaeba6ab4c2e0]::result::Result<(), alloc[12e961f32105355]::string::String>>
                               at /rustc/48a229ceaefd4985c50990b14116b6d856af0985/library/test/src/lib.rs:724:18
  39:     0x559ada6742b5 - test[69f9176bb4e5faed]::run_test_in_process::{closure#0}
                               at /rustc/48a229ceaefd4985c50990b14116b6d856af0985/library/test/src/lib.rs:747:74
  40:     0x559ada6742b5 - <core[c0acaeba6ab4c2e0]::panic::unwind_safe::AssertUnwindSafe<test[69f9176bb4e5faed]::run_test_in_process::{closure#0}> as core[c0acaeba6ab4c2e0]::ops::function::FnOnce<()>>::call_once
                               at /rustc/48a229ceaefd4985c50990b14116b6d856af0985/library/core/src/panic/unwind_safe.rs:275:9
  41:     0x559ada6742b5 - std[6c98fd8553dbae28]::panicking::catch_unwind::do_call::<core[c0acaeba6ab4c2e0]::panic::unwind_safe::AssertUnwindSafe<test[69f9176bb4e5faed]::run_test_in_process::{closure#0}>, core[c0acaeba6ab4c2e0]::result::Result<(), alloc[12e961f32105355]::string::String>>
                               at /rustc/48a229ceaefd4985c50990b14116b6d856af0985/library/std/src/panicking.rs:576:43
  42:     0x559ada6742b5 - std[6c98fd8553dbae28]::panicking::catch_unwind::<core[c0acaeba6ab4c2e0]::result::Result<(), alloc[12e961f32105355]::string::String>, core[c0acaeba6ab4c2e0]::panic::unwind_safe::AssertUnwindSafe<test[69f9176bb4e5faed]::run_test_in_process::{closure#0}>>
                               at /rustc/48a229ceaefd4985c50990b14116b6d856af0985/library/std/src/panicking.rs:544:19
  43:     0x559ada6742b5 - std[6c98fd8553dbae28]::panic::catch_unwind::<core[c0acaeba6ab4c2e0]::panic::unwind_safe::AssertUnwindSafe<test[69f9176bb4e5faed]::run_test_in_process::{closure#0}>, core[c0acaeba6ab4c2e0]::result::Result<(), alloc[12e961f32105355]::string::String>>
                               at /rustc/48a229ceaefd4985c50990b14116b6d856af0985/library/std/src/panic.rs:359:14
  44:     0x559ada6742b5 - test[69f9176bb4e5faed]::run_test_in_process
                               at /rustc/48a229ceaefd4985c50990b14116b6d856af0985/library/test/src/lib.rs:747:27
  45:     0x559ada6742b5 - test[69f9176bb4e5faed]::run_test::{closure#0}
                               at /rustc/48a229ceaefd4985c50990b14116b6d856af0985/library/test/src/lib.rs:668:43
  46:     0x559ada66dc64 - test[69f9176bb4e5faed]::run_test::{closure#1}
                               at /rustc/48a229ceaefd4985c50990b14116b6d856af0985/library/test/src/lib.rs:698:41
  47:     0x559ada66dc64 - std[6c98fd8553dbae28]::sys::backtrace::__rust_begin_short_backtrace::<test[69f9176bb4e5faed]::run_test::{closure#1}, ()>
                               at /rustc/48a229ceaefd4985c50990b14116b6d856af0985/library/std/src/sys/backtrace.rs:166:18
  48:     0x559ada677402 - std[6c98fd8553dbae28]::thread::lifecycle::spawn_unchecked::<test[69f9176bb4e5faed]::run_test::{closure#1}, ()>::{closure#1}::{closure#0}
                               at /rustc/48a229ceaefd4985c50990b14116b6d856af0985/library/std/src/thread/lifecycle.rs:70:13
  49:     0x559ada677402 - <core[c0acaeba6ab4c2e0]::panic::unwind_safe::AssertUnwindSafe<std[6c98fd8553dbae28]::thread::lifecycle::spawn_unchecked<test[69f9176bb4e5faed]::run_test::{closure#1}, ()>::{closure#1}::{closure#0}> as core[c0acaeba6ab4c2e0]::ops::function::FnOnce<()>>::call_once
                               at /rustc/48a229ceaefd4985c50990b14116b6d856af0985/library/core/src/panic/unwind_safe.rs:275:9
  50:     0x559ada677402 - std[6c98fd8553dbae28]::panicking::catch_unwind::do_call::<core[c0acaeba6ab4c2e0]::panic::unwind_safe::AssertUnwindSafe<std[6c98fd8553dbae28]::thread::lifecycle::spawn_unchecked<test[69f9176bb4e5faed]::run_test::{closure#1}, ()>::{closure#1}::{closure#0}>, ()>
                               at /rustc/48a229ceaefd4985c50990b14116b6d856af0985/library/std/src/panicking.rs:576:43
  51:     0x559ada677402 - std[6c98fd8553dbae28]::panicking::catch_unwind::<(), core[c0acaeba6ab4c2e0]::panic::unwind_safe::AssertUnwindSafe<std[6c98fd8553dbae28]::thread::lifecycle::spawn_unchecked<test[69f9176bb4e5faed]::run_test::{closure#1}, ()>::{closure#1}::{closure#0}>>
                               at /rustc/48a229ceaefd4985c50990b14116b6d856af0985/library/std/src/panicking.rs:544:19
  52:     0x559ada677402 - std[6c98fd8553dbae28]::panic::catch_unwind::<core[c0acaeba6ab4c2e0]::panic::unwind_safe::AssertUnwindSafe<std[6c98fd8553dbae28]::thread::lifecycle::spawn_unchecked<test[69f9176bb4e5faed]::run_test::{closure#1}, ()>::{closure#1}::{closure#0}>, ()>
                               at /rustc/48a229ceaefd4985c50990b14116b6d856af0985/library/std/src/panic.rs:359:14
  53:     0x559ada677402 - std[6c98fd8553dbae28]::thread::lifecycle::spawn_unchecked::<test[69f9176bb4e5faed]::run_test::{closure#1}, ()>::{closure#1}
                               at /rustc/48a229ceaefd4985c50990b14116b6d856af0985/library/std/src/thread/lifecycle.rs:68:26
  54:     0x559ada677402 - <std[6c98fd8553dbae28]::thread::lifecycle::spawn_unchecked<test[69f9176bb4e5faed]::run_test::{closure#1}, ()>::{closure#1} as core[c0acaeba6ab4c2e0]::ops::function::FnOnce<()>>::call_once::{shim:vtable#0}
                               at /rustc/48a229ceaefd4985c50990b14116b6d856af0985/library/core/src/ops/function.rs:250:5
  55:     0x559adafe5b5f - <alloc[12e961f32105355]::boxed::Box<dyn core[c0acaeba6ab4c2e0]::ops::function::FnOnce<(), Output = ()> + core[c0acaeba6ab4c2e0]::marker::Send> as core[c0acaeba6ab4c2e0]::ops::function::FnOnce<()>>::call_once
                               at /rustc/48a229ceaefd4985c50990b14116b6d856af0985/library/alloc/src/boxed.rs:2319:9
  56:     0x559adafe5b5f - <std[6c98fd8553dbae28]::sys::thread::unix::Thread>::new::thread_start
                               at /rustc/48a229ceaefd4985c50990b14116b6d856af0985/library/std/src/sys/thread/unix.rs:123:17
  57:     0x7fb54f7e2b7b - <unknown>
  58:     0x7fb54f8607f8 - <unknown>
  59:                0x0 - <unknown>

thread 'final_validation_expiry::lease_expiry_during_final_model_validation_refuses_gateway_dispatch' (1193247) panicked at /rustc/48a229ceaefd4985c50990b14116b6d856af0985/library/core/src/panicking.rs:233:5:
panic in a destructor during cleanup
thread caused non-unwinding panic. aborting.
error: test failed, to rerun pass `-p zobba-worker --test gateway_process`

Caused by:
  process didn't exit successfully: `/workspace/intellifin-audit/zobba/target/debug/deps/gateway_process-2fcfa9679d184157 final_validation_expiry --nocapture` (signal: 6, SIGABRT: process abort signal)
