   Compiling zobba-infrastructure v0.1.0 (/workspace/intellifin-audit/zobba/crates/infrastructure)
   Compiling zobba-worker v0.1.0 (/workspace/intellifin-audit/zobba/crates/worker)
    Finished `test` profile [unoptimized + debuginfo] target(s) in 16.49s
     Running tests/gateway_process.rs (target/debug/deps/gateway_process-2fcfa9679d184157)

running 3 tests

thread 'final_validation_expiry::exact_approval_expiry_during_final_model_validation_refuses_gateway_dispatch' (1193805) panicked at crates/worker/tests/support/final_validation_expiry.rs:591:5:
assertion `left == right` failed
  left: Ok(Completed)
 right: Err(NeedsDecision)
note: run with `RUST_BACKTRACE=1` environment variable to display a backtrace
test final_validation_expiry::exact_approval_expiry_during_final_model_validation_refuses_gateway_dispatch ... FAILED

thread 'final_validation_expiry::request_expiry_during_final_model_validation_refuses_gateway_dispatch' (1193807) panicked at crates/worker/tests/support/final_validation_expiry.rs:591:5:
assertion `left == right` failed
  left: Ok(Unknown)
 right: Err(Denied)
test final_validation_expiry::request_expiry_during_final_model_validation_refuses_gateway_dispatch ... FAILED

thread 'final_validation_expiry::lease_expiry_during_final_model_validation_refuses_gateway_dispatch' (1193806) panicked at crates/worker/tests/support/final_validation_expiry.rs:591:5:
assertion `left == right` failed
  left: Ok(Completed)
 right: Err(Fenced)
test final_validation_expiry::lease_expiry_during_final_model_validation_refuses_gateway_dispatch ... FAILED

failures:

failures:
    final_validation_expiry::exact_approval_expiry_during_final_model_validation_refuses_gateway_dispatch
    final_validation_expiry::lease_expiry_during_final_model_validation_refuses_gateway_dispatch
    final_validation_expiry::request_expiry_during_final_model_validation_refuses_gateway_dispatch

test result: FAILED. 0 passed; 3 failed; 0 ignored; 0 measured; 4 filtered out; finished in 14.96s

error: test failed, to rerun pass `-p zobba-worker --test gateway_process`
