   Compiling zobba-infrastructure v0.1.0 (/workspace/intellifin-audit/zobba/crates/infrastructure)
   Compiling zobba-api v0.1.0 (/workspace/intellifin-audit/zobba/crates/api)
   Compiling zobba-worker v0.1.0 (/workspace/intellifin-audit/zobba/crates/worker)
   Compiling zobba-cli v0.1.0 (/workspace/intellifin-audit/zobba/crates/cli)
    Finished `test` profile [unoptimized + debuginfo] target(s) in 2m 19s
  Executable unittests src/lib.rs (target/debug/deps/zobba_api-980ce4be9b8f93d3)
  Executable unittests src/main.rs (target/debug/deps/zobba_api-02084e7aa43afaef)
  Executable tests/evidence_contract.rs (target/debug/deps/evidence_contract-5de35beb3af130d5)
  Executable tests/evidence_fixture.rs (target/debug/deps/evidence_fixture-a0434b5c194d1bcc)
  Executable tests/evidence_http.rs (target/debug/deps/evidence_http-0977c2581fbc9e12)
  Executable tests/knowledge_contract.rs (target/debug/deps/knowledge_contract-f8e1f9324c967109)
  Executable tests/knowledge_http.rs (target/debug/deps/knowledge_http-642d27c18f7c07b3)
  Executable tests/membership_contract.rs (target/debug/deps/membership_contract-2f0160f6f0af8be3)
  Executable tests/membership_http.rs (target/debug/deps/membership_http-86ac739192eef60b)
  Executable tests/methodology_contract.rs (target/debug/deps/methodology_contract-e7c5e3545ccd2948)
  Executable tests/methodology_http.rs (target/debug/deps/methodology_http-0aebef6bb7ea85d5)
  Executable tests/operations_http.rs (target/debug/deps/operations_http-9fd0d392a69d83e1)
  Executable tests/skills.rs (target/debug/deps/skills-a7e3c321f9804c8d)
  Executable tests/skills_contract.rs (target/debug/deps/skills_contract-1a73e42506362a35)
  Executable tests/tasks_http.rs (target/debug/deps/tasks_http-57e255a50dc970bc)
  Executable unittests src/lib.rs (target/debug/deps/zobba_application-f47634667b7d4ed3)
  Executable unittests src/main.rs (target/debug/deps/zobba_cli-38f089897ca5fd01)
  Executable unittests src/lib.rs (target/debug/deps/zobba_domain-616580de12395370)
  Executable unittests src/lib.rs (target/debug/deps/zobba_infrastructure-033f05ca12fe4905)
  Executable tests/admin_continuity.rs (target/debug/deps/admin_continuity-b18f1a4a724da935)
  Executable tests/bootstrap.rs (target/debug/deps/bootstrap-ff1d555326359bc0)
  Executable tests/conversation.rs (target/debug/deps/conversation-e58db316e87238cc)
  Executable tests/evidence.rs (target/debug/deps/evidence-72100568b273e143)
  Executable tests/evidence_s3.rs (target/debug/deps/evidence_s3-9c282a1fedf9056e)
  Executable tests/fixture.rs (target/debug/deps/fixture-9f0c0f59751198e8)
  Executable tests/identity.rs (target/debug/deps/identity-5e4637c9f22b10bb)
  Executable tests/knowledge.rs (target/debug/deps/knowledge-d50fe3358fb3141b)
  Executable tests/membership.rs (target/debug/deps/membership-e241e1764b1bd0e6)
  Executable tests/methodology.rs (target/debug/deps/methodology-586bd4853f6ecd24)
  Executable tests/oidc_protocol.rs (target/debug/deps/oidc_protocol-395338dcb1cf1ab9)
  Executable tests/operations.rs (target/debug/deps/operations-c7088e9f0be4deb0)
  Executable tests/scope.rs (target/debug/deps/scope-6f6a6a6a820fd7f3)
  Executable tests/skills.rs (target/debug/deps/skills-91e0ff8a6821a6fc)
  Executable tests/task.rs (target/debug/deps/task-56a1e5fc6418079b)
  Executable unittests src/lib.rs (target/debug/deps/zobba_worker-dfc0fe1d68e8f787)
  Executable unittests src/main.rs (target/debug/deps/zobba_worker-2d756b99dce8fdcf)
  Executable tests/durable_process.rs (target/debug/deps/durable_process-1a4ca419750677bd)
  Executable tests/gateway_process.rs (target/debug/deps/gateway_process-27794cc680416712)
  Executable tests/inert_process.rs (target/debug/deps/inert_process-ce39af6920349c8a)
  Executable tests/reliability_process.rs (target/debug/deps/reliability_process-c4ab474b02505c61)
