   Compiling zobba-infrastructure v0.1.0 (/workspace/intellifin-audit/zobba/crates/infrastructure)
    Finished `test` profile [unoptimized + debuginfo] target(s) in 8.01s
     Running tests/operations.rs (target/debug/deps/operations-c15f0a4016247673)

running 5 tests
test maximal_valid_owned_wire_values_fit_durable_byte_envelopes ... maximal valid wire bytes: canonical=16837, decision=17212, policy=83779, authority=1031769
ok
test owned_storage_roundtrips_and_refuses_ambiguous_durable_fields ... ok
test standing_permissions_exact_operations_and_transaction_cutoffs ... model integration phase 1
model integration phase 2
model integration phase 3
model integration phase 4
model integration phase 5
model integration phase 6
model integration complete
ordinary operations phase begins

thread 'standing_permissions_exact_operations_and_transaction_cutoffs' (1114866) has overflowed its stack
fatal runtime error: stack overflow, aborting
error: test failed, to rerun pass `-p zobba-infrastructure --test operations`

Caused by:
  process didn't exit successfully: `/workspace/intellifin-audit/zobba/target/debug/deps/operations-c15f0a4016247673 --nocapture --test-threads=1` (signal: 6, SIGABRT: process abort signal)
