$ pnpm --filter @zobba/web check
$ node scripts/generate-api.mjs --check && tsc --noEmit && node --test tests/*.test.mjs
✔ session bootstrap requires server identity and a nonempty CSRF token (1.353097ms)
✔ engagement responses require every explicit scope and a current audit role (0.757409ms)
✔ a shaped response cannot silently change any selected scope identifier (31.282175ms)
✔ scope IDs and Unicode label bounds match stored and HTTP contracts (2.226312ms)
✔ bounded pages preserve identical local IDs across scopes and request all cursor parts (2.961518ms)
✔ already expired logout is success while refusal and outage remain errors (0.749806ms)
✔ session identity cannot introduce an invalid actor binding or unbounded header (0.273247ms)
✔ JSON response bodies are bounded even without a truthful Content-Length (2.996667ms)
✔ session mismatch withdraws projections and preserves uncertain work without making it dismissible conflict (16.118869ms)
✔ outbox persists immutable meaning per actor and complete scope, never credentials (2.742462ms)
✔ ordinary uncertain work leaves bounded independent Pause/Stop recovery capacity (1.510345ms)
✔ storage failure prevents even starting admission and preserves editable caller input (4.726083ms)
✔ lost committed acknowledgement survives reload and retry sends original meaning with fresh access (5.402182ms)
✔ reconciliation requires original author plus exact key, content and target, never a similar echo (5.410841ms)
✔ retry refuses changed actor and revoked membership before any transmission (2.629442ms)
✔ old snapshot and old acknowledgement cannot repopulate withdrawn projections or remove uncertain recovery (2.629822ms)
✔ 409 preserves exact original bytes with an explicit refused state (3.741483ms)
✔ Pause admission remains independent of a blocked read and another pending write (2.342952ms)
✔ new access generation ignores a late failure from an older read (1.154506ms)
✔ reserved first-send and same-key retry never wait on ordinary access reads (2.037562ms)
✔ reserved retry with replaced cookie refuses without adopting another actor (1.713603ms)
✔ only a definite refusal can be dismissed; uncertain requests keep their exact recovery key (1.784154ms)
✔ same-scope checking preserves hidden nodes while failures withdraw all projection content (1.072779ms)
✔ later Task pages refresh after invalidation and never accumulate an unbounded buffer (1.305572ms)
✔ ordinary retry refreshes access even when an App session is still in memory (1.101593ms)
✔ concurrent storage reservations preserve immutable records and the scoped quota (2.569269ms)
✔ global recovery capacity and storage scanning are bounded without reading another actor content (4.980471ms)
✔ an obsolete history failure cannot erase a newer explicitly resynchronised view (1.843949ms)
✔ a continued Task stays on its later page so an old composer cycle remains visibly stale (1.281757ms)
✔ successful reconnect clears the transient read failure after restoring server content (0.832836ms)
✔ successful snapshots and outage recovery preserve unresolved command refusals (1.6499ms)
✔ a successful projection cannot clear an unresolved recovery-storage send failure (2.148744ms)
✔ a later Task page cannot begin before its snapshot or remain stale behind the installed watermark (2.069937ms)
✔ R1 a persisted handoff survives access revalidation without sending under its obsolete generation (1.099309ms)
✔ R1 late persistence after withdrawal remains saved without exposing or transmitting it (0.850385ms)
✔ R2 a replaced or aborted inspection cannot withdraw a newer verified conversation on failure (1.667778ms)
✔ R2 a newer accepted projection fences old inspection success and failure (1.220325ms)
✔ R3 exact durable echo wins over a later lost reply without inventing unsaved uncertainty (2.972973ms)
✔ R3 fresh authority refusal still withdraws after an exact durable echo (2.506502ms)
✔ R4 dismissing a refusal clears only that operation notice and it stays cleared after later reads (6.310477ms)
✔ R4 dismissing a refusal cannot erase an unrelated storage failure notice (1.295562ms)
✔ R5 other-tab creation and dismissal refresh only the matching bounded outbox without replay (0.894461ms)
✔ R5 irrelevant bindings never inspect payloads and relevant bursts coalesce behind an access fence (0.901694ms)
✔ R3 a different author or different meaning is never receipt evidence for an in-flight request (1.631358ms)
✔ R8 current activity advances independently while the displayed history page stays fixed (1.112377ms)
✔ R4 a successful retry storage read clears its own prior failure including a verified absent key (1.506242ms)
✔ R4 successful refusal dismissal clears only its own storage warning including verified absence (1.084762ms)
✔ async outbox retry reads cannot transmit after access changes while persistence is loading (0.717571ms)
✔ async status persistence is fenced immediately before any command POST (1.544103ms)
✔ out-of-order async reconciliation cannot restore an outbox row removed by a newer transaction (1.018899ms)
✔ late async reconciliation failures cannot overwrite a newer access generation (0.78701ms)
✔ an asynchronous status-write failure prevents transmission and retains the exact reserved request (1.102975ms)
✔ a late asynchronous refusal-removal failure cannot restore notices after withdrawal (0.860337ms)
✔ status-only storage updates cannot resurrect an already removed operation (0.34284ms)
✔ own legacy preview recovery blocks reads and new sends with an explicit fixed notice (0.723559ms)
✔ unknown persistence errors never expose untrusted storage text (0.791966ms)
✔ a known receipt survives asynchronous removal failure and recovery retries cleanup without admission (2.047455ms)
✔ an exact durable echo survives failed reconciliation and a late POST failure without retransmission (3.784897ms)
✔ controller disposal closes recovery storage while temporary access checks leave it open (1.231277ms)
✔ replacement disposes the old controller without allowing its late acknowledgement to erase recovery (1.24109ms)
✔ create reconciliation compares exact supplied context including absent versus explicitly empty context (3.470102ms)
✔ guide reconciliation compares exact supplied context including absent versus explicitly empty context (1.613496ms)
✔ Guide recovery retries the full frozen context after reload without inferring current defaults (1.189729ms)
✔ every workspace read binds the current session and preserves mismatch status distinctly from command conflicts (46.475899ms)
✔ decimal cursors retain precision and bounded canonical integer representation (0.492016ms)
✔ snapshot validates audience, composite scope, author and command binding before exposure (2.403335ms)
✔ latest activity is bounded and remains independent of the displayed message and Task pages (4.158554ms)
✔ guidance and continuation retain source target and original receipt distinctions (0.63582ms)
✔ history is complete bounded descending pagination with ascending immutable page rows (6.021679ms)
✔ delivery validates contiguous bounded feed without advancing over omitted rows (0.989034ms)
✔ content uses exact Rust whitespace, Unicode byte and control bounds (0.620426ms)
✔ every command routes to its authoritative admission lane with exact body and fresh CSRF (10.81593ms)
✔ future cursors, explicit gaps, and impossible Applied facts cannot become current state (0.647191ms)
✔ PostgreSQL TCP endpoint preserves IPv6 and port precedence (1.838784ms)
✔ invalid effective ports fail with a fixed secret-safe diagnostic (0.748905ms)
✔ resolved IPv6 and PGPORT endpoints connect to real loopback sockets (26.169866ms)
✔ default resolver reads PGPORT from the environment (0.844854ms)
✔ browser DatabaseProxy routes IPv6 and PGPORT, disconnects and recovers (23.265572ms)
✔ shared Rust/browser Unicode metadata parity preserves filename and recovery exactly (31.855006ms)
✔ shared Rust/browser Unicode metadata parity preserves system and recovery exactly (21.526435ms)
✔ shared Rust/browser Unicode metadata parity preserves account and recovery exactly (23.632487ms)
✔ shared Rust/browser Unicode metadata parity preserves source_version and recovery exactly (20.604925ms)
✔ shared Rust/browser Unicode metadata parity preserves selection and recovery exactly (17.761016ms)
✔ shared Rust/browser Unicode metadata parity preserves coverage and recovery exactly (23.30958ms)
✔ new evidence input trims Unicode White_Space while preserving FEFF and internal values (0.632858ms)
✔ evidence parser binds scope, immutable identity and non-null version without propagating private fields (0.419735ms)
✔ reservation retry sends unchanged attributed payload and enforces the expected session (33.788234ms)
✔ completed metadata is refused after account or same-actor session replacement (4.416638ms)
✔ authenticated download verifies bounded actual bytes and content identity before disclosure (20.668966ms)
✔ completed download bytes remain fenced across same-actor session replacement (2.769619ms)
✔ browser recovery retains exact reservation only for the same session and composite scope (2.88454ms)
✔ download filename strips path and header controls (0.973861ms)
✔ maximum valid escaped assertions retain their exact immutable recovery envelope (2.413183ms)
✔ durable reservation quota is distinguished from conflict and transient I/O capacity (2.119962ms)
✔ bounded evidence pages validate ordered examined-prefix continuation and explicit coverage (4.882147ms)
✔ source search preserves Unicode, uses UTF-8 bounds and canonical query equality (1.993386ms)
✔ sparse and empty search pages can continue only through a valid examined prefix (4.839008ms)
✔ plain-text preview refuses more than 100 lines or 64 KiB before rendering (1.774746ms)
✔ the real API contract distinguishes live, ready, and unavailable (0.801738ms)
✔ bad HTTP status, schema, service, or payload can never become ready (0.511049ms)
✔ knowledge preserves exact BOM/CRLF/emoji, source byte location, author and large revision (5.611674ms)
✔ scope and certainty parsing keep personal, firm, client and engagement distinct (0.895355ms)
✔ bounded pages enforce exact Task, stable ASCII order and honest page cursor (4.170781ms)
✔ periods stay explicitly unknown and reject incomplete or invalid date ranges (1.004525ms)
✔ scan-limited partial pages advance only from a disclosed ordered record and never invent an empty cursor (4.090673ms)
✔ only the allowlisted typed owner preference is disclosed privately (0.98922ms)
✔ receipt parsing retains current status instead of reviving a corrected record (0.45411ms)
✔ private knowledge drafts survive exact-owner remount in memory and clear on replacement and scope denial (1.954786ms)
✔ custody refuses prospective overflow without evicting uncertain commands or silently replacing drafts (14.934874ms)
✔ knowledge reads use exact-session scope and reject delayed replacement before disclosing content (44.726352ms)
✔ exact lookup binds both record and revision independently of pagination (3.548514ms)
✔ buffered knowledge revalidates exact query, source statuses and Task basis before disclosure (2.134373ms)
✔ mutation sends one captured exact command with actor/CSRF/session fencing and checks session after receipt (1.873569ms)
✔ knowledge and preference ports preserve the ordinary 4 MiB response cap (19.424083ms)
✔ actual API omission response fixture passes the unchanged strict page and source parsers (2.489813ms)
✔ scope navigation drops only unsent drafts and preserves exact pending custody until true denial or replacement (0.574753ms)
✔ preference outcomes retain only attributable receipt and destinations under exact owner custody (4.001789ms)
✔ only public source I/O requests receive the bounded 120 second deadline (0.200692ms)
✔ support references serialize only canonical scope identity from a wider Engagement projection (0.269408ms)
✔ admin projection accepts Admin-only membership independently from assigned audit access (3.959494ms)
✔ membership projections refuse foreign orgs, unbounded or duplicate lists and malformed authority (2.713716ms)
✔ each bounded membership page validates its final cursor, including compound engagement scope (1.233604ms)
✔ membership reads bind the expected session and omit cleared pagination values (55.009936ms)
✔ each Save and exact retry verifies current session, retains its exact body and verifies receipt audience (5.247333ms)
✔ obsolete-session retry sends no POST and a changed post-response session cannot expose a receipt (3.464054ms)
✔ membership Save allowlists the last_admin header before its bounded conflict body (13.13071ms)
✔ the last_admin header settles before stalled or delayed bodies despite cancellation never settling (4.134587ms)
✔ a successful Save still decodes its receipt when an error-code header is present (3.987398ms)
✔ a stalled or partial conflict body cannot hold Save open, even when cancellation stalls (755.064457ms)
✔ oversized conflict bodies cancel without waiting for cleanup, including dishonest lengths (1.69027ms)
✔ a complete conflict body decodes once and releases its reader without cancelling the stream (0.787553ms)
✔ private invitations use random bounded fragment secrets and scrub even malformed input from history (1.912377ms)
✔ invitation issue and acceptance put secrets only in an explicit POST body (0.941901ms)
✔ authenticated invitation preview validates fixed access, bounds assignments and sends its secret only in a body (2.465122ms)
✔ membership expiry renewal uses explicit bounded UTC values and shows effective status (1.749561ms)
✔ legacy assignments remain bounded with an explicit incomplete projection and independently checked pages (2.45904ms)
✔ memory custody preserves exact unsent edit/lineage/activation and isolates clone mutations and organisation (4.137038ms)
✔ recall custody retains exact reason and expected version/revision/key through transient remount (0.437912ms)
✔ replacement by actor or exact session clears every former audience without resurrection (1.624191ms)
✔ current organisation denial/cancel/success clears its draft and pending receipt, leaving other audiences (0.647153ms)
✔ audience capacity refuses new custody without evicting any draft or uncertain command (2.911535ms)
✔ serialized byte capacity rejects before mutation and still permits exact pending recovery and release (409.234916ms)
✔ methodology projections preserve exact attributed criteria/templates and large revisions, excluding unknown fields (4.485483ms)
✔ Task basis retains legitimate history and notices beyond the configuration input limits (11.52383ms)
✔ methodology refuses malformed dates, revisions, scopes, controls and unbounded definitions (0.574933ms)
✔ Unicode label, source, criteria and template parsing matches Rust White_Space without trimming FEFF (0.720953ms)
✔ exact Save retries retain frozen key, body, schedule and actor with pre/post session checks (34.393178ms)
✔ replaced session fences initial Save and post-response receipt disclosure (1.709137ms)
✔ current metadata and Task reads bind exact session and scope before publication (3.224319ms)
✔ optional Create and Guide context survive exact command recovery while controls refuse context (0.727488ms)
✔ uncertain in-memory Save custody survives a same-session remount and clears for a changed audience (0.910777ms)
✔ conversation echo preserves submitted context without inventing resolved defaults (2.424189ms)
✔ methodology limitations use human requirement labels while unknown codes have a safe inspection path (0.438515ms)
✔ a first 429 refusal releases the draft while a throttled uncertain retry keeps exact request custody (0.338092ms)
✔ Undo, historical Edit and revision recovery follow exact successor links across overlapping independent packages (1.01318ms)
✔ optional label and field behavior preserve untouched null, supplied values and explicit empty arrays (0.459334ms)
✔ mixed adopted and neutral basis keeps exact neutral field and template source attribution without changing status (2.768988ms)
✔ proxy failure never logs callback query or cookie credentials (215.639316ms)
✔ skill manifests preserve exact provenance, Unicode, inert resource bytes and canonical large revisions (6.200542ms)
✔ skill manifest input bounds match server finite vocabulary, canonical sets and UTF-8 capacity (6.626991ms)
✔ catalog resource digests bind exact resource identities and scope without replacing saved content (0.769317ms)
✔ discovery binds exact Task, method, catalog and immutable skill identity across candidates and history (2.106275ms)
✔ historical selection retains actual selector separately from accepted authority and effective method epoch (1.284171ms)
✔ unavailable and forbidden declared needs retain explanatory metadata without implying operation authority (1.074397ms)
✔ exact selection replay freezes complete scope and original basis, returns history with current blocked eligibility (41.536506ms)
✔ selection receipts refuse substituted selector, version, reason, Task and expected basis (6.29183ms)
✔ catalog mutations preserve exact retries and validate status receipt audience (1.984911ms)
✔ replaced sessions prevent a first write and fence a completed write before receipt disclosure (1.355499ms)
✔ catalog, discovery and independent eligibility reads verify session after scoped server responses (1.668639ms)
✔ uncertain skill custody is memory-only and isolated to exact actor session organisation and Task (0.56396ms)
✔ definite conflicts allow review while uncertain retries keep their original key through throttling (0.158253ms)
✔ set ordering is canonicalized only at submission without editing the draft or immutable resource bytes (0.503123ms)
✔ skills accept bounded 8 MiB metadata responses while ordinary reads stay at 4 MiB (89.189967ms)
✔ incoherent eligible observations cannot enable selection or silently drop a declared need (0.60864ms)
✔ maximal conservative catalog/discovery wire envelopes fit the skills-only 8 MiB read bound (166.620064ms)
ℹ Conservative discovery wire envelope: 7467743 bytes; catalog: 3685956 bytes; skill limit: 8388608 bytes. 128 candidates + 128 selections, 16 needs/inspection and 16 resource digests/version; 2 MiB command + 1 MiB receipt padding plus wrappers.
ℹ Conservative assignments page envelope: 144773 bytes.
ℹ Conservative history page envelope: 419101 bytes.
ℹ Conservative impact page envelope: 66288 bytes.
✔ definite scope and Admin refusals erase only the matching private retry custody (0.656149ms)
✔ server-owned eligibility explanation bound counts UTF-8 bytes while user reasons retain Unicode scalar limits (5.799179ms)
✔ unsent skill drafts preserve exact text and original basis only for their actor session organisation and Task (0.753927ms)
✔ bounded draft custody refuses new entries and bytes without evicting drafts or exact pending recovery (53.00574ms)
✔ authoring errors identify exact fields and limits while supplementary characters and raw source text remain intact (8.44617ms)
✔ redacted bound explanations preserve accepted/current kind and depth without leaking rule values (0.550291ms)
✔ independent assignment and status pages validate bounds, cursor ordering, scope and persisted provenance (0.77401ms)
✔ impact pages bind current audit and optional exact version while preserving original selection references (2.51821ms)
ℹ tests 183
ℹ suites 0
ℹ pass 183
ℹ fail 0
ℹ cancelled 0
ℹ skipped 0
ℹ todo 0
ℹ duration_ms 1802.961297
