$ node scripts/generate-api.mjs --check && tsc --noEmit && node --test tests/*.test.mjs
✔ session bootstrap requires server identity and a nonempty CSRF token (2.507564ms)
✔ engagement responses require every explicit scope and a current audit role (1.201093ms)
✔ a shaped response cannot silently change any selected scope identifier (47.759258ms)
✔ scope IDs and Unicode label bounds match stored and HTTP contracts (2.60677ms)
✔ bounded pages preserve identical local IDs across scopes and request all cursor parts (2.41129ms)
✔ already expired logout is success while refusal and outage remain errors (0.691754ms)
✔ session identity cannot introduce an invalid actor binding or unbounded header (0.26694ms)
✔ JSON response bodies are bounded even without a truthful Content-Length (3.236211ms)
✔ session mismatch withdraws projections and preserves uncertain work without making it dismissible conflict (25.590423ms)
✔ outbox persists immutable meaning per actor and complete scope, never credentials (1.910931ms)
✔ ordinary uncertain work leaves bounded independent Pause/Stop recovery capacity (1.353326ms)
✔ storage failure prevents even starting admission and preserves editable caller input (3.518334ms)
✔ lost committed acknowledgement survives reload and retry sends original meaning with fresh access (3.048694ms)
✔ reconciliation requires original author plus exact key, content and target, never a similar echo (3.11182ms)
✔ retry refuses changed actor and revoked membership before any transmission (2.044321ms)
✔ old snapshot and old acknowledgement cannot repopulate withdrawn projections or remove uncertain recovery (1.418112ms)
✔ 409 preserves exact original bytes with an explicit refused state (2.534556ms)
✔ Pause admission remains independent of a blocked read and another pending write (1.985063ms)
✔ new access generation ignores a late failure from an older read (0.752932ms)
✔ reserved first-send and same-key retry never wait on ordinary access reads (1.55439ms)
✔ reserved retry with replaced cookie refuses without adopting another actor (1.47664ms)
✔ only a definite refusal can be dismissed; uncertain requests keep their exact recovery key (1.161369ms)
✔ same-scope checking preserves hidden nodes while failures withdraw all projection content (0.655542ms)
✔ later Task pages refresh after invalidation and never accumulate an unbounded buffer (1.147484ms)
✔ ordinary retry refreshes access even when an App session is still in memory (1.086674ms)
✔ concurrent storage reservations preserve immutable records and the scoped quota (0.9542ms)
✔ global recovery capacity and storage scanning are bounded without reading another actor content (5.458516ms)
✔ an obsolete history failure cannot erase a newer explicitly resynchronised view (1.506812ms)
✔ a continued Task stays on its later page so an old composer cycle remains visibly stale (1.051242ms)
✔ successful reconnect clears the transient read failure after restoring server content (0.82279ms)
✔ successful snapshots and outage recovery preserve unresolved command refusals (2.510794ms)
✔ a successful projection cannot clear an unresolved recovery-storage send failure (2.612779ms)
✔ a later Task page cannot begin before its snapshot or remain stale behind the installed watermark (4.546078ms)
✔ R1 a persisted handoff survives access revalidation without sending under its obsolete generation (1.066528ms)
✔ R1 late persistence after withdrawal remains saved without exposing or transmitting it (1.180916ms)
✔ R2 a replaced or aborted inspection cannot withdraw a newer verified conversation on failure (2.937317ms)
✔ R2 a newer accepted projection fences old inspection success and failure (15.333364ms)
✔ R3 exact durable echo wins over a later lost reply without inventing unsaved uncertainty (2.455401ms)
✔ R3 fresh authority refusal still withdraws after an exact durable echo (1.327472ms)
✔ R4 dismissing a refusal clears only that operation notice and it stays cleared after later reads (1.930202ms)
✔ R4 dismissing a refusal cannot erase an unrelated storage failure notice (1.638925ms)
✔ R5 other-tab creation and dismissal refresh only the matching bounded outbox without replay (1.236914ms)
✔ R5 irrelevant bindings never inspect payloads and relevant bursts coalesce behind an access fence (1.646008ms)
✔ R3 a different author or different meaning is never receipt evidence for an in-flight request (3.944332ms)
✔ R8 current activity advances independently while the displayed history page stays fixed (1.115706ms)
✔ R4 a successful retry storage read clears its own prior failure including a verified absent key (1.692369ms)
✔ R4 successful refusal dismissal clears only its own storage warning including verified absence (1.534106ms)
✔ async outbox retry reads cannot transmit after access changes while persistence is loading (0.796283ms)
✔ async status persistence is fenced immediately before any command POST (0.945969ms)
✔ out-of-order async reconciliation cannot restore an outbox row removed by a newer transaction (1.285807ms)
✔ late async reconciliation failures cannot overwrite a newer access generation (0.750368ms)
✔ an asynchronous status-write failure prevents transmission and retains the exact reserved request (0.924301ms)
✔ a late asynchronous refusal-removal failure cannot restore notices after withdrawal (1.30535ms)
✔ status-only storage updates cannot resurrect an already removed operation (0.755134ms)
✔ own legacy preview recovery blocks reads and new sends with an explicit fixed notice (0.989715ms)
✔ unknown persistence errors never expose untrusted storage text (0.891176ms)
✔ a known receipt survives asynchronous removal failure and recovery retries cleanup without admission (1.7186ms)
✔ an exact durable echo survives failed reconciliation and a late POST failure without retransmission (2.97308ms)
✔ controller disposal closes recovery storage while temporary access checks leave it open (2.579092ms)
✔ replacement disposes the old controller without allowing its late acknowledgement to erase recovery (1.612615ms)
✔ create reconciliation compares exact supplied context including absent versus explicitly empty context (7.668998ms)
✔ guide reconciliation compares exact supplied context including absent versus explicitly empty context (3.169038ms)
✔ Guide recovery retries the full frozen context after reload without inferring current defaults (1.47665ms)
✔ every workspace read binds the current session and preserves mismatch status distinctly from command conflicts (30.50508ms)
✔ decimal cursors retain precision and bounded canonical integer representation (0.308183ms)
✔ snapshot validates audience, composite scope, author and command binding before exposure (1.99412ms)
✔ latest activity is bounded and remains independent of the displayed message and Task pages (3.153641ms)
✔ guidance and continuation retain source target and original receipt distinctions (0.417747ms)
✔ history is complete bounded descending pagination with ascending immutable page rows (6.164204ms)
✔ delivery validates contiguous bounded feed without advancing over omitted rows (0.978451ms)
✔ content uses exact Rust whitespace, Unicode byte and control bounds (0.425739ms)
✔ every command routes to its authoritative admission lane with exact body and fresh CSRF (5.286006ms)
✔ future cursors, explicit gaps, and impossible Applied facts cannot become current state (0.742243ms)
✔ PostgreSQL TCP endpoint preserves IPv6 and port precedence (2.357357ms)
✔ invalid effective ports fail with a fixed secret-safe diagnostic (0.676407ms)
✔ resolved IPv6 and PGPORT endpoints connect to real loopback sockets (29.05621ms)
✔ default resolver reads PGPORT from the environment (0.464445ms)
✔ browser DatabaseProxy routes IPv6 and PGPORT, disconnects and recovers (19.313938ms)
✔ shared Rust/browser Unicode metadata parity preserves filename and recovery exactly (27.676798ms)
✔ shared Rust/browser Unicode metadata parity preserves system and recovery exactly (23.015985ms)
✔ shared Rust/browser Unicode metadata parity preserves account and recovery exactly (24.35717ms)
✔ shared Rust/browser Unicode metadata parity preserves source_version and recovery exactly (24.147559ms)
✔ shared Rust/browser Unicode metadata parity preserves selection and recovery exactly (27.105522ms)
✔ shared Rust/browser Unicode metadata parity preserves coverage and recovery exactly (46.453026ms)
✔ new evidence input trims Unicode White_Space while preserving FEFF and internal values (0.52563ms)
✔ evidence parser binds scope, immutable identity and non-null version without propagating private fields (0.576623ms)
✔ reservation retry sends unchanged attributed payload and enforces the expected session (45.057787ms)
✔ completed metadata is refused after account or same-actor session replacement (3.466476ms)
✔ authenticated download verifies bounded actual bytes and content identity before disclosure (6.13521ms)
✔ completed download bytes remain fenced across same-actor session replacement (2.208771ms)
✔ browser recovery retains exact reservation only for the same session and composite scope (2.72448ms)
✔ download filename strips path and header controls (0.839654ms)
✔ maximum valid escaped assertions retain their exact immutable recovery envelope (2.425041ms)
✔ durable reservation quota is distinguished from conflict and transient I/O capacity (2.615982ms)
✔ bounded evidence pages validate ordered examined-prefix continuation and explicit coverage (8.028784ms)
✔ source search preserves Unicode, uses UTF-8 bounds and canonical query equality (1.941019ms)
✔ sparse and empty search pages can continue only through a valid examined prefix (7.77828ms)
✔ plain-text preview refuses more than 100 lines or 64 KiB before rendering (2.700759ms)
✔ the real API contract distinguishes live, ready, and unavailable (0.903298ms)
✔ bad HTTP status, schema, service, or payload can never become ready (0.803665ms)
✔ knowledge preserves exact BOM/CRLF/emoji, source byte location, author and large revision (3.978921ms)
✔ scope and certainty parsing keep personal, firm, client and engagement distinct (0.486303ms)
✔ bounded pages enforce exact Task, stable ASCII order and honest page cursor (2.250879ms)
✔ periods stay explicitly unknown and reject incomplete or invalid date ranges (0.836044ms)
✔ scan-limited partial pages advance only from a disclosed ordered record and never invent an empty cursor (2.741578ms)
✔ only the allowlisted typed owner preference is disclosed privately (4.846876ms)
✔ receipt parsing retains current status instead of reviving a corrected record (0.279811ms)
✔ private knowledge drafts survive exact-owner remount in memory and clear on replacement and scope denial (1.395116ms)
✔ custody refuses prospective overflow without evicting uncertain commands or silently replacing drafts (16.733059ms)
✔ knowledge reads use exact-session scope and reject delayed replacement before disclosing content (46.916608ms)
✔ exact lookup binds both record and revision independently of pagination (1.875649ms)
✔ buffered knowledge revalidates exact query, source statuses and Task basis before disclosure (1.725912ms)
✔ mutation sends one captured exact command with actor/CSRF/session fencing and checks session after receipt (1.334047ms)
✔ knowledge and preference ports preserve the ordinary 4 MiB response cap (15.693475ms)
✔ actual API omission response fixture passes the unchanged strict page and source parsers (1.592615ms)
✔ scope navigation drops only unsent drafts and preserves exact pending custody until true denial or replacement (0.373284ms)
✔ preference outcomes retain only attributable receipt and destinations under exact owner custody (0.344572ms)
✔ only public source I/O requests receive the bounded 120 second deadline (0.441847ms)
✔ support references serialize only canonical scope identity from a wider Engagement projection (0.268098ms)
✔ admin projection accepts Admin-only membership independently from assigned audit access (2.922037ms)
✔ membership projections refuse foreign orgs, unbounded or duplicate lists and malformed authority (2.713887ms)
✔ each bounded membership page validates its final cursor, including compound engagement scope (0.994288ms)
✔ membership reads bind the expected session and omit cleared pagination values (43.868855ms)
✔ each Save and exact retry verifies current session, retains its exact body and verifies receipt audience (3.276698ms)
✔ obsolete-session retry sends no POST and a changed post-response session cannot expose a receipt (2.15749ms)
✔ membership Save allowlists the last_admin header before its bounded conflict body (9.69833ms)
✔ the last_admin header settles before stalled or delayed bodies despite cancellation never settling (3.262108ms)
✔ a successful Save still decodes its receipt when an error-code header is present (0.897222ms)
✔ a stalled or partial conflict body cannot hold Save open, even when cancellation stalls (753.025369ms)
✔ oversized conflict bodies cancel without waiting for cleanup, including dishonest lengths (3.094998ms)
✔ a complete conflict body decodes once and releases its reader without cancelling the stream (1.198432ms)
✔ private invitations use random bounded fragment secrets and scrub even malformed input from history (2.669133ms)
✔ invitation issue and acceptance put secrets only in an explicit POST body (1.559767ms)
✔ authenticated invitation preview validates fixed access, bounds assignments and sends its secret only in a body (1.823001ms)
✔ membership expiry renewal uses explicit bounded UTC values and shows effective status (0.956921ms)
✔ legacy assignments remain bounded with an explicit incomplete projection and independently checked pages (1.72036ms)
✔ memory custody preserves exact unsent edit/lineage/activation and isolates clone mutations and organisation (2.606435ms)
✔ recall custody retains exact reason and expected version/revision/key through transient remount (0.473168ms)
✔ replacement by actor or exact session clears every former audience without resurrection (0.801366ms)
✔ current organisation denial/cancel/success clears its draft and pending receipt, leaving other audiences (0.718234ms)
✔ audience capacity refuses new custody without evicting any draft or uncertain command (2.805979ms)
✔ serialized byte capacity rejects before mutation and still permits exact pending recovery and release (385.453784ms)
✔ methodology projections preserve exact attributed criteria/templates and large revisions, excluding unknown fields (8.746676ms)
✔ Task basis retains legitimate history and notices beyond the configuration input limits (13.024922ms)
✔ methodology refuses malformed dates, revisions, scopes, controls and unbounded definitions (0.60193ms)
✔ Unicode label, source, criteria and template parsing matches Rust White_Space without trimming FEFF (0.527035ms)
✔ exact Save retries retain frozen key, body, schedule and actor with pre/post session checks (36.810215ms)
✔ replaced session fences initial Save and post-response receipt disclosure (1.481128ms)
✔ current metadata and Task reads bind exact session and scope before publication (7.043806ms)
✔ optional Create and Guide context survive exact command recovery while controls refuse context (0.92281ms)
✔ uncertain in-memory Save custody survives a same-session remount and clears for a changed audience (1.473085ms)
✔ conversation echo preserves submitted context without inventing resolved defaults (0.897619ms)
✔ methodology limitations use human requirement labels while unknown codes have a safe inspection path (0.697667ms)
✔ a first 429 refusal releases the draft while a throttled uncertain retry keeps exact request custody (0.313212ms)
✔ Undo, historical Edit and revision recovery follow exact successor links across overlapping independent packages (1.1987ms)
✔ optional label and field behavior preserve untouched null, supplied values and explicit empty arrays (3.070478ms)
✔ mixed adopted and neutral basis keeps exact neutral field and template source attribution without changing status (0.645635ms)
✔ proxy failure never logs callback query or cookie credentials (206.270697ms)
✔ skill manifests preserve exact provenance, Unicode, inert resource bytes and canonical large revisions (6.55814ms)
✔ skill manifest input bounds match server finite vocabulary, canonical sets and UTF-8 capacity (6.355537ms)
✔ catalog resource digests bind exact resource identities and scope without replacing saved content (1.074013ms)
✔ discovery binds exact Task, method, catalog and immutable skill identity across candidates and history (3.821148ms)
✔ historical selection retains actual selector separately from accepted authority and effective method epoch (2.388083ms)
✔ unavailable and forbidden declared needs retain explanatory metadata without implying operation authority (0.861553ms)
✔ exact selection replay freezes complete scope and original basis, returns history with current blocked eligibility (38.77371ms)
✔ selection receipts refuse substituted selector, version, reason, Task and expected basis (6.32387ms)
✔ catalog mutations preserve exact retries and validate status receipt audience (1.535638ms)
✔ replaced sessions prevent a first write and fence a completed write before receipt disclosure (1.472605ms)
✔ catalog, discovery and independent eligibility reads verify session after scoped server responses (1.810422ms)
✔ uncertain skill custody is memory-only and isolated to exact actor session organisation and Task (0.634853ms)
✔ definite conflicts allow review while uncertain retries keep their original key through throttling (0.164404ms)
✔ set ordering is canonicalized only at submission without editing the draft or immutable resource bytes (1.827436ms)
✔ skills accept bounded 8 MiB metadata responses while ordinary reads stay at 4 MiB (100.988234ms)
✔ incoherent eligible observations cannot enable selection or silently drop a declared need (0.680545ms)
✔ maximal conservative catalog/discovery wire envelopes fit the skills-only 8 MiB read bound (174.373303ms)
ℹ Conservative discovery wire envelope: 7467743 bytes; catalog: 3685956 bytes; skill limit: 8388608 bytes. 128 candidates + 128 selections, 16 needs/inspection and 16 resource digests/version; 2 MiB command + 1 MiB receipt padding plus wrappers.
ℹ Conservative assignments page envelope: 144773 bytes.
ℹ Conservative history page envelope: 419101 bytes.
ℹ Conservative impact page envelope: 66288 bytes.
✔ definite scope and Admin refusals erase only the matching private retry custody (0.671097ms)
✔ server-owned eligibility explanation bound counts UTF-8 bytes while user reasons retain Unicode scalar limits (6.759907ms)
✔ unsent skill drafts preserve exact text and original basis only for their actor session organisation and Task (0.766382ms)
✔ bounded draft custody refuses new entries and bytes without evicting drafts or exact pending recovery (46.6077ms)
✔ authoring errors identify exact fields and limits while supplementary characters and raw source text remain intact (7.053732ms)
✔ redacted bound explanations preserve accepted/current kind and depth without leaking rule values (0.617595ms)
✔ independent assignment and status pages validate bounds, cursor ordering, scope and persisted provenance (0.682367ms)
✔ impact pages bind current audit and optional exact version while preserving original selection references (2.279196ms)
ℹ tests 183
ℹ suites 0
ℹ pass 183
ℹ fail 0
ℹ cancelled 0
ℹ skipped 0
ℹ todo 0
ℹ duration_ms 1816.265949
