$ pnpm --filter @zobba/web check
$ node scripts/generate-api.mjs --check && tsc --noEmit && node --test tests/*.test.mjs
✔ session bootstrap requires server identity and a nonempty CSRF token (1.928498ms)
✔ engagement responses require every explicit scope and a current audit role (1.156788ms)
✔ a shaped response cannot silently change any selected scope identifier (48.80455ms)
✔ scope IDs and Unicode label bounds match stored and HTTP contracts (2.24022ms)
✔ bounded pages preserve identical local IDs across scopes and request all cursor parts (3.131768ms)
✔ already expired logout is success while refusal and outage remain errors (0.920479ms)
✔ session identity cannot introduce an invalid actor binding or unbounded header (0.777559ms)
✔ JSON response bodies are bounded even without a truthful Content-Length (3.309192ms)
✔ session mismatch withdraws projections and preserves uncertain work without making it dismissible conflict (21.154756ms)
✔ outbox persists immutable meaning per actor and complete scope, never credentials (2.557862ms)
✔ ordinary uncertain work leaves bounded independent Pause/Stop recovery capacity (1.528829ms)
✔ storage failure prevents even starting admission and preserves editable caller input (3.816021ms)
✔ lost committed acknowledgement survives reload and retry sends original meaning with fresh access (4.43808ms)
✔ reconciliation requires original author plus exact key, content and target, never a similar echo (5.251612ms)
✔ retry refuses changed actor and revoked membership before any transmission (2.882708ms)
✔ old snapshot and old acknowledgement cannot repopulate withdrawn projections or remove uncertain recovery (2.046734ms)
✔ 409 preserves exact original bytes with an explicit refused state (4.007474ms)
✔ Pause admission remains independent of a blocked read and another pending write (2.699458ms)
✔ new access generation ignores a late failure from an older read (1.17095ms)
✔ reserved first-send and same-key retry never wait on ordinary access reads (2.63687ms)
✔ reserved retry with replaced cookie refuses without adopting another actor (1.629947ms)
✔ only a definite refusal can be dismissed; uncertain requests keep their exact recovery key (1.604985ms)
✔ same-scope checking preserves hidden nodes while failures withdraw all projection content (0.939244ms)
✔ later Task pages refresh after invalidation and never accumulate an unbounded buffer (1.480214ms)
✔ ordinary retry refreshes access even when an App session is still in memory (1.860771ms)
✔ concurrent storage reservations preserve immutable records and the scoped quota (1.438289ms)
✔ global recovery capacity and storage scanning are bounded without reading another actor content (7.893033ms)
✔ an obsolete history failure cannot erase a newer explicitly resynchronised view (2.464636ms)
✔ a continued Task stays on its later page so an old composer cycle remains visibly stale (1.744883ms)
✔ successful reconnect clears the transient read failure after restoring server content (1.276528ms)
✔ successful snapshots and outage recovery preserve unresolved command refusals (3.908672ms)
✔ a successful projection cannot clear an unresolved recovery-storage send failure (1.20614ms)
✔ a later Task page cannot begin before its snapshot or remain stale behind the installed watermark (3.523097ms)
✔ R1 a persisted handoff survives access revalidation without sending under its obsolete generation (1.819853ms)
✔ R1 late persistence after withdrawal remains saved without exposing or transmitting it (1.397497ms)
✔ R2 a replaced or aborted inspection cannot withdraw a newer verified conversation on failure (5.109306ms)
✔ R2 a newer accepted projection fences old inspection success and failure (6.677914ms)
✔ R3 exact durable echo wins over a later lost reply without inventing unsaved uncertainty (1.421824ms)
✔ R3 fresh authority refusal still withdraws after an exact durable echo (3.870109ms)
✔ R4 dismissing a refusal clears only that operation notice and it stays cleared after later reads (2.481862ms)
✔ R4 dismissing a refusal cannot erase an unrelated storage failure notice (1.714333ms)
✔ R5 other-tab creation and dismissal refresh only the matching bounded outbox without replay (1.381605ms)
✔ R5 irrelevant bindings never inspect payloads and relevant bursts coalesce behind an access fence (1.192531ms)
✔ R3 a different author or different meaning is never receipt evidence for an in-flight request (2.826567ms)
✔ R8 current activity advances independently while the displayed history page stays fixed (1.49555ms)
✔ R4 a successful retry storage read clears its own prior failure including a verified absent key (1.802777ms)
✔ R4 successful refusal dismissal clears only its own storage warning including verified absence (1.91345ms)
✔ async outbox retry reads cannot transmit after access changes while persistence is loading (1.007627ms)
✔ async status persistence is fenced immediately before any command POST (1.436767ms)
✔ out-of-order async reconciliation cannot restore an outbox row removed by a newer transaction (1.449494ms)
✔ late async reconciliation failures cannot overwrite a newer access generation (1.092571ms)
✔ an asynchronous status-write failure prevents transmission and retains the exact reserved request (1.495982ms)
✔ a late asynchronous refusal-removal failure cannot restore notices after withdrawal (1.272068ms)
✔ status-only storage updates cannot resurrect an already removed operation (0.52418ms)
✔ own legacy preview recovery blocks reads and new sends with an explicit fixed notice (3.996541ms)
✔ unknown persistence errors never expose untrusted storage text (1.799743ms)
✔ a known receipt survives asynchronous removal failure and recovery retries cleanup without admission (2.230964ms)
✔ an exact durable echo survives failed reconciliation and a late POST failure without retransmission (2.235477ms)
✔ controller disposal closes recovery storage while temporary access checks leave it open (1.673424ms)
✔ replacement disposes the old controller without allowing its late acknowledgement to erase recovery (2.423651ms)
✔ create reconciliation compares exact supplied context including absent versus explicitly empty context (7.339953ms)
✔ guide reconciliation compares exact supplied context including absent versus explicitly empty context (3.603426ms)
✔ Guide recovery retries the full frozen context after reload without inferring current defaults (1.909799ms)
✔ every workspace read binds the current session and preserves mismatch status distinctly from command conflicts (50.985558ms)
✔ decimal cursors retain precision and bounded canonical integer representation (0.585279ms)
✔ snapshot validates audience, composite scope, author and command binding before exposure (5.496541ms)
✔ latest activity is bounded and remains independent of the displayed message and Task pages (3.666152ms)
✔ guidance and continuation retain source target and original receipt distinctions (0.669638ms)
✔ history is complete bounded descending pagination with ascending immutable page rows (7.2271ms)
✔ delivery validates contiguous bounded feed without advancing over omitted rows (1.239655ms)
✔ content uses exact Rust whitespace, Unicode byte and control bounds (0.684219ms)
✔ every command routes to its authoritative admission lane with exact body and fresh CSRF (9.194977ms)
✔ future cursors, explicit gaps, and impossible Applied facts cannot become current state (0.952774ms)
✔ PostgreSQL TCP endpoint preserves IPv6 and port precedence (2.324439ms)
✔ invalid effective ports fail with a fixed secret-safe diagnostic (1.061549ms)
✔ resolved IPv6 and PGPORT endpoints connect to real loopback sockets (24.413726ms)
✔ default resolver reads PGPORT from the environment (0.667898ms)
✔ browser DatabaseProxy routes IPv6 and PGPORT, disconnects and recovers (24.870011ms)
✔ shared Rust/browser Unicode metadata parity preserves filename and recovery exactly (33.619347ms)
✔ shared Rust/browser Unicode metadata parity preserves system and recovery exactly (35.79801ms)
✔ shared Rust/browser Unicode metadata parity preserves account and recovery exactly (75.636124ms)
✔ shared Rust/browser Unicode metadata parity preserves source_version and recovery exactly (44.049987ms)
✔ shared Rust/browser Unicode metadata parity preserves selection and recovery exactly (50.028731ms)
✔ shared Rust/browser Unicode metadata parity preserves coverage and recovery exactly (40.169654ms)
✔ new evidence input trims Unicode White_Space while preserving FEFF and internal values (0.988692ms)
✔ evidence parser binds scope, immutable identity and non-null version without propagating private fields (1.07039ms)
✔ reservation retry sends unchanged attributed payload and enforces the expected session (68.421179ms)
✔ completed metadata is refused after account or same-actor session replacement (3.480247ms)
✔ authenticated download verifies bounded actual bytes and content identity before disclosure (8.926965ms)
✔ completed download bytes remain fenced across same-actor session replacement (5.588356ms)
✔ browser recovery retains exact reservation only for the same session and composite scope (1.301727ms)
✔ download filename strips path and header controls (0.584924ms)
✔ maximum valid escaped assertions retain their exact immutable recovery envelope (2.083189ms)
✔ durable reservation quota is distinguished from conflict and transient I/O capacity (2.538765ms)
✔ bounded evidence pages validate ordered examined-prefix continuation and explicit coverage (8.967602ms)
✔ source search preserves Unicode, uses UTF-8 bounds and canonical query equality (2.229393ms)
✔ sparse and empty search pages can continue only through a valid examined prefix (8.212207ms)
✔ plain-text preview refuses more than 100 lines or 64 KiB before rendering (3.390259ms)
✔ the real API contract distinguishes live, ready, and unavailable (4.379783ms)
✔ bad HTTP status, schema, service, or payload can never become ready (0.515608ms)
✔ knowledge preserves exact BOM/CRLF/emoji, source byte location, author and large revision (4.815551ms)
✔ scope and certainty parsing keep personal, firm, client and engagement distinct (0.627676ms)
✔ bounded pages enforce exact Task, stable ASCII order and honest page cursor (12.466804ms)
✔ periods stay explicitly unknown and reject incomplete or invalid date ranges (2.538641ms)
✔ scan-limited partial pages advance only from a disclosed ordered record and never invent an empty cursor (13.787094ms)
✔ only the allowlisted typed owner preference is disclosed privately (3.207179ms)
✔ receipt parsing retains current status instead of reviving a corrected record (0.623762ms)
✔ private knowledge drafts survive exact-owner remount in memory and clear on replacement and scope denial (1.686068ms)
✔ custody refuses prospective overflow without evicting uncertain commands or silently replacing drafts (41.741587ms)
✔ knowledge reads use exact-session scope and reject delayed replacement before disclosing content (51.053952ms)
✔ exact lookup binds both record and revision independently of pagination (2.722428ms)
✔ buffered knowledge revalidates exact query, source statuses and Task basis before disclosure (2.18592ms)
✔ mutation sends one captured exact command with actor/CSRF/session fencing and checks session after receipt (1.794806ms)
✔ knowledge and preference ports preserve the ordinary 4 MiB response cap (37.900539ms)
✔ actual API omission response fixture passes the unchanged strict page and source parsers (2.382696ms)
✔ scope navigation drops only unsent drafts and preserves exact pending custody until true denial or replacement (0.759248ms)
✔ preference outcomes retain only attributable receipt and destinations under exact owner custody (5.001059ms)
✔ only public source I/O requests receive the bounded 120 second deadline (0.241841ms)
✔ support references serialize only canonical scope identity from a wider Engagement projection (0.266767ms)
✔ admin projection accepts Admin-only membership independently from assigned audit access (10.484492ms)
✔ membership projections refuse foreign orgs, unbounded or duplicate lists and malformed authority (3.474732ms)
✔ each bounded membership page validates its final cursor, including compound engagement scope (1.67171ms)
✔ membership reads bind the expected session and omit cleared pagination values (56.506249ms)
✔ each Save and exact retry verifies current session, retains its exact body and verifies receipt audience (3.33436ms)
✔ obsolete-session retry sends no POST and a changed post-response session cannot expose a receipt (7.770479ms)
✔ membership Save allowlists the last_admin header before its bounded conflict body (11.601354ms)
✔ the last_admin header settles before stalled or delayed bodies despite cancellation never settling (1.490252ms)
✔ a successful Save still decodes its receipt when an error-code header is present (1.021132ms)
✔ a stalled or partial conflict body cannot hold Save open, even when cancellation stalls (759.913222ms)
✔ oversized conflict bodies cancel without waiting for cleanup, including dishonest lengths (3.555972ms)
✔ a complete conflict body decodes once and releases its reader without cancelling the stream (1.299335ms)
✔ private invitations use random bounded fragment secrets and scrub even malformed input from history (6.280578ms)
✔ invitation issue and acceptance put secrets only in an explicit POST body (1.893045ms)
✔ authenticated invitation preview validates fixed access, bounds assignments and sends its secret only in a body (1.095527ms)
✔ membership expiry renewal uses explicit bounded UTC values and shows effective status (0.88474ms)
✔ legacy assignments remain bounded with an explicit incomplete projection and independently checked pages (1.902525ms)
✔ memory custody preserves exact unsent edit/lineage/activation and isolates clone mutations and organisation (4.50848ms)
✔ recall custody retains exact reason and expected version/revision/key through transient remount (0.649868ms)
✔ replacement by actor or exact session clears every former audience without resurrection (1.300676ms)
✔ current organisation denial/cancel/success clears its draft and pending receipt, leaving other audiences (1.085975ms)
✔ audience capacity refuses new custody without evicting any draft or uncertain command (4.861115ms)
✔ serialized byte capacity rejects before mutation and still permits exact pending recovery and release (914.546905ms)
✔ methodology projections preserve exact attributed criteria/templates and large revisions, excluding unknown fields (9.310916ms)
✔ Task basis retains legitimate history and notices beyond the configuration input limits (18.863076ms)
✔ methodology refuses malformed dates, revisions, scopes, controls and unbounded definitions (1.548714ms)
✔ Unicode label, source, criteria and template parsing matches Rust White_Space without trimming FEFF (0.853541ms)
✔ exact Save retries retain frozen key, body, schedule and actor with pre/post session checks (43.539457ms)
✔ replaced session fences initial Save and post-response receipt disclosure (1.846004ms)
✔ current metadata and Task reads bind exact session and scope before publication (5.676599ms)
✔ optional Create and Guide context survive exact command recovery while controls refuse context (0.973946ms)
✔ uncertain in-memory Save custody survives a same-session remount and clears for a changed audience (1.26078ms)
✔ conversation echo preserves submitted context without inventing resolved defaults (1.442542ms)
✔ methodology limitations use human requirement labels while unknown codes have a safe inspection path (0.523615ms)
✔ a first 429 refusal releases the draft while a throttled uncertain retry keeps exact request custody (0.336884ms)
✔ Undo, historical Edit and revision recovery follow exact successor links across overlapping independent packages (1.263677ms)
✔ optional label and field behavior preserve untouched null, supplied values and explicit empty arrays (0.592903ms)
✔ mixed adopted and neutral basis keeps exact neutral field and template source attribution without changing status (0.686425ms)
✔ proxy failure never logs callback query or cookie credentials (342.210429ms)
✔ skill manifests preserve exact provenance, Unicode, inert resource bytes and canonical large revisions (14.289621ms)
✔ skill manifest input bounds match server finite vocabulary, canonical sets and UTF-8 capacity (6.895084ms)
✔ catalog resource digests bind exact resource identities and scope without replacing saved content (3.15279ms)
✔ discovery binds exact Task, method, catalog and immutable skill identity across candidates and history (3.763014ms)
✔ historical selection retains actual selector separately from accepted authority and effective method epoch (1.230867ms)
✔ unavailable and forbidden declared needs retain explanatory metadata without implying operation authority (0.474931ms)
✔ exact selection replay freezes complete scope and original basis, returns history with current blocked eligibility (50.175252ms)
✔ selection receipts refuse substituted selector, version, reason, Task and expected basis (8.30446ms)
✔ catalog mutations preserve exact retries and validate status receipt audience (1.910561ms)
✔ replaced sessions prevent a first write and fence a completed write before receipt disclosure (1.50226ms)
✔ catalog, discovery and independent eligibility reads verify session after scoped server responses (3.698858ms)
✔ uncertain skill custody is memory-only and isolated to exact actor session organisation and Task (0.786156ms)
✔ definite conflicts allow review while uncertain retries keep their original key through throttling (0.238627ms)
✔ set ordering is canonicalized only at submission without editing the draft or immutable resource bytes (0.474341ms)
✔ skills accept bounded 8 MiB metadata responses while ordinary reads stay at 4 MiB (222.643116ms)
✔ incoherent eligible observations cannot enable selection or silently drop a declared need (0.844381ms)
✔ maximal conservative catalog/discovery wire envelopes fit the skills-only 8 MiB read bound (276.861376ms)
ℹ Conservative discovery wire envelope: 7467743 bytes; catalog: 3685956 bytes; skill limit: 8388608 bytes. 128 candidates + 128 selections, 16 needs/inspection and 16 resource digests/version; 2 MiB command + 1 MiB receipt padding plus wrappers.
ℹ Conservative assignments page envelope: 144773 bytes.
ℹ Conservative history page envelope: 419101 bytes.
ℹ Conservative impact page envelope: 66288 bytes.
✔ definite scope and Admin refusals erase only the matching private retry custody (0.690432ms)
✔ server-owned eligibility explanation bound counts UTF-8 bytes while user reasons retain Unicode scalar limits (0.553933ms)
✔ unsent skill drafts preserve exact text and original basis only for their actor session organisation and Task (0.828144ms)
✔ bounded draft custody refuses new entries and bytes without evicting drafts or exact pending recovery (70.753675ms)
✔ authoring errors identify exact fields and limits while supplementary characters and raw source text remain intact (9.610702ms)
✔ redacted bound explanations preserve accepted/current kind and depth without leaking rule values (0.880733ms)
✔ independent assignment and status pages validate bounds, cursor ordering, scope and persisted provenance (1.191229ms)
✔ impact pages bind current audit and optional exact version while preserving original selection references (4.609745ms)
ℹ tests 183
ℹ suites 0
ℹ pass 183
ℹ fail 0
ℹ cancelled 0
ℹ skipped 0
ℹ todo 0
ℹ duration_ms 3035.435405
