$ node scripts/generate-api.mjs --check && tsc --noEmit && node --test tests/*.test.mjs
✔ session bootstrap requires server identity and a nonempty CSRF token (2.841803ms)
✔ engagement responses require every explicit scope and a current audit role (1.336549ms)
✔ a shaped response cannot silently change any selected scope identifier (101.040816ms)
✔ scope IDs and Unicode label bounds match stored and HTTP contracts (2.178135ms)
✔ bounded pages preserve identical local IDs across scopes and request all cursor parts (3.378072ms)
✔ already expired logout is success while refusal and outage remain errors (0.971127ms)
✔ session identity cannot introduce an invalid actor binding or unbounded header (0.371254ms)
✔ JSON response bodies are bounded even without a truthful Content-Length (4.605077ms)
✔ session mismatch withdraws projections and preserves uncertain work without making it dismissible conflict (18.691618ms)
✔ outbox persists immutable meaning per actor and complete scope, never credentials (2.595084ms)
✔ ordinary uncertain work leaves bounded independent Pause/Stop recovery capacity (1.778541ms)
✔ storage failure prevents even starting admission and preserves editable caller input (4.139075ms)
✔ lost committed acknowledgement survives reload and retry sends original meaning with fresh access (4.187379ms)
✔ reconciliation requires original author plus exact key, content and target, never a similar echo (4.86007ms)
✔ retry refuses changed actor and revoked membership before any transmission (2.992811ms)
✔ old snapshot and old acknowledgement cannot repopulate withdrawn projections or remove uncertain recovery (2.291752ms)
✔ 409 preserves exact original bytes with an explicit refused state (4.012598ms)
✔ Pause admission remains independent of a blocked read and another pending write (2.24039ms)
✔ new access generation ignores a late failure from an older read (1.117924ms)
✔ reserved first-send and same-key retry never wait on ordinary access reads (1.932037ms)
✔ reserved retry with replaced cookie refuses without adopting another actor (1.620919ms)
✔ only a definite refusal can be dismissed; uncertain requests keep their exact recovery key (1.637078ms)
✔ same-scope checking preserves hidden nodes while failures withdraw all projection content (1.112052ms)
✔ later Task pages refresh after invalidation and never accumulate an unbounded buffer (1.527049ms)
✔ ordinary retry refreshes access even when an App session is still in memory (1.772077ms)
✔ concurrent storage reservations preserve immutable records and the scoped quota (1.408715ms)
✔ global recovery capacity and storage scanning are bounded without reading another actor content (7.565448ms)
✔ an obsolete history failure cannot erase a newer explicitly resynchronised view (2.826971ms)
✔ a continued Task stays on its later page so an old composer cycle remains visibly stale (1.594904ms)
✔ successful reconnect clears the transient read failure after restoring server content (2.694199ms)
✔ successful snapshots and outage recovery preserve unresolved command refusals (2.171316ms)
✔ a successful projection cannot clear an unresolved recovery-storage send failure (2.03556ms)
✔ a later Task page cannot begin before its snapshot or remain stale behind the installed watermark (3.653311ms)
✔ R1 a persisted handoff survives access revalidation without sending under its obsolete generation (1.577587ms)
✔ R1 late persistence after withdrawal remains saved without exposing or transmitting it (9.110607ms)
✔ R2 a replaced or aborted inspection cannot withdraw a newer verified conversation on failure (2.769745ms)
✔ R2 a newer accepted projection fences old inspection success and failure (2.715323ms)
✔ R3 exact durable echo wins over a later lost reply without inventing unsaved uncertainty (1.64982ms)
✔ R3 fresh authority refusal still withdraws after an exact durable echo (4.58255ms)
✔ R4 dismissing a refusal clears only that operation notice and it stays cleared after later reads (5.78951ms)
✔ R4 dismissing a refusal cannot erase an unrelated storage failure notice (1.789669ms)
✔ R5 other-tab creation and dismissal refresh only the matching bounded outbox without replay (1.253494ms)
✔ R5 irrelevant bindings never inspect payloads and relevant bursts coalesce behind an access fence (0.853047ms)
✔ R3 a different author or different meaning is never receipt evidence for an in-flight request (2.067448ms)
✔ R8 current activity advances independently while the displayed history page stays fixed (0.983536ms)
✔ R4 a successful retry storage read clears its own prior failure including a verified absent key (1.451225ms)
✔ R4 successful refusal dismissal clears only its own storage warning including verified absence (1.248443ms)
✔ async outbox retry reads cannot transmit after access changes while persistence is loading (0.734661ms)
✔ async status persistence is fenced immediately before any command POST (0.891047ms)
✔ out-of-order async reconciliation cannot restore an outbox row removed by a newer transaction (1.107639ms)
✔ late async reconciliation failures cannot overwrite a newer access generation (0.788991ms)
✔ an asynchronous status-write failure prevents transmission and retains the exact reserved request (1.011066ms)
✔ a late asynchronous refusal-removal failure cannot restore notices after withdrawal (0.955305ms)
✔ status-only storage updates cannot resurrect an already removed operation (0.327228ms)
✔ own legacy preview recovery blocks reads and new sends with an explicit fixed notice (1.111059ms)
✔ unknown persistence errors never expose untrusted storage text (0.832011ms)
✔ a known receipt survives asynchronous removal failure and recovery retries cleanup without admission (1.689464ms)
✔ an exact durable echo survives failed reconciliation and a late POST failure without retransmission (2.596555ms)
✔ controller disposal closes recovery storage while temporary access checks leave it open (4.45612ms)
✔ replacement disposes the old controller without allowing its late acknowledgement to erase recovery (1.410906ms)
✔ create reconciliation compares exact supplied context including absent versus explicitly empty context (5.576462ms)
✔ guide reconciliation compares exact supplied context including absent versus explicitly empty context (1.788145ms)
✔ Guide recovery retries the full frozen context after reload without inferring current defaults (1.328177ms)
✔ every workspace read binds the current session and preserves mismatch status distinctly from command conflicts (69.927945ms)
✔ decimal cursors retain precision and bounded canonical integer representation (0.676855ms)
✔ snapshot validates audience, composite scope, author and command binding before exposure (4.994636ms)
✔ latest activity is bounded and remains independent of the displayed message and Task pages (3.728275ms)
✔ guidance and continuation retain source target and original receipt distinctions (0.920914ms)
✔ history is complete bounded descending pagination with ascending immutable page rows (7.441381ms)
✔ delivery validates contiguous bounded feed without advancing over omitted rows (1.398293ms)
✔ content uses exact Rust whitespace, Unicode byte and control bounds (1.030763ms)
✔ every command routes to its authoritative admission lane with exact body and fresh CSRF (10.079775ms)
✔ future cursors, explicit gaps, and impossible Applied facts cannot become current state (0.626693ms)
✔ PostgreSQL TCP endpoint preserves IPv6 and port precedence (2.048118ms)
✔ invalid effective ports fail with a fixed secret-safe diagnostic (0.766608ms)
✔ resolved IPv6 and PGPORT endpoints connect to real loopback sockets (26.910718ms)
✔ default resolver reads PGPORT from the environment (0.468498ms)
✔ browser DatabaseProxy routes IPv6 and PGPORT, disconnects and recovers (25.597259ms)
✔ shared Rust/browser Unicode metadata parity preserves filename and recovery exactly (32.699114ms)
✔ shared Rust/browser Unicode metadata parity preserves system and recovery exactly (21.558641ms)
✔ shared Rust/browser Unicode metadata parity preserves account and recovery exactly (18.369283ms)
✔ shared Rust/browser Unicode metadata parity preserves source_version and recovery exactly (21.163771ms)
✔ shared Rust/browser Unicode metadata parity preserves selection and recovery exactly (22.900178ms)
✔ shared Rust/browser Unicode metadata parity preserves coverage and recovery exactly (102.814593ms)
✔ new evidence input trims Unicode White_Space while preserving FEFF and internal values (1.277895ms)
✔ evidence parser binds scope, immutable identity and non-null version without propagating private fields (0.628472ms)
✔ reservation retry sends unchanged attributed payload and enforces the expected session (94.048477ms)
✔ completed metadata is refused after account or same-actor session replacement (9.83467ms)
✔ authenticated download verifies bounded actual bytes and content identity before disclosure (5.540696ms)
✔ completed download bytes remain fenced across same-actor session replacement (1.84026ms)
✔ browser recovery retains exact reservation only for the same session and composite scope (1.730319ms)
✔ download filename strips path and header controls (0.74041ms)
✔ maximum valid escaped assertions retain their exact immutable recovery envelope (2.548766ms)
✔ durable reservation quota is distinguished from conflict and transient I/O capacity (3.630291ms)
✔ bounded evidence pages validate ordered examined-prefix continuation and explicit coverage (7.962844ms)
✔ source search preserves Unicode, uses UTF-8 bounds and canonical query equality (7.881436ms)
✔ sparse and empty search pages can continue only through a valid examined prefix (22.769853ms)
✔ plain-text preview refuses more than 100 lines or 64 KiB before rendering (2.927807ms)
✔ the real API contract distinguishes live, ready, and unavailable (1.182302ms)
✔ bad HTTP status, schema, service, or payload can never become ready (0.657998ms)
✔ knowledge preserves exact BOM/CRLF/emoji, source byte location, author and large revision (3.362669ms)
✔ scope and certainty parsing keep personal, firm, client and engagement distinct (0.444794ms)
✔ bounded pages enforce exact Task, stable ASCII order and honest page cursor (2.357007ms)
✔ periods stay explicitly unknown and reject incomplete or invalid date ranges (0.885286ms)
✔ scan-limited partial pages advance only from a disclosed ordered record and never invent an empty cursor (3.02504ms)
✔ only the allowlisted typed owner preference is disclosed privately (0.544289ms)
✔ receipt parsing retains current status instead of reviving a corrected record (0.295732ms)
✔ private knowledge drafts survive exact-owner remount in memory and clear on replacement and scope denial (1.707004ms)
✔ custody refuses prospective overflow without evicting uncertain commands or silently replacing drafts (12.52359ms)
✔ knowledge reads use exact-session scope and reject delayed replacement before disclosing content (35.092787ms)
✔ exact lookup binds both record and revision independently of pagination (2.164236ms)
✔ buffered knowledge revalidates exact query, source statuses and Task basis before disclosure (1.305025ms)
✔ mutation sends one captured exact command with actor/CSRF/session fencing and checks session after receipt (1.688847ms)
✔ knowledge and preference ports preserve the ordinary 4 MiB response cap (20.467814ms)
✔ actual API omission response fixture passes the unchanged strict page and source parsers (1.435659ms)
✔ scope navigation drops only unsent drafts and preserves exact pending custody until true denial or replacement (0.345937ms)
✔ preference outcomes retain only attributable receipt and destinations under exact owner custody (0.360841ms)
✔ only public source I/O requests receive the bounded 120 second deadline (0.168196ms)
✔ support references serialize only canonical scope identity from a wider Engagement projection (0.24399ms)
✔ admin projection accepts Admin-only membership independently from assigned audit access (4.223721ms)
✔ membership projections refuse foreign orgs, unbounded or duplicate lists and malformed authority (3.013395ms)
✔ each bounded membership page validates its final cursor, including compound engagement scope (1.128232ms)
✔ membership reads bind the expected session and omit cleared pagination values (82.560109ms)
✔ each Save and exact retry verifies current session, retains its exact body and verifies receipt audience (3.681409ms)
✔ obsolete-session retry sends no POST and a changed post-response session cannot expose a receipt (3.043241ms)
✔ membership Save allowlists the last_admin header before its bounded conflict body (10.41475ms)
✔ the last_admin header settles before stalled or delayed bodies despite cancellation never settling (2.854315ms)
✔ a successful Save still decodes its receipt when an error-code header is present (1.689638ms)
✔ a stalled or partial conflict body cannot hold Save open, even when cancellation stalls (754.689704ms)
✔ oversized conflict bodies cancel without waiting for cleanup, including dishonest lengths (1.938603ms)
✔ a complete conflict body decodes once and releases its reader without cancelling the stream (0.952787ms)
✔ private invitations use random bounded fragment secrets and scrub even malformed input from history (1.766586ms)
✔ invitation issue and acceptance put secrets only in an explicit POST body (0.968384ms)
✔ authenticated invitation preview validates fixed access, bounds assignments and sends its secret only in a body (1.134901ms)
✔ membership expiry renewal uses explicit bounded UTC values and shows effective status (0.724217ms)
✔ legacy assignments remain bounded with an explicit incomplete projection and independently checked pages (1.286228ms)
✔ memory custody preserves exact unsent edit/lineage/activation and isolates clone mutations and organisation (5.476372ms)
✔ recall custody retains exact reason and expected version/revision/key through transient remount (0.756156ms)
✔ replacement by actor or exact session clears every former audience without resurrection (1.343374ms)
✔ current organisation denial/cancel/success clears its draft and pending receipt, leaving other audiences (0.936749ms)
✔ audience capacity refuses new custody without evicting any draft or uncertain command (4.356804ms)
✔ serialized byte capacity rejects before mutation and still permits exact pending recovery and release (917.76255ms)
✔ methodology projections preserve exact attributed criteria/templates and large revisions, excluding unknown fields (5.999011ms)
✔ Task basis retains legitimate history and notices beyond the configuration input limits (21.570974ms)
✔ methodology refuses malformed dates, revisions, scopes, controls and unbounded definitions (0.799727ms)
✔ Unicode label, source, criteria and template parsing matches Rust White_Space without trimming FEFF (0.925814ms)
✔ exact Save retries retain frozen key, body, schedule and actor with pre/post session checks (90.881823ms)
✔ replaced session fences initial Save and post-response receipt disclosure (3.891601ms)
✔ current metadata and Task reads bind exact session and scope before publication (42.414366ms)
✔ optional Create and Guide context survive exact command recovery while controls refuse context (1.447503ms)
✔ uncertain in-memory Save custody survives a same-session remount and clears for a changed audience (2.905907ms)
✔ conversation echo preserves submitted context without inventing resolved defaults (1.562185ms)
✔ methodology limitations use human requirement labels while unknown codes have a safe inspection path (0.889157ms)
✔ a first 429 refusal releases the draft while a throttled uncertain retry keeps exact request custody (0.349016ms)
✔ Undo, historical Edit and revision recovery follow exact successor links across overlapping independent packages (1.112189ms)
✔ optional label and field behavior preserve untouched null, supplied values and explicit empty arrays (3.317566ms)
✔ mixed adopted and neutral basis keeps exact neutral field and template source attribution without changing status (0.693293ms)
✔ proxy failure never logs callback query or cookie credentials (306.701682ms)
✔ skill manifests preserve exact provenance, Unicode, inert resource bytes and canonical large revisions (6.286692ms)
✔ skill manifest input bounds match server finite vocabulary, canonical sets and UTF-8 capacity (5.531589ms)
✔ catalog resource digests bind exact resource identities and scope without replacing saved content (0.738954ms)
✔ discovery binds exact Task, method, catalog and immutable skill identity across candidates and history (2.300223ms)
✔ historical selection retains actual selector separately from accepted authority and effective method epoch (1.038428ms)
✔ unavailable and forbidden declared needs retain explanatory metadata without implying operation authority (1.177082ms)
✔ exact selection replay freezes complete scope and original basis, returns history with current blocked eligibility (74.530689ms)
✔ selection receipts refuse substituted selector, version, reason, Task and expected basis (14.113044ms)
✔ catalog mutations preserve exact retries and validate status receipt audience (2.529494ms)
✔ replaced sessions prevent a first write and fence a completed write before receipt disclosure (1.912497ms)
✔ catalog, discovery and independent eligibility reads verify session after scoped server responses (2.35807ms)
✔ uncertain skill custody is memory-only and isolated to exact actor session organisation and Task (0.824146ms)
✔ definite conflicts allow review while uncertain retries keep their original key through throttling (0.435101ms)
✔ set ordering is canonicalized only at submission without editing the draft or immutable resource bytes (0.741956ms)
✔ skills accept bounded 8 MiB metadata responses while ordinary reads stay at 4 MiB (154.359521ms)
✔ incoherent eligible observations cannot enable selection or silently drop a declared need (0.778353ms)
✔ maximal conservative catalog/discovery wire envelopes fit the skills-only 8 MiB read bound (213.670417ms)
ℹ Conservative discovery wire envelope: 7467743 bytes; catalog: 3685956 bytes; skill limit: 8388608 bytes. 128 candidates + 128 selections, 16 needs/inspection and 16 resource digests/version; 2 MiB command + 1 MiB receipt padding plus wrappers.
ℹ Conservative assignments page envelope: 144773 bytes.
ℹ Conservative history page envelope: 419101 bytes.
ℹ Conservative impact page envelope: 66288 bytes.
✔ definite scope and Admin refusals erase only the matching private retry custody (1.03058ms)
✔ server-owned eligibility explanation bound counts UTF-8 bytes while user reasons retain Unicode scalar limits (9.90166ms)
✔ unsent skill drafts preserve exact text and original basis only for their actor session organisation and Task (0.718754ms)
✔ bounded draft custody refuses new entries and bytes without evicting drafts or exact pending recovery (47.64885ms)
✔ authoring errors identify exact fields and limits while supplementary characters and raw source text remain intact (7.702506ms)
✔ redacted bound explanations preserve accepted/current kind and depth without leaking rule values (0.693854ms)
✔ independent assignment and status pages validate bounds, cursor ordering, scope and persisted provenance (0.735033ms)
✔ impact pages bind current audit and optional exact version while preserving original selection references (2.845898ms)
ℹ tests 183
ℹ suites 0
ℹ pass 183
ℹ fail 0
ℹ cancelled 0
ℹ skipped 0
ℹ todo 0
ℹ duration_ms 3026.091686
