$ node scripts/generate-api.mjs --check && tsc --noEmit && node --test tests/*.test.mjs
✔ session bootstrap requires server identity and a nonempty CSRF token (2.219ms)
✔ engagement responses require every explicit scope and a current audit role (1.207112ms)
✔ a shaped response cannot silently change any selected scope identifier (72.441579ms)
✔ scope IDs and Unicode label bounds match stored and HTTP contracts (1.586381ms)
✔ bounded pages preserve identical local IDs across scopes and request all cursor parts (1.892042ms)
✔ already expired logout is success while refusal and outage remain errors (0.723776ms)
✔ session identity cannot introduce an invalid actor binding or unbounded header (0.572933ms)
✔ JSON response bodies are bounded even without a truthful Content-Length (19.310373ms)
✔ session mismatch withdraws projections and preserves uncertain work without making it dismissible conflict (18.268694ms)
✔ outbox persists immutable meaning per actor and complete scope, never credentials (5.180795ms)
✔ ordinary uncertain work leaves bounded independent Pause/Stop recovery capacity (1.100441ms)
✔ storage failure prevents even starting admission and preserves editable caller input (7.481542ms)
✔ lost committed acknowledgement survives reload and retry sends original meaning with fresh access (3.586965ms)
✔ reconciliation requires original author plus exact key, content and target, never a similar echo (3.091706ms)
✔ retry refuses changed actor and revoked membership before any transmission (3.885406ms)
✔ old snapshot and old acknowledgement cannot repopulate withdrawn projections or remove uncertain recovery (1.571164ms)
✔ 409 preserves exact original bytes with an explicit refused state (3.605544ms)
✔ Pause admission remains independent of a blocked read and another pending write (1.895034ms)
✔ new access generation ignores a late failure from an older read (0.729883ms)
✔ reserved first-send and same-key retry never wait on ordinary access reads (1.411169ms)
✔ reserved retry with replaced cookie refuses without adopting another actor (1.341532ms)
✔ only a definite refusal can be dismissed; uncertain requests keep their exact recovery key (0.953009ms)
✔ same-scope checking preserves hidden nodes while failures withdraw all projection content (0.548311ms)
✔ later Task pages refresh after invalidation and never accumulate an unbounded buffer (0.997159ms)
✔ ordinary retry refreshes access even when an App session is still in memory (1.477956ms)
✔ concurrent storage reservations preserve immutable records and the scoped quota (1.46183ms)
✔ global recovery capacity and storage scanning are bounded without reading another actor content (30.716558ms)
✔ an obsolete history failure cannot erase a newer explicitly resynchronised view (1.65878ms)
✔ a continued Task stays on its later page so an old composer cycle remains visibly stale (1.439363ms)
✔ successful reconnect clears the transient read failure after restoring server content (0.792125ms)
✔ successful snapshots and outage recovery preserve unresolved command refusals (1.523888ms)
✔ a successful projection cannot clear an unresolved recovery-storage send failure (1.780523ms)
✔ a later Task page cannot begin before its snapshot or remain stale behind the installed watermark (2.571255ms)
✔ R1 a persisted handoff survives access revalidation without sending under its obsolete generation (1.01777ms)
✔ R1 late persistence after withdrawal remains saved without exposing or transmitting it (2.266199ms)
✔ R2 a replaced or aborted inspection cannot withdraw a newer verified conversation on failure (3.406055ms)
✔ R2 a newer accepted projection fences old inspection success and failure (1.401293ms)
✔ R3 exact durable echo wins over a later lost reply without inventing unsaved uncertainty (2.568297ms)
✔ R3 fresh authority refusal still withdraws after an exact durable echo (5.163234ms)
✔ R4 dismissing a refusal clears only that operation notice and it stays cleared after later reads (7.741476ms)
✔ R4 dismissing a refusal cannot erase an unrelated storage failure notice (2.498007ms)
✔ R5 other-tab creation and dismissal refresh only the matching bounded outbox without replay (1.154179ms)
✔ R5 irrelevant bindings never inspect payloads and relevant bursts coalesce behind an access fence (1.845369ms)
✔ R3 a different author or different meaning is never receipt evidence for an in-flight request (2.244225ms)
✔ R8 current activity advances independently while the displayed history page stays fixed (2.211722ms)
✔ R4 a successful retry storage read clears its own prior failure including a verified absent key (1.306129ms)
✔ R4 successful refusal dismissal clears only its own storage warning including verified absence (1.341622ms)
✔ async outbox retry reads cannot transmit after access changes while persistence is loading (0.830894ms)
✔ async status persistence is fenced immediately before any command POST (2.578729ms)
✔ out-of-order async reconciliation cannot restore an outbox row removed by a newer transaction (0.964826ms)
✔ late async reconciliation failures cannot overwrite a newer access generation (1.538373ms)
✔ an asynchronous status-write failure prevents transmission and retains the exact reserved request (1.039803ms)
✔ a late asynchronous refusal-removal failure cannot restore notices after withdrawal (0.863028ms)
✔ status-only storage updates cannot resurrect an already removed operation (0.314603ms)
✔ own legacy preview recovery blocks reads and new sends with an explicit fixed notice (0.888835ms)
✔ unknown persistence errors never expose untrusted storage text (0.766757ms)
✔ a known receipt survives asynchronous removal failure and recovery retries cleanup without admission (2.146872ms)
✔ an exact durable echo survives failed reconciliation and a late POST failure without retransmission (3.54101ms)
✔ controller disposal closes recovery storage while temporary access checks leave it open (2.41156ms)
✔ replacement disposes the old controller without allowing its late acknowledgement to erase recovery (2.499789ms)
✔ create reconciliation compares exact supplied context including absent versus explicitly empty context (4.842774ms)
✔ guide reconciliation compares exact supplied context including absent versus explicitly empty context (2.199448ms)
✔ Guide recovery retries the full frozen context after reload without inferring current defaults (1.16009ms)
✔ every workspace read binds the current session and preserves mismatch status distinctly from command conflicts (81.764747ms)
✔ decimal cursors retain precision and bounded canonical integer representation (0.605249ms)
✔ snapshot validates audience, composite scope, author and command binding before exposure (6.415872ms)
✔ latest activity is bounded and remains independent of the displayed message and Task pages (3.964559ms)
✔ guidance and continuation retain source target and original receipt distinctions (0.697507ms)
✔ history is complete bounded descending pagination with ascending immutable page rows (9.499184ms)
✔ delivery validates contiguous bounded feed without advancing over omitted rows (1.29839ms)
✔ content uses exact Rust whitespace, Unicode byte and control bounds (0.60584ms)
✔ every command routes to its authoritative admission lane with exact body and fresh CSRF (8.452825ms)
✔ future cursors, explicit gaps, and impossible Applied facts cannot become current state (0.359017ms)
✔ PostgreSQL TCP endpoint preserves IPv6 and port precedence (9.973015ms)
✔ invalid effective ports fail with a fixed secret-safe diagnostic (0.821843ms)
✔ resolved IPv6 and PGPORT endpoints connect to real loopback sockets (60.70239ms)
✔ default resolver reads PGPORT from the environment (0.70675ms)
✔ browser DatabaseProxy routes IPv6 and PGPORT, disconnects and recovers (51.50432ms)
✔ shared Rust/browser Unicode metadata parity preserves filename and recovery exactly (67.803525ms)
✔ shared Rust/browser Unicode metadata parity preserves system and recovery exactly (34.513959ms)
✔ shared Rust/browser Unicode metadata parity preserves account and recovery exactly (47.707053ms)
✔ shared Rust/browser Unicode metadata parity preserves source_version and recovery exactly (31.69246ms)
✔ shared Rust/browser Unicode metadata parity preserves selection and recovery exactly (55.316722ms)
✔ shared Rust/browser Unicode metadata parity preserves coverage and recovery exactly (40.61356ms)
✔ new evidence input trims Unicode White_Space while preserving FEFF and internal values (0.606746ms)
✔ evidence parser binds scope, immutable identity and non-null version without propagating private fields (0.569435ms)
✔ reservation retry sends unchanged attributed payload and enforces the expected session (69.166004ms)
✔ completed metadata is refused after account or same-actor session replacement (3.699433ms)
✔ authenticated download verifies bounded actual bytes and content identity before disclosure (31.092513ms)
✔ completed download bytes remain fenced across same-actor session replacement (8.073874ms)
✔ browser recovery retains exact reservation only for the same session and composite scope (7.747503ms)
✔ download filename strips path and header controls (2.803996ms)
✔ maximum valid escaped assertions retain their exact immutable recovery envelope (23.84119ms)
✔ durable reservation quota is distinguished from conflict and transient I/O capacity (2.501803ms)
✔ bounded evidence pages validate ordered examined-prefix continuation and explicit coverage (19.885618ms)
✔ source search preserves Unicode, uses UTF-8 bounds and canonical query equality (3.29389ms)
✔ sparse and empty search pages can continue only through a valid examined prefix (19.756161ms)
✔ plain-text preview refuses more than 100 lines or 64 KiB before rendering (3.077059ms)
✔ the real API contract distinguishes live, ready, and unavailable (1.267811ms)
✔ bad HTTP status, schema, service, or payload can never become ready (0.823467ms)
✔ knowledge preserves exact BOM/CRLF/emoji, source byte location, author and large revision (25.508373ms)
✔ scope and certainty parsing keep personal, firm, client and engagement distinct (1.046283ms)
✔ bounded pages enforce exact Task, stable ASCII order and honest page cursor (7.651687ms)
✔ periods stay explicitly unknown and reject incomplete or invalid date ranges (1.228242ms)
✔ scan-limited partial pages advance only from a disclosed ordered record and never invent an empty cursor (13.09657ms)
✔ only the allowlisted typed owner preference is disclosed privately (3.198085ms)
✔ receipt parsing retains current status instead of reviving a corrected record (0.594557ms)
✔ private knowledge drafts survive exact-owner remount in memory and clear on replacement and scope denial (5.837694ms)
✔ custody refuses prospective overflow without evicting uncertain commands or silently replacing drafts (27.564622ms)
✔ knowledge reads use exact-session scope and reject delayed replacement before disclosing content (109.34081ms)
✔ exact lookup binds both record and revision independently of pagination (5.022569ms)
✔ buffered knowledge revalidates exact query, source statuses and Task basis before disclosure (20.544408ms)
✔ mutation sends one captured exact command with actor/CSRF/session fencing and checks session after receipt (2.811751ms)
✔ knowledge and preference ports preserve the ordinary 4 MiB response cap (40.58339ms)
✔ actual API omission response fixture passes the unchanged strict page and source parsers (6.373926ms)
✔ scope navigation drops only unsent drafts and preserves exact pending custody until true denial or replacement (0.811558ms)
✔ preference outcomes retain only attributable receipt and destinations under exact owner custody (16.259414ms)
✔ only public source I/O requests receive the bounded 120 second deadline (0.223865ms)
✔ support references serialize only canonical scope identity from a wider Engagement projection (0.42944ms)
✔ admin projection accepts Admin-only membership independently from assigned audit access (4.839642ms)
✔ membership projections refuse foreign orgs, unbounded or duplicate lists and malformed authority (4.538035ms)
✔ each bounded membership page validates its final cursor, including compound engagement scope (1.973592ms)
✔ membership reads bind the expected session and omit cleared pagination values (105.305813ms)
✔ each Save and exact retry verifies current session, retains its exact body and verifies receipt audience (9.843704ms)
✔ obsolete-session retry sends no POST and a changed post-response session cannot expose a receipt (3.282612ms)
✔ membership Save allowlists the last_admin header before its bounded conflict body (30.337866ms)
✔ the last_admin header settles before stalled or delayed bodies despite cancellation never settling (7.139417ms)
✔ a successful Save still decodes its receipt when an error-code header is present (1.502925ms)
✔ a stalled or partial conflict body cannot hold Save open, even when cancellation stalls (756.836835ms)
✔ oversized conflict bodies cancel without waiting for cleanup, including dishonest lengths (3.336101ms)
✔ a complete conflict body decodes once and releases its reader without cancelling the stream (0.709327ms)
✔ private invitations use random bounded fragment secrets and scrub even malformed input from history (2.679005ms)
✔ invitation issue and acceptance put secrets only in an explicit POST body (1.455023ms)
✔ authenticated invitation preview validates fixed access, bounds assignments and sends its secret only in a body (0.931294ms)
✔ membership expiry renewal uses explicit bounded UTC values and shows effective status (0.970469ms)
✔ legacy assignments remain bounded with an explicit incomplete projection and independently checked pages (0.959508ms)
✔ memory custody preserves exact unsent edit/lineage/activation and isolates clone mutations and organisation (3.53008ms)
✔ recall custody retains exact reason and expected version/revision/key through transient remount (0.934663ms)
✔ replacement by actor or exact session clears every former audience without resurrection (2.729179ms)
✔ current organisation denial/cancel/success clears its draft and pending receipt, leaving other audiences (2.279828ms)
✔ audience capacity refuses new custody without evicting any draft or uncertain command (4.746151ms)
✔ serialized byte capacity rejects before mutation and still permits exact pending recovery and release (511.596105ms)
✔ methodology projections preserve exact attributed criteria/templates and large revisions, excluding unknown fields (35.049322ms)
✔ Task basis retains legitimate history and notices beyond the configuration input limits (23.122262ms)
✔ methodology refuses malformed dates, revisions, scopes, controls and unbounded definitions (1.151114ms)
✔ Unicode label, source, criteria and template parsing matches Rust White_Space without trimming FEFF (0.894239ms)
✔ exact Save retries retain frozen key, body, schedule and actor with pre/post session checks (51.906551ms)
✔ replaced session fences initial Save and post-response receipt disclosure (1.555194ms)
✔ current metadata and Task reads bind exact session and scope before publication (5.695955ms)
✔ optional Create and Guide context survive exact command recovery while controls refuse context (2.063801ms)
✔ uncertain in-memory Save custody survives a same-session remount and clears for a changed audience (0.992001ms)
✔ conversation echo preserves submitted context without inventing resolved defaults (0.90433ms)
✔ methodology limitations use human requirement labels while unknown codes have a safe inspection path (0.549228ms)
✔ a first 429 refusal releases the draft while a throttled uncertain retry keeps exact request custody (0.360549ms)
✔ Undo, historical Edit and revision recovery follow exact successor links across overlapping independent packages (1.009503ms)
✔ optional label and field behavior preserve untouched null, supplied values and explicit empty arrays (0.701986ms)
✔ mixed adopted and neutral basis keeps exact neutral field and template source attribution without changing status (0.60634ms)
✔ proxy failure never logs callback query or cookie credentials (570.795953ms)
✔ skill manifests preserve exact provenance, Unicode, inert resource bytes and canonical large revisions (9.226317ms)
✔ skill manifest input bounds match server finite vocabulary, canonical sets and UTF-8 capacity (5.832133ms)
✔ catalog resource digests bind exact resource identities and scope without replacing saved content (1.132137ms)
✔ discovery binds exact Task, method, catalog and immutable skill identity across candidates and history (1.85023ms)
✔ historical selection retains actual selector separately from accepted authority and effective method epoch (1.647001ms)
✔ unavailable and forbidden declared needs retain explanatory metadata without implying operation authority (0.836994ms)
✔ exact selection replay freezes complete scope and original basis, returns history with current blocked eligibility (75.857444ms)
✔ selection receipts refuse substituted selector, version, reason, Task and expected basis (5.649908ms)
✔ catalog mutations preserve exact retries and validate status receipt audience (1.831841ms)
✔ replaced sessions prevent a first write and fence a completed write before receipt disclosure (1.228657ms)
✔ catalog, discovery and independent eligibility reads verify session after scoped server responses (1.91968ms)
✔ uncertain skill custody is memory-only and isolated to exact actor session organisation and Task (0.551865ms)
✔ definite conflicts allow review while uncertain retries keep their original key through throttling (0.16573ms)
✔ set ordering is canonicalized only at submission without editing the draft or immutable resource bytes (1.635738ms)
✔ skills accept bounded 8 MiB metadata responses while ordinary reads stay at 4 MiB (200.07769ms)
✔ incoherent eligible observations cannot enable selection or silently drop a declared need (0.635837ms)
✔ maximal conservative catalog/discovery wire envelopes fit the skills-only 8 MiB read bound (302.033528ms)
ℹ Conservative discovery wire envelope: 7467743 bytes; catalog: 3685956 bytes; skill limit: 8388608 bytes. 128 candidates + 128 selections, 16 needs/inspection and 16 resource digests/version; 2 MiB command + 1 MiB receipt padding plus wrappers.
ℹ Conservative assignments page envelope: 144773 bytes.
ℹ Conservative history page envelope: 419101 bytes.
ℹ Conservative impact page envelope: 66288 bytes.
✔ definite scope and Admin refusals erase only the matching private retry custody (1.196601ms)
✔ server-owned eligibility explanation bound counts UTF-8 bytes while user reasons retain Unicode scalar limits (4.896424ms)
✔ unsent skill drafts preserve exact text and original basis only for their actor session organisation and Task (0.770289ms)
✔ bounded draft custody refuses new entries and bytes without evicting drafts or exact pending recovery (79.050421ms)
✔ authoring errors identify exact fields and limits while supplementary characters and raw source text remain intact (6.438038ms)
✔ redacted bound explanations preserve accepted/current kind and depth without leaking rule values (0.644938ms)
✔ independent assignment and status pages validate bounds, cursor ordering, scope and persisted provenance (0.700089ms)
✔ impact pages bind current audit and optional exact version while preserving original selection references (2.121585ms)
ℹ tests 183
ℹ suites 0
ℹ pass 183
ℹ fail 0
ℹ cancelled 0
ℹ skipped 0
ℹ todo 0
ℹ duration_ms 3773.348321
