$ pnpm --filter @zobba/web test:browser --workers=1 --retries=0
$ playwright test --workers=1 --retries=0

Running 123 tests using 1 worker

(node:942412) Warning: The 'NO_COLOR' env is ignored due to the 'FORCE_COLOR' env being set.
(Use `node --trace-warnings ...` to show where the warning was created)
  ✓    1 tests/browser/account-binding.spec.ts:60:1 › a completed old session response cannot re-expose another account draft in the same engagement (7.6s)
  ✓    2 tests/browser/account-binding.spec.ts:126:1 › same-account session rotation retains the hidden draft, mounted editor and focus after verification (5.0s)
  ✓    3 tests/browser/account-binding.spec.ts:154:1 › every protected GET refuses an obsolete session without expiring the replacement cookie (6.2s)
  ✓    4 tests/browser/account-binding.spec.ts:174:1 › a delayed real unauthorized response cannot delete the newer manager session (5.3s)
  ✓    5 tests/browser/account-binding.spec.ts:193:1 › repeated real session mismatches stop after one retry and withdraw the private workspace (3.0s)
  ✓    6 tests/browser/account-binding.spec.ts:216:1 › live conversation polling withdraws the old actor before recovering a replacement session (8.6s)
  ✓    7 tests/browser/account-binding.spec.ts:253:1 › conversation mismatches after successful engagement reads share one bounded recovery budget (5.1s)
  ✓    8 tests/browser/account-binding.spec.ts:308:1 › read preconditions cannot change ordinary command, reserved control or logout CSRF contracts (3.2s)
  ✓    9 tests/browser/account-binding.spec.ts:324:1 › an engagement mismatch and a later conversation mismatch consume the same recovery allowance (4.0s)
  ✓   10 tests/browser/auth-database-endpoint.spec.ts:18:1 › portless PGPORT routes actual migration, admin SQL and authenticated recovery through an owned relay (14.2s)
  ✓   11 tests/browser/auth.spec.ts:60:1 › HTTPS OIDC login opens only assigned scope, supports keyboard and narrow layouts (4.8s)
  ✓   12 tests/browser/auth.spec.ts:108:1 › CSRF and Origin refusals preserve session; invalid callback cannot log out; POST logout revokes replay (2.7s)
  ✓   13 tests/browser/auth.spec.ts:136:3 › admin-only signs in without access to client work (2.2s)
  ✓   14 tests/browser/auth.spec.ts:136:3 › unassigned signs in without access to client work (2.0s)
  ✓   15 tests/browser/auth.spec.ts:145:1 › manager with combined roles sees current audit authority (2.3s)
  ✓   16 tests/browser/auth.spec.ts:152:1 › role demotion, membership expiry and session expiry clear previously opened scope (3.7s)
  ✓   17 tests/browser/auth.spec.ts:187:1 › pending logout survives focus, periodic refresh, visibility changes and navigation (2.3s)
  ✓   18 tests/browser/auth.spec.ts:219:1 › logout outage retains intent and retry uses fresh CSRF without reopening work (2.2s)
  ✓   19 tests/browser/auth.spec.ts:238:1 › a lost successful logout response retries safely and does not reopen work (2.5s)
  ✓   20 tests/browser/auth.spec.ts:252:1 › signing out an expired session completes without a failure state (2.4s)
  ✓   21 tests/browser/auth.spec.ts:261:1 › stale CSRF is a real logout refusal and retry refreshes it before signing out (2.4s)
  ✓   22 tests/browser/auth.spec.ts:275:1 › database loss clears protected content and retry restores verified access (2.8s)
  ✓   23 tests/browser/auth.spec.ts:313:3 › actual authorization callback rejects state (1.9s)
  ✓   24 tests/browser/auth.spec.ts:313:3 › actual authorization callback rejects missing-browser-binding (2.4s)
  ✓   25 tests/browser/auth.spec.ts:313:3 › actual authorization callback rejects wrong-browser-binding (2.2s)
  ✓   26 tests/browser/auth.spec.ts:329:1 › successful callback replaces fixation value and replay cannot mint another session (2.6s)
  ✓   27 tests/browser/auth.spec.ts:348:1 › a second successful OIDC callback revokes the previous valid session (3.2s)
  ✓   28 tests/browser/auth.spec.ts:364:1 › an unrelated callback preserves the valid in-flight browser binding and sign-in (2.1s)
  ✓   29 tests/browser/auth.spec.ts:376:1 › a different organisation receives its own assignment only (2.5s)
  ✓   30 tests/browser/auth.spec.ts:385:1 › more than 100 assignments paginate by full scope with fresh back navigation and direct opening (5.8s)
  ✓   31 tests/browser/auth.spec.ts:452:1 › cold provider discovery failure bounds concurrent sign-in requests and recovers (13.8s)
  ✓   32 tests/browser/auth.spec.ts:479:1 › missing evidence storage is explicit while the foundation conversation remains usable (3.5s)
  ✓   33 tests/browser/auth.spec.ts:493:1 › failed restoration SQL still closes the owned fixture servers (1.3s)
  ✓   34 tests/browser/conversation-locks.spec.ts:180:1 › R11 an actual IndexedDB transaction serializes near-quota tabs and preserves Pause/Stop slots (13.0s)
  ✓   35 tests/browser/conversation-locks.spec.ts:283:1 › R12 repeated Enter during an actual blocked reservation creates one key, POST and durable command (4.1s)
  ✓   36 tests/browser/conversation-locks.spec.ts:350:1 › R1 a reservation surviving same-scope revalidation hands off once without losing an independently edited draft (9.4s)
  ✓   37 tests/browser/conversation-locks.spec.ts:417:1 › R11 global IndexedDB counts preserve four control places without reading other bindings (2.9s)
  ✓   38 tests/browser/conversation-locks.spec.ts:437:1 › a notification failure after IndexedDB commit cannot undo the send handoff (3.2s)
  ✓   39 tests/browser/conversation-races.spec.ts:90:1 › real replacement OIDC actor and scope cannot reveal or replay the previous recovery outbox (6.7s)
  ✓   40 tests/browser/conversation-races.spec.ts:126:1 › two same-actor tabs retain both committed lost acknowledgements and recover each exact key (12.3s)
  ✓   41 tests/browser/conversation-races.spec.ts:167:1 › later bounded Task page refreshes factual state and cycle while retaining an explicitly selected old composer target (24.6s)
  ✓   42 tests/browser/conversation-races.spec.ts:208:1 › a held old-scope snapshot cannot restore protected projection or draft after explicit scope selection (4.9s)
  ✓   43 tests/browser/conversation-races.spec.ts:232:1 › logout wins over an already fetched protected snapshot and later refresh callbacks (3.6s)
  ✓   44 tests/browser/conversation-races.spec.ts:253:1 › reserved control and same-key receipt recovery do not wait on held ordinary session or scope reads (7.8s)
  ✓   45 tests/browser/conversation-races.spec.ts:290:1 › an actual stale-cycle control returns 409 and dismissing its refusal preserves the independent next draft (5.3s)
  ✓   46 tests/browser/conversation-review.spec.ts:73:1 › same-scope checks hide every protected surface and restore mounted Task controls, disclosure and focus (5.9s)
  ✓   47 tests/browser/conversation-review.spec.ts:178:1 › Follow uses current activity while reading older history without retargeting or stealing focus (11.7s)
  ✓   48 tests/browser/conversation-review.spec.ts:204:1 › an unresolved exact send scrolls once and never pulls deliberately opened history to the bottom (9.2s)
  ✓   49 tests/browser/conversation-review.spec.ts:242:1 › inner methodology disclosure survives cancelled reads and tab-away but withdraws on current failure (14.1s)
  ✓   50 tests/browser/conversation.spec.ts:59:1 › two attributed Tasks, Guide A while inspecting B, reload and real API/worker interruption retain guidance (7.9s)
  ✓   51 tests/browser/conversation.spec.ts:95:1 › lost committed acknowledgement reloads original outbox meaning, recovers one receipt and refuses changed meaning (6.4s)
  ✓   52 tests/browser/conversation.spec.ts:128:1 › actual worker Pause and Stop stay pending until observed; Resume retains cycle and Continue creates another (13.6s)
  ✓   53 tests/browser/conversation.spec.ts:165:1 › consumed crash remains unresolved after worker restart without replay or false stopped success (12.7s)
  ✓   54 tests/browser/conversation.spec.ts:182:1 › keyboard narrow views, pin and follow preserve explicit target, draft and focus across revalidation (8.6s)
  ✓   55 tests/browser/conversation.spec.ts:219:1 › storage failure cannot transmit and a later identical next draft survives an in-flight acknowledgement (4.8s)
  ✓   56 tests/browser/conversation.spec.ts:263:1 › held ordinary projection does not block named reserved control and failure withdraws inspection (11.4s)
  ✓   57 tests/browser/conversation.spec.ts:285:1 › bounded burst/history and second actor/foreign scope preserve exact attributed audience (17.9s)
  ✓   58 tests/browser/evidence-repairs.spec.ts:54:1 › R03 maximum escaped assertions survive a lost registered response and reload with the exact reservation key (7.3s)
  ✓   59 tests/browser/evidence-repairs.spec.ts:93:1 › R04 invalid UTF-8 source and filename bounds remain editable without creating or persisting a reservation (3.9s)
  ✓   60 tests/browser/evidence-repairs.spec.ts:115:1 › R05 an oversized local original gives size correction without network acquisition or a recovery draft (5.5s)
  ✓   61 tests/browser/evidence-repairs.spec.ts:128:1 › R06 durable reservation saturation explains finishing existing custody and has no transient Retry-After (9.6s)
  ✓   62 tests/browser/evidence-repairs.spec.ts:172:1 › R08 an accepted registration remains certain when only the following evidence list refresh fails (4.0s)
  ✓   63 tests/browser/evidence-repairs.spec.ts:198:1 › R10 same-name incomplete originals expose distinct immutable expected identity and assertions before any upload (3.5s)
  ✓   64 tests/browser/evidence-unicode.spec.ts:176:1 › mixed API-created normal and FEFF originals retain exact metadata and download bytes (7.2s)
  ✓   65 tests/browser/evidence-unicode.spec.ts:207:1 › mixed API-created pending reservations recover exact drafts after reload and register the same originals (13.1s)
  ✓   66 tests/browser/evidence-unicode.spec.ts:267:1 › new source entry trims Rust whitespace and preserves FEFF in all five assertion fields (4.5s)
  ✓   67 tests/browser/evidence.spec.ts:69:1 › verified acquisition keeps source assertions distinct and preserves Task guidance, selection and return focus (6.0s)
  ✓   68 tests/browser/evidence.spec.ts:127:1 › lost reservation acknowledgement recovers the exact key on reload and refuses a changed file (4.8s)
  ✓   69 tests/browser/evidence.spec.ts:151:1 › lost upload acknowledgement retries the same registered original across API restart without overwrite (4.1s)
  ✓   70 tests/browser/evidence.spec.ts:167:1 › narrow keyboard inspection caps plain text and keeps markup download-only (5.2s)
  ✓   71 tests/browser/evidence.spec.ts:187:3 › completed metadata is withheld after same-actor session replacement (6.5s)
  ✓   72 tests/browser/evidence.spec.ts:209:3 › completed download creates no Blob URL after same-actor session replacement (5.1s)
  ✓   73 tests/browser/evidence.spec.ts:187:3 › completed metadata is withheld after same-engagement actor replacement (5.6s)
  ✓   74 tests/browser/evidence.spec.ts:209:3 › completed download creates no Blob URL after same-engagement actor replacement (6.4s)
  ✓   75 tests/browser/evidence.spec.ts:187:3 › completed metadata is withheld after foreign-scope account replacement (5.6s)
  ✓   76 tests/browser/evidence.spec.ts:209:3 › completed download creates no Blob URL after foreign-scope account replacement (5.9s)
  ✓   77 tests/browser/evidence.spec.ts:226:1 › revocation during object upload prevents registration and foreign scope discloses no metadata (3.3s)
  ✓   78 tests/browser/evidence.spec.ts:247:1 › routine same-session access checks retain an in-flight upload, inspection, file control and focus (4.5s)
  ✓   79 tests/browser/evidence.spec.ts:271:1 › registry and recovery pages stay bounded and new registration refreshes canonical ordering and cursor (16.1s)
  ✓   80 tests/browser/evidence.spec.ts:347:1 › registered provenance remains inspectable when storage configuration or original bytes are unavailable (6.0s)
  ✓   81 tests/browser/evidence.spec.ts:369:1 › failed current-authority recheck hides all evidence while retaining same-session retry (4.6s)
  ✓   82 tests/browser/evidence.spec.ts:389:1 › asynchronous administration allows a blocked evidence transaction to commit through the database proxy (7.0s)
  ✓   83 tests/browser/health.spec.ts:4:1 › real database loss is unavailable, then keyboard refresh restores Ready (3.0s)
  ✓   84 tests/browser/membership.spec.ts:96:1 › Admin-only has separate keyboard-accessible membership, two current-version Saves and no audit authority (4.4s)
  ✓   85 tests/browser/membership.spec.ts:144:1 › lost invitation and acceptance acknowledgements retry exactly; acceptance receipt cannot regrant later revoked access (6.6s)
  ✓   86 tests/browser/membership.spec.ts:199:1 › private invitation can be revoked, and the signed recipient receives an honest refusal (4.3s)
  ✓   87 tests/browser/membership.spec.ts:213:1 › acceptance needs a fresh verified callback and rejects a different signed recipient (7.1s)
  ✓   88 tests/browser/membership.spec.ts:235:1 › stale Save and the last Admin are refused without automatic overwrite (2.7s)
  ✓   89 tests/browser/membership.spec.ts:254:1 › ordinary Save refuses the last non-expiring Admin and permits temporary Admins after establishing a replacement (3.8s)
  ✓   90 tests/browser/membership.spec.ts:337:1 › a combined role can narrow its own audit role while retaining only membership administration (2.8s)
  ✓   91 tests/browser/membership.spec.ts:348:1 › replacing the account withdraws membership metadata and discards unsent invitation drafts (3.0s)
  ✓   92 tests/browser/membership.spec.ts:379:1 › same-account session replacement clears drafts, private links and uncertain recovery without rebinding (18.5s)
  ✓   93 tests/browser/membership.spec.ts:412:1 › same-document invitation navigation scrubs each secret and ignores a late previous preview (7.6s)
  ✓   94 tests/browser/membership.spec.ts:446:1 › preview capacity, outage and timeout remain retryable connection states without suggesting reauthentication (14.5s)
  ✓   95 tests/browser/membership.spec.ts:469:1 › new invitation fragments preserve pending, uncertain and completed sign-out guidance (7.3s)
  ✓   96 tests/browser/membership.spec.ts:518:1 › expired membership is shown honestly and can be renewed or have its expiry explicitly cleared (4.2s)
  ✓   97 tests/browser/membership.spec.ts:533:1 › multi-page member and invitation edits retain selections and preserve existing off-page assignments (6.9s)
  ✓   98 tests/browser/membership.spec.ts:573:1 › legacy members with over 100 assignments preserve access during role edits and remove only selected scopes across pages (4.8s)
  ✓   99 tests/browser/membership.spec.ts:595:1 › an opened legacy draft remains preserve-only when expiry changes 101 assignments to 100 on refresh (10.3s)
  ✓  100 tests/browser/membership.spec.ts:625:1 › a loaded assignment that expires before Save stays expired until explicitly selected in a later draft (9.4s)
  ✓  101 tests/browser/methodology-review.spec.ts:95:1 › explicit Create overrides firm defaults and a real active-task Save applies at the owned worker boundary (7.9s)
  ✓  102 tests/browser/methodology-review.spec.ts:160:1 › Undo and conflict recovery keep independent overlapping lineages separate and historical Edit opens the current head (4.0s)
  ✓  103 tests/browser/methodology-review.spec.ts:195:1 › field controls distinguish clear from inherit while mandatory inherited text and references remain in force (7.5s)
  ✓  104 tests/browser/methodology-review.spec.ts:247:1 › later organisation pages and verified names survive quiet refresh, and revoked selection returns to the authorised chooser (18.7s)
  ✓  105 tests/browser/methodology.spec.ts:89:1 › Guide supplies missing Task context with exact attribution and stages a binding without replacing the original (6.5s)
  ✓  106 tests/browser/methodology.spec.ts:152:1 › Admin Save, frozen lost-receipt retry, Undo, exact Task templates, new-only notice, recall and draft withdrawal (40.1s)
  ✓  107 tests/browser/methodology.spec.ts:337:1 › a real saved incomplete methodology retains more than 100 limitations in Task inspection (4.4s)
  ✓  108 tests/browser/skills.spec.ts:257:1 › structured Admin installation preserves exact provenance and inert resources through frozen lost-receipt recovery (18.1s)
  ✓  109 tests/browser/skills.spec.ts:324:1 › selection keeps required methodology and exact history while an already-open view meets disable and recall (7.7s)
  ✓  110 tests/browser/skills.spec.ts:371:1 › lost selection delivery replays its exact historical receipt with current recalled eligibility (6.3s)
  ✓  111 tests/browser/skills.spec.ts:396:1 › unsupported declared tools remain inspectable and unselectable, and foreign catalog scope stays undisclosed (8.9s)
  ✓  112 tests/browser/skills.spec.ts:449:1 › acquired instruction-like SKILL.md and a genuine hostile ZIP remain exact evidence without installation or extraction (4.4s)
  ✓  113 tests/browser/skills.spec.ts:485:1 › same-account replacement and current Admin revocation withdraw private install drafts and uncertain requests (41.6s)
  ✓  114 tests/browser/skills.spec.ts:523:1 › late Task skill and session reads cannot disclose or replay the previous selector draft after an account switch (50.2s)
  ✓  115 tests/browser/skills.spec.ts:601:1 › actual inner skill disclosures retain open state and focus across cancelled reads, but current failures withdraw them (21.6s)
  ✓  116 tests/browser/skills.spec.ts:648:1 › repair P2: unsent install and status drafts survive an actual same-owner auth failure remount without submission (7.9s)
  ✓  117 tests/browser/skills.spec.ts:684:1 › repair P2 P11: Edit as new skill version preserves complete content, stale draft custody and original selections (13.4s)
  ✓  118 tests/browser/skills.spec.ts:739:1 › repair P2 P8: an unsent supplementary-scalar selection reason survives remount and records all 2000 characters (12.7s)
  ✓  119 tests/browser/skills.spec.ts:771:1 › repair P8 P9: authoring preserves supplementary scalars and gives actionable errors at the exact invalid fields (19.7s)
  ✓  120 tests/browser/skills.spec.ts:819:1 › repair P3: more than 513 engagements cannot hide the catalog or restrictions and assignment options remain paged (13.9s)
  ✓  121 tests/browser/skills.spec.ts:871:1 › repair P4 P5: persisted status provenance and paged history lead only current audit users to scoped affected Tasks (20.0s)
  ✓  122 tests/browser/skills.spec.ts:985:1 › repair P2: a refused custody-capacity transition preserves the exact install editor and recovers after explicit draft cancellation (45.5s)
  ✓  123 tests/browser/skills.spec.ts:1027:1 › repair P2 P3: a retained catalog waits for its own fresh authority after parent refresh and clears only on confirmed Admin denial (7.2s)

  123 passed (17.9m)
