$ pnpm --filter @zobba/web check
$ node scripts/generate-api.mjs --check && tsc --noEmit && node --test tests/*.test.mjs
✔ session bootstrap requires server identity and a nonempty CSRF token (9.942544ms)
✔ engagement responses require every explicit scope and a current audit role (5.607334ms)
✔ a shaped response cannot silently change any selected scope identifier (111.981103ms)
✔ scope IDs and Unicode label bounds match stored and HTTP contracts (3.410264ms)
✔ bounded pages preserve identical local IDs across scopes and request all cursor parts (4.883547ms)
✔ already expired logout is success while refusal and outage remain errors (1.497376ms)
✔ session identity cannot introduce an invalid actor binding or unbounded header (0.459991ms)
✔ JSON response bodies are bounded even without a truthful Content-Length (71.779753ms)
✔ session mismatch withdraws projections and preserves uncertain work without making it dismissible conflict (32.58533ms)
✔ outbox persists immutable meaning per actor and complete scope, never credentials (3.20012ms)
✔ ordinary uncertain work leaves bounded independent Pause/Stop recovery capacity (2.437533ms)
✔ storage failure prevents even starting admission and preserves editable caller input (8.444969ms)
✔ lost committed acknowledgement survives reload and retry sends original meaning with fresh access (3.649128ms)
✔ reconciliation requires original author plus exact key, content and target, never a similar echo (12.046314ms)
✔ retry refuses changed actor and revoked membership before any transmission (3.062475ms)
✔ old snapshot and old acknowledgement cannot repopulate withdrawn projections or remove uncertain recovery (1.854036ms)
✔ 409 preserves exact original bytes with an explicit refused state (4.401715ms)
✔ Pause admission remains independent of a blocked read and another pending write (72.720565ms)
✔ new access generation ignores a late failure from an older read (1.416523ms)
✔ reserved first-send and same-key retry never wait on ordinary access reads (1.953359ms)
✔ reserved retry with replaced cookie refuses without adopting another actor (1.810256ms)
✔ only a definite refusal can be dismissed; uncertain requests keep their exact recovery key (1.42519ms)
✔ same-scope checking preserves hidden nodes while failures withdraw all projection content (6.721852ms)
✔ later Task pages refresh after invalidation and never accumulate an unbounded buffer (3.597578ms)
✔ ordinary retry refreshes access even when an App session is still in memory (1.937836ms)
✔ concurrent storage reservations preserve immutable records and the scoped quota (1.14289ms)
✔ global recovery capacity and storage scanning are bounded without reading another actor content (13.391193ms)
✔ an obsolete history failure cannot erase a newer explicitly resynchronised view (4.977906ms)
✔ a continued Task stays on its later page so an old composer cycle remains visibly stale (1.667346ms)
✔ successful reconnect clears the transient read failure after restoring server content (0.813459ms)
✔ successful snapshots and outage recovery preserve unresolved command refusals (6.563349ms)
✔ a successful projection cannot clear an unresolved recovery-storage send failure (1.798124ms)
✔ a later Task page cannot begin before its snapshot or remain stale behind the installed watermark (3.242083ms)
✔ R1 a persisted handoff survives access revalidation without sending under its obsolete generation (1.250427ms)
✔ R1 late persistence after withdrawal remains saved without exposing or transmitting it (1.267576ms)
✔ R2 a replaced or aborted inspection cannot withdraw a newer verified conversation on failure (5.901627ms)
✔ R2 a newer accepted projection fences old inspection success and failure (2.571489ms)
✔ R3 exact durable echo wins over a later lost reply without inventing unsaved uncertainty (2.301478ms)
✔ R3 fresh authority refusal still withdraws after an exact durable echo (5.724732ms)
✔ R4 dismissing a refusal clears only that operation notice and it stays cleared after later reads (11.634697ms)
✔ R4 dismissing a refusal cannot erase an unrelated storage failure notice (2.523195ms)
✔ R5 other-tab creation and dismissal refresh only the matching bounded outbox without replay (8.096395ms)
✔ R5 irrelevant bindings never inspect payloads and relevant bursts coalesce behind an access fence (1.170929ms)
✔ R3 a different author or different meaning is never receipt evidence for an in-flight request (1.978372ms)
✔ R8 current activity advances independently while the displayed history page stays fixed (1.303242ms)
✔ R4 a successful retry storage read clears its own prior failure including a verified absent key (3.069129ms)
✔ R4 successful refusal dismissal clears only its own storage warning including verified absence (1.938979ms)
✔ async outbox retry reads cannot transmit after access changes while persistence is loading (9.748412ms)
✔ async status persistence is fenced immediately before any command POST (3.030859ms)
✔ out-of-order async reconciliation cannot restore an outbox row removed by a newer transaction (1.686166ms)
✔ late async reconciliation failures cannot overwrite a newer access generation (1.355732ms)
✔ an asynchronous status-write failure prevents transmission and retains the exact reserved request (1.445774ms)
✔ a late asynchronous refusal-removal failure cannot restore notices after withdrawal (9.098552ms)
✔ status-only storage updates cannot resurrect an already removed operation (0.571962ms)
✔ own legacy preview recovery blocks reads and new sends with an explicit fixed notice (1.855657ms)
✔ unknown persistence errors never expose untrusted storage text (1.943975ms)
✔ a known receipt survives asynchronous removal failure and recovery retries cleanup without admission (2.514174ms)
✔ an exact durable echo survives failed reconciliation and a late POST failure without retransmission (19.148093ms)
✔ controller disposal closes recovery storage while temporary access checks leave it open (11.933922ms)
✔ replacement disposes the old controller without allowing its late acknowledgement to erase recovery (95.416415ms)
✔ create reconciliation compares exact supplied context including absent versus explicitly empty context (18.553987ms)
✔ guide reconciliation compares exact supplied context including absent versus explicitly empty context (6.415392ms)
✔ Guide recovery retries the full frozen context after reload without inferring current defaults (5.122786ms)
✔ every workspace read binds the current session and preserves mismatch status distinctly from command conflicts (88.223683ms)
✔ decimal cursors retain precision and bounded canonical integer representation (1.281181ms)
✔ snapshot validates audience, composite scope, author and command binding before exposure (5.917695ms)
✔ latest activity is bounded and remains independent of the displayed message and Task pages (6.162995ms)
✔ guidance and continuation retain source target and original receipt distinctions (0.900682ms)
✔ history is complete bounded descending pagination with ascending immutable page rows (20.164252ms)
✔ delivery validates contiguous bounded feed without advancing over omitted rows (1.687307ms)
✔ content uses exact Rust whitespace, Unicode byte and control bounds (0.651194ms)
✔ every command routes to its authoritative admission lane with exact body and fresh CSRF (10.857534ms)
✔ future cursors, explicit gaps, and impossible Applied facts cannot become current state (0.726627ms)
✔ PostgreSQL TCP endpoint preserves IPv6 and port precedence (4.02011ms)
✔ invalid effective ports fail with a fixed secret-safe diagnostic (1.220085ms)
✔ resolved IPv6 and PGPORT endpoints connect to real loopback sockets (46.423209ms)
✔ default resolver reads PGPORT from the environment (0.659379ms)
✔ browser DatabaseProxy routes IPv6 and PGPORT, disconnects and recovers (70.27019ms)
✔ shared Rust/browser Unicode metadata parity preserves filename and recovery exactly (94.144983ms)
✔ shared Rust/browser Unicode metadata parity preserves system and recovery exactly (43.976421ms)
✔ shared Rust/browser Unicode metadata parity preserves account and recovery exactly (169.387523ms)
✔ shared Rust/browser Unicode metadata parity preserves source_version and recovery exactly (48.504907ms)
✔ shared Rust/browser Unicode metadata parity preserves selection and recovery exactly (40.762741ms)
✔ shared Rust/browser Unicode metadata parity preserves coverage and recovery exactly (34.894912ms)
✔ new evidence input trims Unicode White_Space while preserving FEFF and internal values (0.59396ms)
✔ evidence parser binds scope, immutable identity and non-null version without propagating private fields (0.652509ms)
✔ reservation retry sends unchanged attributed payload and enforces the expected session (67.359687ms)
✔ completed metadata is refused after account or same-actor session replacement (3.163987ms)
✔ authenticated download verifies bounded actual bytes and content identity before disclosure (13.41164ms)
✔ completed download bytes remain fenced across same-actor session replacement (2.079963ms)
✔ browser recovery retains exact reservation only for the same session and composite scope (4.425212ms)
✔ download filename strips path and header controls (0.799808ms)
✔ maximum valid escaped assertions retain their exact immutable recovery envelope (2.15853ms)
✔ durable reservation quota is distinguished from conflict and transient I/O capacity (3.614321ms)
✔ bounded evidence pages validate ordering, exact final cursor and explicit storage configuration (11.299791ms)
✔ plain-text preview refuses more than 100 lines or 64 KiB before rendering (4.564391ms)
✔ the real API contract distinguishes live, ready, and unavailable (0.882368ms)
✔ bad HTTP status, schema, service, or payload can never become ready (0.663309ms)
✔ admin projection accepts Admin-only membership independently from assigned audit access (4.900356ms)
✔ membership projections refuse foreign orgs, unbounded or duplicate lists and malformed authority (1.770544ms)
✔ each bounded membership page validates its final cursor, including compound engagement scope (3.544705ms)
✔ membership reads bind the expected session and omit cleared pagination values (75.08922ms)
✔ each Save and exact retry verifies current session, retains its exact body and verifies receipt audience (8.676679ms)
✔ obsolete-session retry sends no POST and a changed post-response session cannot expose a receipt (2.822388ms)
✔ membership Save allowlists the last_admin header before its bounded conflict body (15.09341ms)
✔ the last_admin header settles before stalled or delayed bodies despite cancellation never settling (5.751339ms)
✔ a successful Save still decodes its receipt when an error-code header is present (5.400818ms)
✔ a stalled or partial conflict body cannot hold Save open, even when cancellation stalls (765.021198ms)
✔ oversized conflict bodies cancel without waiting for cleanup, including dishonest lengths (7.092077ms)
✔ a complete conflict body decodes once and releases its reader without cancelling the stream (2.088297ms)
✔ private invitations use random bounded fragment secrets and scrub even malformed input from history (3.539114ms)
✔ invitation issue and acceptance put secrets only in an explicit POST body (1.973874ms)
✔ authenticated invitation preview validates fixed access, bounds assignments and sends its secret only in a body (1.871654ms)
✔ membership expiry renewal uses explicit bounded UTC values and shows effective status (1.133627ms)
✔ legacy assignments remain bounded with an explicit incomplete projection and independently checked pages (3.657352ms)
✔ methodology projections preserve exact attributed criteria/templates and large revisions, excluding unknown fields (16.235128ms)
✔ Task basis retains legitimate history and notices beyond the configuration input limits (19.569188ms)
✔ methodology refuses malformed dates, revisions, scopes, controls and unbounded definitions (4.695298ms)
✔ Unicode label, source, criteria and template parsing matches Rust White_Space without trimming FEFF (0.606696ms)
✔ exact Save retries retain frozen key, body, schedule and actor with pre/post session checks (64.262276ms)
✔ replaced session fences initial Save and post-response receipt disclosure (2.682697ms)
✔ current metadata and Task reads bind exact session and scope before publication (3.623679ms)
✔ optional Create and Guide context survive exact command recovery while controls refuse context (0.800942ms)
✔ uncertain in-memory Save custody survives a same-session remount and clears for a changed audience (1.406471ms)
✔ conversation echo preserves submitted context without inventing resolved defaults (1.123018ms)
✔ methodology limitations use human requirement labels while unknown codes have a safe inspection path (0.425918ms)
✔ a first 429 refusal releases the draft while a throttled uncertain retry keeps exact request custody (0.268208ms)
✔ Undo, historical Edit and revision recovery follow exact successor links across overlapping independent packages (0.661756ms)
✔ optional label and field behavior preserve untouched null, supplied values and explicit empty arrays (0.584337ms)
✔ mixed adopted and neutral basis keeps exact neutral field and template source attribution without changing status (0.314309ms)
✔ proxy failure never logs callback query or cookie credentials (269.076197ms)
✔ skill manifests preserve exact provenance, Unicode, inert resource bytes and canonical large revisions (9.374322ms)
✔ skill manifest input bounds match server finite vocabulary, canonical sets and UTF-8 capacity (13.491787ms)
✔ catalog resource digests bind exact resource identities and scope without replacing saved content (1.545177ms)
✔ discovery binds exact Task, method, catalog and immutable skill identity across candidates and history (5.295161ms)
✔ historical selection retains actual selector separately from accepted authority and effective method epoch (2.196227ms)
✔ unavailable and forbidden declared needs retain explanatory metadata without implying operation authority (0.821397ms)
✔ exact selection replay freezes complete scope and original basis, returns history with current blocked eligibility (62.562469ms)
✔ selection receipts refuse substituted selector, version, reason, Task and expected basis (20.276513ms)
✔ catalog mutations preserve exact retries and validate status receipt audience (1.758481ms)
✔ replaced sessions prevent a first write and fence a completed write before receipt disclosure (2.348522ms)
✔ catalog, discovery and independent eligibility reads verify session after scoped server responses (2.032278ms)
✔ uncertain skill custody is memory-only and isolated to exact actor session organisation and Task (0.867172ms)
✔ definite conflicts allow review while uncertain retries keep their original key through throttling (0.41102ms)
✔ set ordering is canonicalized only at submission without editing the draft or immutable resource bytes (0.584989ms)
✔ skills accept bounded 8 MiB metadata responses while ordinary reads stay at 4 MiB (275.88488ms)
✔ incoherent eligible observations cannot enable selection or silently drop a declared need (4.431027ms)
✔ maximal conservative catalog/discovery wire envelopes fit the skills-only 8 MiB read bound (261.390908ms)
ℹ Conservative discovery wire envelope: 7467743 bytes; catalog: 3685956 bytes; skill limit: 8388608 bytes. 128 candidates + 128 selections, 16 needs/inspection and 16 resource digests/version; 2 MiB command + 1 MiB receipt padding plus wrappers.
ℹ Conservative assignments page envelope: 144773 bytes.
ℹ Conservative history page envelope: 419101 bytes.
ℹ Conservative impact page envelope: 66288 bytes.
✔ definite scope and Admin refusals erase only the matching private retry custody (0.864793ms)
✔ server-owned eligibility explanation bound counts UTF-8 bytes while user reasons retain Unicode scalar limits (0.599991ms)
✔ unsent skill drafts preserve exact text and original basis only for their actor session organisation and Task (1.538742ms)
✔ bounded draft custody refuses new entries and bytes without evicting drafts or exact pending recovery (66.2451ms)
✔ authoring errors identify exact fields and limits while supplementary characters and raw source text remain intact (6.730467ms)
✔ redacted bound explanations preserve accepted/current kind and depth without leaking rule values (0.86683ms)
✔ independent assignment and status pages validate bounds, cursor ordering, scope and persisted provenance (0.940236ms)
✔ impact pages bind current audit and optional exact version while preserving original selection references (5.822247ms)
ℹ tests 156
ℹ suites 0
ℹ pass 156
ℹ fail 0
ℹ cancelled 0
ℹ skipped 0
ℹ todo 0
ℹ duration_ms 2447.528511
